<*GNU-Linker-generated-mapfile*> 
Archive member included to satisfy reference by file (symbol)

C:\Program Files\dSPACE RCPHIL 2021-A\DS1202\Lib/librtversion.a(RtVersion.o)
                              (--whole-archive)
C:\Program Files\dSPACE RCPHIL 2021-A\DS1202\Lib/librtglobals.a(DsEESPort.o)
                              (--whole-archive)
C:\Program Files\dSPACE RCPHIL 2021-A\DS1202\Lib/libm_fastpow.a(w_pow.o)
                              C:\Program Files\dSPACE RCPHIL 2021-A\DS1202\Lib/librt1202.so (pow)
C:\Program Files\dSPACE RCPHIL 2021-A\DS1202\Lib/libm_fastpow.a(e_pow.o)
                              C:\Program Files\dSPACE RCPHIL 2021-A\DS1202\Lib/libm_fastpow.a(w_pow.o) (__ieee754_pow)
C:\Program Files\dSPACE RCPHIL 2021-A\DS1202\Lib/libm_fastpow.a(s_scalbn.o)
                              C:\Program Files\dSPACE RCPHIL 2021-A\DS1202\Lib/libm_fastpow.a(e_pow.o) (scalbn)

As-needed library included to satisfy reference by file (symbol)

libDsRealTimeTestingRP.so.1   rti_sim_engine.o07 (dsrtt_script_service_pre_computation)

Memory Configuration

Name             Origin             Length             Attributes
*default*        0x0000000000000000 0xffffffffffffffff

Linker script and memory map

LOAD C:\ProgramData\dSPACE\7290F786-B6F7-4BA3-9178-C21B0382F310\Compiler\QNX650_520\target\qnx6/ppcbe/lib/crt1.o
LOAD C:\ProgramData\dSPACE\7290F786-B6F7-4BA3-9178-C21B0382F310\Compiler\QNX650_520\target\qnx6/ppcbe/lib/crti.o
LOAD c:/programdata/dspace/7290f786-b6f7-4ba3-9178-c21b0382f310/compiler/qnx650_520/host/win32/x86/usr/bin/../lib/gcc/powerpc-unknown-nto-qnx6.5.0/5.2.0/crtbegin.o
                0x0000000000000000                _DSPACE_START = 0x0
                0x0000000000000000                _DSPACE_START_ = 0x0
                0x00000000000004b2                DS_TARGET_PLATFORM = 0x4b2
START GROUP
LOAD BLDC_Demo.o07
LOAD BLDC_Demo_data.o07
LOAD BLDC_Demo_trc_ptr.o07
LOAD rtGetInf.o07
LOAD rtGetNaN.o07
LOAD rt_nonfinite.o07
LOAD rt_zcfcn.o07
LOAD rti_sim_engine.o07
LOAD rti_init_c.o07
LOAD rt_sim.o07
LOAD rti_assert.o07
LOAD C:\Program Files\dSPACE RCPHIL 2021-A\DS1202\Lib/librtcan.so
LOAD C:\Program Files\dSPACE RCPHIL 2021-A\DS1202\Lib/librtj1939.so
LOAD C:\Program Files\dSPACE RCPHIL 2021-A\DS1202\Lib/librtser.so
LOAD C:\Program Files\dSPACE RCPHIL 2021-A\DS1202\Lib/librt13xxio.so
LOAD C:\Program Files\dSPACE RCPHIL 2021-A\DS1202\Lib/librt1202.so
LOAD C:\Program Files\dSPACE RCPHIL 2021-A\DS1202\Lib/librtwrap.so
LOAD C:\Program Files\dSPACE RCPHIL 2021-A\DS1202\Lib/librtversion.a
LOAD C:\Program Files\dSPACE RCPHIL 2021-A\DS1202\Lib/librtglobals.a
LOAD C:\Program Files\dSPACE RCPHIL 2021-A\DS1202\Lib/libm_fastpow.a
END GROUP
LOAD C:\Program Files\dSPACE RCPHIL 2021-A\DS1202\Lib/libstdc++.so
LOAD C:\ProgramData\dSPACE\7290F786-B6F7-4BA3-9178-C21B0382F310\Compiler\QNX650_520\target\qnx6/ppcbe/lib/libm.so
LOAD c:/programdata/dspace/7290f786-b6f7-4ba3-9178-c21b0382f310/compiler/qnx650_520/host/win32/x86/usr/bin/../lib/gcc/powerpc-unknown-nto-qnx6.5.0/5.2.0\libgcc.a
LOAD C:\ProgramData\dSPACE\7290F786-B6F7-4BA3-9178-C21B0382F310\Compiler\QNX650_520\target\qnx6/ppcbe/lib/libc.so
LOAD C:\ProgramData\dSPACE\7290F786-B6F7-4BA3-9178-C21B0382F310\Compiler\QNX650_520\target\qnx6/ppcbe/lib\libc.a
LOAD c:/programdata/dspace/7290f786-b6f7-4ba3-9178-c21b0382f310/compiler/qnx650_520/host/win32/x86/usr/bin/../lib/gcc/powerpc-unknown-nto-qnx6.5.0/5.2.0\libgcc.a
LOAD c:/programdata/dspace/7290f786-b6f7-4ba3-9178-c21b0382f310/compiler/qnx650_520/host/win32/x86/usr/bin/../lib/gcc/powerpc-unknown-nto-qnx6.5.0/5.2.0/crtend.o
LOAD C:\ProgramData\dSPACE\7290F786-B6F7-4BA3-9178-C21B0382F310\Compiler\QNX650_520\target\qnx6/ppcbe/lib/crtn.o
                [!provide]                        PROVIDE (__stack, 0x0)
                [!provide]                        PROVIDE (___stack, 0x0)
                [!provide]                        PROVIDE (__executable_start, 0x48040000)
                0x0000000048040134                . = (0x48040000 + SIZEOF_HEADERS)

.interp         0x0000000048040134       0x14
 *(.interp)
 .interp        0x0000000048040134       0x14 C:\ProgramData\dSPACE\7290F786-B6F7-4BA3-9178-C21B0382F310\Compiler\QNX650_520\target\qnx6/ppcbe/lib/crt1.o

.note           0x0000000048040150       0x18
 .note          0x0000000048040150       0x18 C:\ProgramData\dSPACE\7290F786-B6F7-4BA3-9178-C21B0382F310\Compiler\QNX650_520\target\qnx6/ppcbe/lib/crtn.o

.note.gnu.build-id
                0x0000000048040168       0x20
 *(.note.gnu.build-id)
 .note.gnu.build-id
                0x0000000048040168       0x20 C:\ProgramData\dSPACE\7290F786-B6F7-4BA3-9178-C21B0382F310\Compiler\QNX650_520\target\qnx6/ppcbe/lib/crt1.o

.hash           0x0000000048040188      0x4c4
 *(.hash)
 .hash          0x0000000048040188      0x4c4 C:\ProgramData\dSPACE\7290F786-B6F7-4BA3-9178-C21B0382F310\Compiler\QNX650_520\target\qnx6/ppcbe/lib/crt1.o

.gnu.hash
 *(.gnu.hash)

.dynsym         0x000000004804064c      0xac0
 *(.dynsym)
 .dynsym        0x000000004804064c      0xac0 C:\ProgramData\dSPACE\7290F786-B6F7-4BA3-9178-C21B0382F310\Compiler\QNX650_520\target\qnx6/ppcbe/lib/crt1.o

.dynstr         0x000000004804110c      0xf29
 *(.dynstr)
 .dynstr        0x000000004804110c      0xf29 C:\ProgramData\dSPACE\7290F786-B6F7-4BA3-9178-C21B0382F310\Compiler\QNX650_520\target\qnx6/ppcbe/lib/crt1.o

.gnu.version    0x0000000048042036        0x0
 *(.gnu.version)
 .gnu.version   0x0000000048042036        0x0 C:\ProgramData\dSPACE\7290F786-B6F7-4BA3-9178-C21B0382F310\Compiler\QNX650_520\target\qnx6/ppcbe/lib/crt1.o

.gnu.version_d  0x0000000048042038        0x0
 *(.gnu.version_d)
 .gnu.version_d
                0x0000000048042038        0x0 C:\ProgramData\dSPACE\7290F786-B6F7-4BA3-9178-C21B0382F310\Compiler\QNX650_520\target\qnx6/ppcbe/lib/crt1.o

.gnu.version_r  0x0000000048042038        0x0
 *(.gnu.version_r)
 .gnu.version_r
                0x0000000048042038        0x0 C:\ProgramData\dSPACE\7290F786-B6F7-4BA3-9178-C21B0382F310\Compiler\QNX650_520\target\qnx6/ppcbe/lib/crt1.o

.rel.dyn
 *(.rel.init)
 *(.rel.text .rel.text.* .rel.gnu.linkonce.t.*)
 *(.rel.fini)
 *(.rel.rodata .rel.rodata.* .rel.gnu.linkonce.r.*)
 *(.rel.data.rel.ro* .rel.gnu.linkonce.d.rel.ro.*)
 *(.rel.data .rel.data.* .rel.gnu.linkonce.d.*)
 *(.rel.tdata .rel.tdata.* .rel.gnu.linkonce.td.*)
 *(.rel.tbss .rel.tbss.* .rel.gnu.linkonce.tb.*)
 *(.rel.ctors)
 *(.rel.dtors)
 *(.rel.got)
 *(.rel.sdata .rel.sdata.* .rel.gnu.linkonce.s.*)
 *(.rel.sbss .rel.sbss.* .rel.gnu.linkonce.sb.*)
 *(.rel.sdata2 .rel.sdata2.* .rel.gnu.linkonce.s2.*)
 *(.rel.sbss2 .rel.sbss2.* .rel.gnu.linkonce.sb2.*)
 *(.rel.bss .rel.bss.* .rel.gnu.linkonce.b.*)

.rela.dyn       0x0000000048042038       0x6c
 *(.rela.init)
 *(.rela.text .rela.text.* .rela.gnu.linkonce.t.*)
 .rela.text     0x0000000048042038        0x0 C:\ProgramData\dSPACE\7290F786-B6F7-4BA3-9178-C21B0382F310\Compiler\QNX650_520\target\qnx6/ppcbe/lib/crt1.o
 *(.rela.fini)
 *(.rela.rodata .rela.rodata.* .rela.gnu.linkonce.r.*)
 .rela.rodata   0x0000000048042038        0x0 C:\ProgramData\dSPACE\7290F786-B6F7-4BA3-9178-C21B0382F310\Compiler\QNX650_520\target\qnx6/ppcbe/lib/crt1.o
 *(.rela.data .rela.data.* .rela.gnu.linkonce.d.*)
 *(.rela.tdata .rela.tdata.* .rela.gnu.linkonce.td.*)
 *(.rela.tbss .rela.tbss.* .rela.gnu.linkonce.tb.*)
 *(.rela.ctors)
 *(.rela.dtors)
 *(.rela.got)
 .rela.got      0x0000000048042038       0x48 C:\ProgramData\dSPACE\7290F786-B6F7-4BA3-9178-C21B0382F310\Compiler\QNX650_520\target\qnx6/ppcbe/lib/crt1.o
 *(.rela.got1)
 *(.rela.got2)
 *(.rela.sdata .rela.sdata.* .rela.gnu.linkonce.s.*)
 *(.rela.sbss .rela.sbss.* .rela.gnu.linkonce.sb.*)
 .rela.sbss     0x0000000048042080        0x0 C:\ProgramData\dSPACE\7290F786-B6F7-4BA3-9178-C21B0382F310\Compiler\QNX650_520\target\qnx6/ppcbe/lib/crt1.o
 *(.rela.sdata2 .rela.sdata2.* .rela.gnu.linkonce.s2.*)
 *(.rela.sbss2 .rela.sbss2.* .rela.gnu.linkonce.sb2.*)
 *(.rela.bss .rela.bss.* .rela.gnu.linkonce.b.*)
 .rela.bss      0x0000000048042080       0x24 C:\ProgramData\dSPACE\7290F786-B6F7-4BA3-9178-C21B0382F310\Compiler\QNX650_520\target\qnx6/ppcbe/lib/crt1.o
 .rela.iplt     0x00000000480420a4        0x0 C:\ProgramData\dSPACE\7290F786-B6F7-4BA3-9178-C21B0382F310\Compiler\QNX650_520\target\qnx6/ppcbe/lib/crt1.o

.rel.plt
 *(.rel.plt)

.rela.plt       0x00000000480420a4      0x72c
 *(.rela.plt)
 .rela.plt      0x00000000480420a4      0x72c C:\ProgramData\dSPACE\7290F786-B6F7-4BA3-9178-C21B0382F310\Compiler\QNX650_520\target\qnx6/ppcbe/lib/crt1.o

.init           0x00000000480427d0       0x24
 *(.init)
 .init          0x00000000480427d0        0xc C:\ProgramData\dSPACE\7290F786-B6F7-4BA3-9178-C21B0382F310\Compiler\QNX650_520\target\qnx6/ppcbe/lib/crti.o
                0x00000000480427d0                _init
 .init          0x00000000480427dc        0x4 c:/programdata/dspace/7290f786-b6f7-4ba3-9178-c21b0382f310/compiler/qnx650_520/host/win32/x86/usr/bin/../lib/gcc/powerpc-unknown-nto-qnx6.5.0/5.2.0/crtbegin.o
 .init          0x00000000480427e0        0x4 c:/programdata/dspace/7290f786-b6f7-4ba3-9178-c21b0382f310/compiler/qnx650_520/host/win32/x86/usr/bin/../lib/gcc/powerpc-unknown-nto-qnx6.5.0/5.2.0/crtend.o
 .init          0x00000000480427e4       0x10 C:\ProgramData\dSPACE\7290F786-B6F7-4BA3-9178-C21B0382F310\Compiler\QNX650_520\target\qnx6/ppcbe/lib/crtn.o

.text           0x0000000048042800     0x63fc
                0x0000000048042800                _btext = .
 *(.text .stub .text.* .gnu.linkonce.t.*)
 .text          0x0000000048042800      0x118 C:\ProgramData\dSPACE\7290F786-B6F7-4BA3-9178-C21B0382F310\Compiler\QNX650_520\target\qnx6/ppcbe/lib/crt1.o
                0x0000000048042800                _start
 .text          0x0000000048042918        0x0 C:\ProgramData\dSPACE\7290F786-B6F7-4BA3-9178-C21B0382F310\Compiler\QNX650_520\target\qnx6/ppcbe/lib/crti.o
 .text          0x0000000048042918      0x2b0 c:/programdata/dspace/7290f786-b6f7-4ba3-9178-c21b0382f310/compiler/qnx650_520/host/win32/x86/usr/bin/../lib/gcc/powerpc-unknown-nto-qnx6.5.0/5.2.0/crtbegin.o
 *fill*         0x0000000048042bc8        0x8 00000000
 .text          0x0000000048042bd0     0x2f4c BLDC_Demo.o07
                0x0000000048042bd0                look1_binlxpw
                0x0000000048042ce0                mul_wide_su32
                0x0000000048042d90                look1_iu8lu32n31Ds16_binlcf
                0x0000000048042ee0                mul_ssu32_loSR
                0x0000000048042f30                div_nzp_repeat_u32
                0x0000000048042f80                rt_modd_snf
                0x0000000048043140                BLDC_Demo_Control_Reset
                0x0000000048043200                BLDC_Demo_Control_Init
                0x0000000048043210                BLDC_Demo_Control
                0x0000000048045030                BLDC_Demo_Control_Term
                0x00000000480450a0                BLDC_Demo_output
                0x0000000048045890                BLDC_Demo_update
                0x0000000048045940                BLDC_Demo_initialize
                0x0000000048045ae0                BLDC_Demo_terminate
 .text          0x0000000048045b1c        0x0 BLDC_Demo_data.o07
 .text          0x0000000048045b1c      0x1d4 BLDC_Demo_trc_ptr.o07
                0x0000000048045cbc                BLDC_Demo_rti_init_trc_pointers
 .text          0x0000000048045cf0       0x5c rtGetInf.o07
                0x0000000048045cf0                rtGetInf
                0x0000000048045d10                rtGetInfF
                0x0000000048045d20                rtGetMinusInf
                0x0000000048045d40                rtGetMinusInfF
 *fill*         0x0000000048045d4c        0x4 00000000
 .text          0x0000000048045d50       0x3c rtGetNaN.o07
                0x0000000048045d50                rtGetNaN
                0x0000000048045d80                rtGetNaNF
 *fill*         0x0000000048045d8c        0x4 00000000
 .text          0x0000000048045d90      0x158 rt_nonfinite.o07
                0x0000000048045d90                rt_InitInfAndNaN
                0x0000000048045df0                rtIsInf
                0x0000000048045e20                rtIsInfF
                0x0000000048045e50                rtIsNaN
                0x0000000048045ea0                rtIsNaNF
 *fill*         0x0000000048045ee8        0x8 00000000
 .text          0x0000000048045ef0       0xf8 rt_zcfcn.o07
                0x0000000048045ef0                rt_ZCFcn
 *fill*         0x0000000048045fe8        0x8 00000000
 .text          0x0000000048045ff0      0xa74 rti_sim_engine.o07
                0x00000000480469f0                rtk_idle_function
                0x0000000048046a00                rti_th_timertask1_trigger_source
                0x0000000048046a50                initConditions
                0x0000000048046a60                initVariables
 .text.unlikely
                0x0000000048046a64       0x78 rti_sim_engine.o07
 *fill*         0x0000000048046adc        0x4 00000000
 .text.startup  0x0000000048046ae0     0x150c rti_sim_engine.o07
                0x0000000048046ae0                main
 *fill*         0x0000000048047fec        0x4 00000000
 .text          0x0000000048047ff0       0x40 rti_init_c.o07
                0x0000000048047ff0                rti_init
 .text          0x0000000048048030       0x44 rt_sim.o07
                0x0000000048048030                rt_SimInitTimingEngine
                0x0000000048048060                rt_SimGetNextSampleHit
                0x0000000048048070                rt_SimUpdateDiscreteTaskSampleHits
 *fill*         0x0000000048048074        0xc 00000000
 .text          0x0000000048048080       0xd4 rti_assert.o07
                0x0000000048048080                rti_assertion_handler
                0x0000000048048110                rti_assertion_mode_msg
 .text          0x0000000048048154        0x0 C:\Program Files\dSPACE RCPHIL 2021-A\DS1202\Lib/librtversion.a(RtVersion.o)
 *fill*         0x0000000048048154        0xc 00000000
 .text          0x0000000048048160        0x4 C:\Program Files\dSPACE RCPHIL 2021-A\DS1202\Lib/librtglobals.a(DsEESPort.o)
                0x0000000048048160                DsEesPort_init()
 .text          0x0000000048048164       0x20 C:\Program Files\dSPACE RCPHIL 2021-A\DS1202\Lib/libm_fastpow.a(w_pow.o)
                0x0000000048048164                pow
 .text          0x0000000048048184      0x85c C:\Program Files\dSPACE RCPHIL 2021-A\DS1202\Lib/libm_fastpow.a(e_pow.o)
                0x0000000048048184                __ieee754_pow
 .text          0x00000000480489e0      0x188 C:\Program Files\dSPACE RCPHIL 2021-A\DS1202\Lib/libm_fastpow.a(s_scalbn.o)
                0x00000000480489e0                scalbn
 .text          0x0000000048048b68       0x94 c:/programdata/dspace/7290f786-b6f7-4ba3-9178-c21b0382f310/compiler/qnx650_520/host/win32/x86/usr/bin/../lib/gcc/powerpc-unknown-nto-qnx6.5.0/5.2.0/crtend.o
 .text          0x0000000048048bfc        0x0 C:\ProgramData\dSPACE\7290F786-B6F7-4BA3-9178-C21B0382F310\Compiler\QNX650_520\target\qnx6/ppcbe/lib/crtn.o
 *(.gnu.warning)
 *(.glink)
 .glink         0x0000000048048bfc        0x0 C:\ProgramData\dSPACE\7290F786-B6F7-4BA3-9178-C21B0382F310\Compiler\QNX650_520\target\qnx6/ppcbe/lib/crt1.o

.fini           0x0000000048048bfc       0x20
 *(.fini)
 .fini          0x0000000048048bfc        0xc C:\ProgramData\dSPACE\7290F786-B6F7-4BA3-9178-C21B0382F310\Compiler\QNX650_520\target\qnx6/ppcbe/lib/crti.o
                0x0000000048048bfc                _fini
 .fini          0x0000000048048c08        0x4 c:/programdata/dspace/7290f786-b6f7-4ba3-9178-c21b0382f310/compiler/qnx650_520/host/win32/x86/usr/bin/../lib/gcc/powerpc-unknown-nto-qnx6.5.0/5.2.0/crtbegin.o
 .fini          0x0000000048048c0c       0x10 C:\ProgramData\dSPACE\7290F786-B6F7-4BA3-9178-C21B0382F310\Compiler\QNX650_520\target\qnx6/ppcbe/lib/crtn.o
                [!provide]                        PROVIDE (__etext, .)
                0x0000000048048c1c                PROVIDE (_etext, .)
                [!provide]                        PROVIDE (etext, .)

.rodata         0x0000000048048c20      0x668
 *(.rodata .rodata.* .gnu.linkonce.r.*)
 .rodata        0x0000000048048c20        0x4 BLDC_Demo.o07
                0x0000000048048c20                BLDC_Demo_M
 .rodata.cst4   0x0000000048048c24       0x38 BLDC_Demo.o07
 *fill*         0x0000000048048c5c        0x4 
 .rodata.cst8   0x0000000048048c60        0x8 BLDC_Demo.o07
 .rodata.str1.4
                0x0000000048048c68       0x12 BLDC_Demo.o07
 *fill*         0x0000000048048c7a        0x2 
 .rodata.cst4   0x0000000048048c7c        0x8 rtGetInf.o07
 .rodata.cst4   0x0000000048048c84        0x4 rtGetNaN.o07
 .rodata        0x0000000048048c88       0x13 rt_zcfcn.o07
 .rodata.cst4   0x0000000048048c9b        0x4 rt_zcfcn.o07
 *fill*         0x0000000048048c9b        0x5 
 .rodata        0x0000000048048ca0       0xfc rti_sim_engine.o07
                0x0000000048048d90                rtiDataSetStorageEnabled
                0x0000000048048d94                p_dsts_sum_of_reset_time
                0x0000000048048d98                p_msg_last_error_no
 .rodata.cst4   0x0000000048048d9c        0x8 rti_sim_engine.o07
                                         0x10 (size before relaxing)
 *fill*         0x0000000048048da4        0x4 
 .rodata.cst8   0x0000000048048da8       0x10 rti_sim_engine.o07
                                         0x18 (size before relaxing)
 .rodata.str1.4
                0x0000000048048db8      0x29c rti_sim_engine.o07
 .rodata.cst4   0x0000000048049054        0x8 rt_sim.o07
 .rodata.str1.4
                0x0000000048049054       0x71 rt_sim.o07
 *fill*         0x00000000480490c5        0x3 
 .rodata.str1.4
                0x00000000480490c8       0x70 rti_assert.o07
                                         0x6d (size before relaxing)
 .rodata        0x0000000048049138       0x30 C:\Program Files\dSPACE RCPHIL 2021-A\DS1202\Lib/libm_fastpow.a(e_pow.o)
 .rodata.cst4   0x0000000048049168        0x8 C:\Program Files\dSPACE RCPHIL 2021-A\DS1202\Lib/libm_fastpow.a(e_pow.o)
 .rodata.cst8   0x0000000048049170       0xe8 C:\Program Files\dSPACE RCPHIL 2021-A\DS1202\Lib/libm_fastpow.a(e_pow.o)
 .rodata.cst8   0x0000000048049258       0x30 C:\Program Files\dSPACE RCPHIL 2021-A\DS1202\Lib/libm_fastpow.a(s_scalbn.o)

.rodata1
 *(.rodata1)

.sdata2         0x0000000048049288        0x0
                0x0000000000008000                PROVIDE (_SDA2_BASE_, 0x8000)
 *(.sdata2 .sdata2.* .gnu.linkonce.s2.*)
 .sdata2        0x0000000048049288        0x0 C:\ProgramData\dSPACE\7290F786-B6F7-4BA3-9178-C21B0382F310\Compiler\QNX650_520\target\qnx6/ppcbe/lib/crt1.o

.sbss2
 *(.sbss2 .sbss2.* .gnu.linkonce.sb2.*)

.eh_frame_hdr   0x0000000048049288       0x14
 *(.eh_frame_hdr)
 .eh_frame_hdr  0x0000000048049288       0x14 C:\Program Files\dSPACE RCPHIL 2021-A\DS1202\Lib/librtglobals.a(DsEESPort.o)

.eh_frame       0x000000004804929c       0x2c
 *(.eh_frame)
 .eh_frame      0x000000004804929c        0x0 C:\ProgramData\dSPACE\7290F786-B6F7-4BA3-9178-C21B0382F310\Compiler\QNX650_520\target\qnx6/ppcbe/lib/crt1.o
 .eh_frame      0x000000004804929c        0x0 c:/programdata/dspace/7290f786-b6f7-4ba3-9178-c21b0382f310/compiler/qnx650_520/host/win32/x86/usr/bin/../lib/gcc/powerpc-unknown-nto-qnx6.5.0/5.2.0/crtbegin.o
 .eh_frame      0x000000004804929c       0x28 C:\Program Files\dSPACE RCPHIL 2021-A\DS1202\Lib/librtglobals.a(DsEESPort.o)
 .eh_frame      0x00000000480492c4        0x4 c:/programdata/dspace/7290f786-b6f7-4ba3-9178-c21b0382f310/compiler/qnx650_520/host/win32/x86/usr/bin/../lib/gcc/powerpc-unknown-nto-qnx6.5.0/5.2.0/crtend.o

.gcc_except_table
 *(.gcc_except_table .gcc_except_table.*)
                0x00000000480492c8                . = (ALIGN (0x1000) - ((0x1000 - .) & 0xfff))
                0x000000004804a000                . = DATA_SEGMENT_ALIGN (0x1000, 0x1000)

.eh_frame
 *(.eh_frame)

.gcc_except_table
 *(.gcc_except_table .gcc_except_table.*)

.tdata
 *(.tdata .tdata.* .gnu.linkonce.td.*)

.tbss
 *(.tbss .tbss.* .gnu.linkonce.tb.*)
 *(.tcommon)

.preinit_array  0x000000004804a000        0x0
                0x000000004804a000                PROVIDE (__preinit_array_start, .)
 *(.preinit_array)
                0x000000004804a000                PROVIDE (__preinit_array_end, .)

.init_array     0x000000004804a000        0x0
                0x000000004804a000                PROVIDE (__init_array_start, .)
 *(SORT(.init_array.*))
 *(.init_array)
                0x000000004804a000                PROVIDE (__init_array_end, .)

.fini_array     0x000000004804a000        0x0
                0x000000004804a000                PROVIDE (__fini_array_start, .)
 *(.fini_array)
 *(SORT(.fini_array.*))
                0x000000004804a000                PROVIDE (__fini_array_end, .)

.ctors          0x000000004804a000        0x8
 *crtbegin.o(.ctors)
 .ctors         0x000000004804a000        0x4 c:/programdata/dspace/7290f786-b6f7-4ba3-9178-c21b0382f310/compiler/qnx650_520/host/win32/x86/usr/bin/../lib/gcc/powerpc-unknown-nto-qnx6.5.0/5.2.0/crtbegin.o
 *crtbegin?.o(.ctors)
 *(EXCLUDE_FILE(*crtend?.o *crtend.o) .ctors)
 *(SORT(.ctors.*))
 *(.ctors)
 .ctors         0x000000004804a004        0x4 c:/programdata/dspace/7290f786-b6f7-4ba3-9178-c21b0382f310/compiler/qnx650_520/host/win32/x86/usr/bin/../lib/gcc/powerpc-unknown-nto-qnx6.5.0/5.2.0/crtend.o

.dtors          0x000000004804a008        0x8
 *crtbegin.o(.dtors)
 .dtors         0x000000004804a008        0x4 c:/programdata/dspace/7290f786-b6f7-4ba3-9178-c21b0382f310/compiler/qnx650_520/host/win32/x86/usr/bin/../lib/gcc/powerpc-unknown-nto-qnx6.5.0/5.2.0/crtbegin.o
 *crtbegin?.o(.dtors)
 *(EXCLUDE_FILE(*crtend?.o *crtend.o) .dtors)
 *(SORT(.dtors.*))
 *(.dtors)
 .dtors         0x000000004804a00c        0x4 c:/programdata/dspace/7290f786-b6f7-4ba3-9178-c21b0382f310/compiler/qnx650_520/host/win32/x86/usr/bin/../lib/gcc/powerpc-unknown-nto-qnx6.5.0/5.2.0/crtend.o
                0x000000004804a00c                __DTOR_END__

.jcr            0x000000004804a010        0x4
 *(.jcr)
 .jcr           0x000000004804a010        0x0 c:/programdata/dspace/7290f786-b6f7-4ba3-9178-c21b0382f310/compiler/qnx650_520/host/win32/x86/usr/bin/../lib/gcc/powerpc-unknown-nto-qnx6.5.0/5.2.0/crtbegin.o
 .jcr           0x000000004804a010        0x4 c:/programdata/dspace/7290f786-b6f7-4ba3-9178-c21b0382f310/compiler/qnx650_520/host/win32/x86/usr/bin/../lib/gcc/powerpc-unknown-nto-qnx6.5.0/5.2.0/crtend.o

.data.rel.ro
 *(.data.rel.ro.local* .gnu.linkonce.d.rel.ro.local.*)
 *(.data.rel.ro* .gnu.linkonce.d.rel.ro.*)

.fixup
 *(.fixup)

.got1
 *(.got1)

.got2
 *(.got2)

.dynamic        0x000000004804a014      0x100
 *(.dynamic)
 .dynamic       0x000000004804a014      0x100 C:\ProgramData\dSPACE\7290F786-B6F7-4BA3-9178-C21B0382F310\Compiler\QNX650_520\target\qnx6/ppcbe/lib/crt1.o
                0x000000004804a014                _DYNAMIC

.got
 *(.got)
                0x000000004804a114                . = DATA_SEGMENT_RELRO_END (., 0x0)

.plt
 *(.plt)

.data           0x000000004804a118      0x890
 *(.data .data.* .gnu.linkonce.d.*)
 .data          0x000000004804a118        0x0 C:\ProgramData\dSPACE\7290F786-B6F7-4BA3-9178-C21B0382F310\Compiler\QNX650_520\target\qnx6/ppcbe/lib/crt1.o
 .data          0x000000004804a118        0x0 C:\ProgramData\dSPACE\7290F786-B6F7-4BA3-9178-C21B0382F310\Compiler\QNX650_520\target\qnx6/ppcbe/lib/crti.o
 .data          0x000000004804a118        0x0 c:/programdata/dspace/7290f786-b6f7-4ba3-9178-c21b0382f310/compiler/qnx650_520/host/win32/x86/usr/bin/../lib/gcc/powerpc-unknown-nto-qnx6.5.0/5.2.0/crtbegin.o
 .data.rel.local
                0x000000004804a118        0x4 c:/programdata/dspace/7290f786-b6f7-4ba3-9178-c21b0382f310/compiler/qnx650_520/host/win32/x86/usr/bin/../lib/gcc/powerpc-unknown-nto-qnx6.5.0/5.2.0/crtbegin.o
                0x000000004804a118                __dso_handle
 .data          0x000000004804a11c        0x0 BLDC_Demo.o07
 *fill*         0x000000004804a11c        0x4 
 .data          0x000000004804a120      0x868 BLDC_Demo_data.o07
                0x000000004804a120                BLDC_Demo_P
 .data          0x000000004804a988        0x0 BLDC_Demo_trc_ptr.o07
 .data          0x000000004804a988        0x0 rtGetInf.o07
 .data          0x000000004804a988        0x0 rtGetNaN.o07
 .data          0x000000004804a988        0x0 rt_nonfinite.o07
 .data          0x000000004804a988        0x0 rt_zcfcn.o07
 .data          0x000000004804a988       0x14 rti_sim_engine.o07
                0x000000004804a988                simState
                0x000000004804a998                lastSimState
 .data          0x000000004804a99c        0x0 rti_init_c.o07
 .data          0x000000004804a99c        0x0 rt_sim.o07
 .data          0x000000004804a99c        0x0 rti_assert.o07
 .data          0x000000004804a99c        0x0 C:\Program Files\dSPACE RCPHIL 2021-A\DS1202\Lib/librtversion.a(RtVersion.o)
 .data          0x000000004804a99c        0x0 C:\Program Files\dSPACE RCPHIL 2021-A\DS1202\Lib/librtglobals.a(DsEESPort.o)
 .data.rel      0x000000004804a99c        0xc C:\Program Files\dSPACE RCPHIL 2021-A\DS1202\Lib/librtglobals.a(DsEESPort.o)
                0x000000004804a99c                p_xilapi_eesport_errorswitching_uint32_T
                0x000000004804a9a0                p_xilapi_eesport_erroractivated_uint32_T
                0x000000004804a9a4                p_xilapi_eesport_activeerrorset_uint32_T
 .data          0x000000004804a9a8        0x0 C:\Program Files\dSPACE RCPHIL 2021-A\DS1202\Lib/libm_fastpow.a(w_pow.o)
 .data          0x000000004804a9a8        0x0 C:\Program Files\dSPACE RCPHIL 2021-A\DS1202\Lib/libm_fastpow.a(e_pow.o)
 .data          0x000000004804a9a8        0x0 C:\Program Files\dSPACE RCPHIL 2021-A\DS1202\Lib/libm_fastpow.a(s_scalbn.o)
 .data          0x000000004804a9a8        0x0 c:/programdata/dspace/7290f786-b6f7-4ba3-9178-c21b0382f310/compiler/qnx650_520/host/win32/x86/usr/bin/../lib/gcc/powerpc-unknown-nto-qnx6.5.0/5.2.0/crtend.o
 .data          0x000000004804a9a8        0x0 C:\ProgramData\dSPACE\7290F786-B6F7-4BA3-9178-C21B0382F310\Compiler\QNX650_520\target\qnx6/ppcbe/lib/crtn.o

.tm_clone_table
                0x000000004804a9a8        0x0
 .tm_clone_table
                0x000000004804a9a8        0x0 c:/programdata/dspace/7290f786-b6f7-4ba3-9178-c21b0382f310/compiler/qnx650_520/host/win32/x86/usr/bin/../lib/gcc/powerpc-unknown-nto-qnx6.5.0/5.2.0/crtbegin.o
 .tm_clone_table
                0x000000004804a9a8        0x0 c:/programdata/dspace/7290f786-b6f7-4ba3-9178-c21b0382f310/compiler/qnx650_520/host/win32/x86/usr/bin/../lib/gcc/powerpc-unknown-nto-qnx6.5.0/5.2.0/crtend.o

.data1
 *(.data1)

.got            0x000000004804a9a8       0x54
 *(.got)
 .got           0x000000004804a9a8       0x54 C:\ProgramData\dSPACE\7290F786-B6F7-4BA3-9178-C21B0382F310\Compiler\QNX650_520\target\qnx6/ppcbe/lib/crt1.o
                0x000000004804a9f0                _GLOBAL_OFFSET_TABLE_

.sdata          0x000000004804a9fc        0x0
                0x0000000000008000                PROVIDE (_SDA_BASE_, 0x8000)
 *(.sdata .sdata.* .gnu.linkonce.s.*)
 .sdata         0x000000004804a9fc        0x0 C:\ProgramData\dSPACE\7290F786-B6F7-4BA3-9178-C21B0382F310\Compiler\QNX650_520\target\qnx6/ppcbe/lib/crt1.o
                0x000000004804a9fc                _edata = .
                [!provide]                        PROVIDE (edata, .)
                0x000000004804a9fc                __bss_start = .

.sbss           0x000000004804a9fc        0x0
                [!provide]                        PROVIDE (__sbss_start, .)
                [!provide]                        PROVIDE (___sbss_start, .)
 *(.dynsbss)
 .dynsbss       0x000000004804a9fc        0x0 C:\ProgramData\dSPACE\7290F786-B6F7-4BA3-9178-C21B0382F310\Compiler\QNX650_520\target\qnx6/ppcbe/lib/crt1.o
 *(.sbss .sbss.* .gnu.linkonce.sb.*)
 *(.scommon)
                [!provide]                        PROVIDE (__sbss_end, .)
                [!provide]                        PROVIDE (___sbss_end, .)

.plt            0x000000004804a9fc      0x774
 *(.plt)
 .plt           0x000000004804a9fc      0x774 C:\ProgramData\dSPACE\7290F786-B6F7-4BA3-9178-C21B0382F310\Compiler\QNX650_520\target\qnx6/ppcbe/lib/crt1.o
                0x000000004804aa44                DioCl1HallIn_setSigEdgePositions
                0x000000004804aa4c                DioCl1EncoderIn_getIsIndexRaised
                0x000000004804aa54                ts_reset
                0x000000004804aa5c                __register_frame_info
                0x000000004804aa64                msg_error_clear
                0x000000004804aa6c                AdcCl1AnalogIn_read
                0x000000004804aa74                DioCl1EncoderIn_setGatedMode
                0x000000004804aa7c                dsrtt_set_current_time
                0x000000004804aa84                sqrt
                0x000000004804aa8c                rtk_current_task_absolute_time_ptr_get
                0x000000004804aa94                DioCl1BcPwmOut_stop
                0x000000004804aa9c                DsTimeSync_simstateRun
                0x000000004804aaa4                DioCl1PwmOut_setPeriod
                0x000000004804aaac                DioCl1BcPwmOut_setInterruptMode
                0x000000004804aab4                floor
                0x000000004804aabc                DioCl1HallIn_write
                0x000000004804aac4                DioCl1HallIn_start
                0x000000004804aacc                DioCl1PwmOut_setOutputHighZ
                0x000000004804aad4                rtk_setup_temp_overrun_handling
                0x000000004804aadc                DioCl1DigOut_setChMaskOutData
                0x000000004804aae4                SrtkIntBase_requestTaskMode
                0x000000004804aaec                rtk_reset_tasks
                0x000000004804aaf4                DioCl1BcPwmOut_setDutyCycle
                0x000000004804aafc                DioCl1BcPwmOut_setDirection
                0x000000004804ab04                DioCl1BcPwmOut_setOutputHighZ
                0x000000004804ab0c                DioCl1BcPwmOut_write
                0x000000004804ab14                DioCl1EncoderIn_setIndexMode
                0x000000004804ab1c                Acu_setInputSensor
                0x000000004804ab24                DioCl1BcPwmOut_setAcu
                0x000000004804ab2c                __cxa_finalize
                0x000000004804ab34                DioCl1HallIn_setReverseDirection
                0x000000004804ab3c                Acu_getMotorSpeed
                0x000000004804ab44                _init_array
                0x000000004804ab4c                rtk_set_task_type
                0x000000004804ab54                DioCl1BcPwmOut_setStationarySignal
                0x000000004804ab5c                DsTimeSync_baserate
                0x000000004804ab64                rtk_task_name_set
                0x000000004804ab6c                Acu_setMotorPolePairCount
                0x000000004804ab74                DioCl1DigOut_setChMaskOutHighZ
                0x000000004804ab7c                dsrtt_script_service_post_computation
                0x000000004804ab84                rtk_create_task
                0x000000004804ab8c                msg_warning_printf
                0x000000004804ab94                DioCl1EncoderIn_setMaxPosition
                0x000000004804ab9c                DioCl1EncoderIn_setMinPosition
                0x000000004804aba4                DioCl1HallIn_getSensorSignals
                0x000000004804abac                DioCl1PwmOut_start
                0x000000004804abb4                msg_last_error_number
                0x000000004804abbc                AdcCl1AnalogIn_setConversTrigger
                0x000000004804abc4                DioCl1BcPwmOut_setSectorPositions
                0x000000004804abcc                DioCl1BcPwmOut_start
                0x000000004804abd4                dsparam_copy_data_set
                0x000000004804abdc                SrtkPreload_preloadRegion
                0x000000004804abe4                Acu_read
                0x000000004804abec                msg_error_set
                0x000000004804abf4                DioCl1BcPwmOut_setSectorCount
                0x000000004804abfc                rtk_enable_services
                0x000000004804ac04                SrtkDaq_Init
                0x000000004804ac0c                Acu_getElecPosition
                0x000000004804ac14                DioCl1DigOut_setSignalVoltage
                0x000000004804ac1c                rtk_task_task_calls_get
                0x000000004804ac24                DsTimeSync_setCurrentTimePtr
                0x000000004804ac2c                SrtkIntBase_enableIntGlobal
                0x000000004804ac34                Acu_getIsElecPosValid
                0x000000004804ac3c                DioCl1BcPwmOut_setSignalVoltage
                0x000000004804ac44                AdcCl1AnalogIn_setConversionMode
                0x000000004804ac4c                rtk_overrun_flag_clear
                0x000000004804ac54                DioCl1EncoderIn_getMechPosition
                0x000000004804ac5c                rtk_bind_interrupt
                0x000000004804ac64                DioCl1PwmOut_apply
                0x000000004804ac6c                DioCl1BcPwmOut_setTriggerLineOut
                0x000000004804ac74                AdcCl1AnalogIn_apply
                0x000000004804ac7c                _init_libc
                0x000000004804ac84                dsrtt_init
                0x000000004804ac8c                DioCl1BcPwmOut_setEventDelay
                0x000000004804ac94                DioCl1HallIn_getIsPositionValid
                0x000000004804ac9c                DioCl1EncoderIn_setMeasurementInterval
                0x000000004804aca4                DioCl1EncoderIn_read
                0x000000004804acac                DioCl1DigOut_write
                0x000000004804acb4                SrtkApp_terminate
                0x000000004804acbc                DioCl1DigOut_start
                0x000000004804acc4                DioCl1BcPwmOut_setOutputMode
                0x000000004804accc                DioCl1PwmOut_setDutyCycle
                0x000000004804acd4                msg_info_set
                0x000000004804acdc                DioCl1EncoderIn_getMechVelocity
                0x000000004804ace4                SensorSupply_create
                0x000000004804acec                DioCl1PwmOut_create
                0x000000004804acf4                dsrtt_script_service_pre_computation
                0x000000004804acfc                msg_error_printf
                0x000000004804ad04                DioCl1BcPwmOut_setPositionOffset
                0x000000004804ad0c                AdcCl1AnalogIn_setTriggerLineIn
                0x000000004804ad14                DioCl1BcPwmOut_create
                0x000000004804ad1c                DioCl1EncoderIn_setEncPosition
                0x000000004804ad24                DioCl1EncoderIn_setIndexPosition
                0x000000004804ad2c                memset
                0x000000004804ad34                DioCl1DigOut_create
                0x000000004804ad3c                _Sin
                0x000000004804ad44                Acu_getCurrentInputSensorNo
                0x000000004804ad4c                rtk_leave_idle_mode
                0x000000004804ad54                DioCl1EncoderIn_create
                0x000000004804ad5c                DioCl1HallIn_apply
                0x000000004804ad64                fmod
                0x000000004804ad6c                Acu_apply
                0x000000004804ad74                DioCl1BcPwmOut_setRisingEdgeDelay
                0x000000004804ad7c                __wrap_exit
                0x000000004804ad84                DioCl1DigOut_apply
                0x000000004804ad8c                __wrap_atexit
                0x000000004804ad94                AdcCl1AnalogIn_start
                0x000000004804ad9c                _fini_array
                0x000000004804ada4                SensorSupply_setVoltage
                0x000000004804adac                SrtkDaq_Background
                0x000000004804adb4                _preinit_array
                0x000000004804adbc                SrtkApp_init
                0x000000004804adc4                DioCl1PwmOut_setInvertingMode
                0x000000004804adcc                DioCl1EncoderIn_start
                0x000000004804add4                SrtkDaq_Service
                0x000000004804addc                Acu_start
                0x000000004804ade4                rtk_task_task_name_get
                0x000000004804adec                DioCl1BcPwmOut_setSectorSignals
                0x000000004804adf4                DioCl1BcPwmOut_setUpdateMode
                0x000000004804adfc                SrtkSim_notifyStateTransition
                0x000000004804ae04                AdcCl1AnalogIn_getSingleValue
                0x000000004804ae0c                DioCl1EncoderIn_apply
                0x000000004804ae14                DioCl1EncoderIn_stop
                0x000000004804ae1c                Acu_create
                0x000000004804ae24                DioCl1HallIn_read
                0x000000004804ae2c                DioCl1BcPwmOut_setEventDownsample
                0x000000004804ae34                msg_set
                0x000000004804ae3c                SensorSupply_apply
                0x000000004804ae44                DioCl1EncoderIn_setEncoderLines
                0x000000004804ae4c                DioCl1PwmOut_setSignalVoltage
                0x000000004804ae54                rtk_get_subentry
                0x000000004804ae5c                Acu_setSensorPolePairCount
                0x000000004804ae64                DioCl1PwmOut_write
                0x000000004804ae6c                dsrtt_set_step_size
                0x000000004804ae74                rtk_enter_idle_mode
                0x000000004804ae7c                DioCl1BcPwmOut_setPeriod
                0x000000004804ae84                DioCl1PwmOut_setUpdateMode
                0x000000004804ae8c                rtk_initialize
                0x000000004804ae94                SensorSupply_setSensorState
                0x000000004804ae9c                DioCl1BcPwmOut_apply
                0x000000004804aea4                SensorSupply_start
                0x000000004804aeac                SrtkApp_background
                0x000000004804aeb4                rtk_default_overrun_fcn
                0x000000004804aebc                DioCl1HallIn_getPosition
                0x000000004804aec4                AdcCl1AnalogIn_create
                0x000000004804aecc                vcm_module_register
                0x000000004804aed4                DioCl1HallIn_create
                0x000000004804aedc                DsTimeSync_simstateStop
                0x000000004804aee4                DioCl1BcPwmOut_setTriggerMode
                0x000000004804aeec                SrtkIntBase_disableIntGlobal
                0x000000004804aef4                DioCl1HallIn_setPositionOffset
                0x000000004804aefc                SrtkSim_registerState
                0x000000004804af04                __deregister_frame_info

.bss            0x000000004804b170      0xca4
 *(.dynbss)
 .dynbss        0x000000004804b170       0x14 C:\ProgramData\dSPACE\7290F786-B6F7-4BA3-9178-C21B0382F310\Compiler\QNX650_520\target\qnx6/ppcbe/lib/crt1.o
                0x000000004804b170                errno
                0x000000004804b178                dsts_sum_of_reseted_time
                0x000000004804b180                msg_last_error_no
 *(.bss .bss.* .gnu.linkonce.b.*)
 .bss           0x000000004804b184        0x0 C:\ProgramData\dSPACE\7290F786-B6F7-4BA3-9178-C21B0382F310\Compiler\QNX650_520\target\qnx6/ppcbe/lib/crt1.o
 .bss           0x000000004804b184        0x0 C:\ProgramData\dSPACE\7290F786-B6F7-4BA3-9178-C21B0382F310\Compiler\QNX650_520\target\qnx6/ppcbe/lib/crti.o
 .bss           0x000000004804b184       0x20 c:/programdata/dspace/7290f786-b6f7-4ba3-9178-c21b0382f310/compiler/qnx650_520/host/win32/x86/usr/bin/../lib/gcc/powerpc-unknown-nto-qnx6.5.0/5.2.0/crtbegin.o
 *fill*         0x000000004804b1a4        0x4 
 .bss           0x000000004804b1a8      0xb28 BLDC_Demo.o07
                0x000000004804b1a8                BLDC_Demo_DW
                0x000000004804b2c0                BLDC_Demo_B
                0x000000004804bb88                BLDC_Demo_PrevZCX
                0x000000004804bb90                BLDC_Demo_M_
 .bss           0x000000004804bcd0        0x0 BLDC_Demo_data.o07
 .bss           0x000000004804bcd0       0x60 BLDC_Demo_trc_ptr.o07
                0x000000004804bcd0                p_0_BLDC_Demo_real_T_0
                0x000000004804bcd4                p_0_BLDC_Demo_uint32_T_1
                0x000000004804bcd8                p_0_BLDC_Demo_int32_T_2
                0x000000004804bcdc                p_0_BLDC_Demo_int16_T_3
                0x000000004804bce0                p_0_BLDC_Demo_uint8_T_4
                0x000000004804bce4                p_0_BLDC_Demo_boolean_T_5
                0x000000004804bce8                p_1_BLDC_Demo_real_T_0
                0x000000004804bcec                p_1_BLDC_Demo_boolean_T_1
                0x000000004804bcf0                p_1_BLDC_Demo_real_T_2
                0x000000004804bcf4                p_1_BLDC_Demo_struct_SPJi1DXfNcjd7Ee0UF7vjC_3
                0x000000004804bcf8                p_1_BLDC_Demo_struct_SPJi1DXfNcjd7Ee0UF7vjC_4
                0x000000004804bcfc                p_1_BLDC_Demo_struct_SPJi1DXfNcjd7Ee0UF7vjC_5
                0x000000004804bd00                p_1_BLDC_Demo_struct_SPJi1DXfNcjd7Ee0UF7vjC_6
                0x000000004804bd04                p_1_BLDC_Demo_struct_SPJi1DXfNcjd7Ee0UF7vjC_7
                0x000000004804bd08                p_1_BLDC_Demo_struct_SPJi1DXfNcjd7Ee0UF7vjC_8
                0x000000004804bd0c                p_1_BLDC_Demo_uint8_T_9
                0x000000004804bd10                p_1_BLDC_Demo_real_T_10
                0x000000004804bd14                p_1_BLDC_Demo_int16_T_11
                0x000000004804bd18                p_1_BLDC_Demo_boolean_T_12
                0x000000004804bd1c                p_1_BLDC_Demo_uint8_T_13
                0x000000004804bd20                p_2_BLDC_Demo_real_T_0
                0x000000004804bd24                p_2_BLDC_Demo_int_T_1
                0x000000004804bd28                p_2_BLDC_Demo_uint8_T_2
                0x000000004804bd2c                p_2_BLDC_Demo_int8_T_3
 .bss           0x000000004804bd30        0x0 rtGetInf.o07
 .bss           0x000000004804bd30        0x0 rtGetNaN.o07
 .bss           0x000000004804bd30       0x2c rt_nonfinite.o07
                0x000000004804bd30                rtNaN
                0x000000004804bd38                rtNaNF
                0x000000004804bd40                rtInf
                0x000000004804bd48                rtInfF
                0x000000004804bd50                rtMinusInf
                0x000000004804bd58                rtMinusInfF
 .bss           0x000000004804bd5c        0x0 rt_zcfcn.o07
 *fill*         0x000000004804bd5c        0x4 
 .bss           0x000000004804bd60       0x9c rti_sim_engine.o07
                0x000000004804bd60                currentTime
                0x000000004804bd64                finalTime
                0x000000004804bd68                modelStepSize
                0x000000004804bd70                pEmcHall_Unit1_DioCl1_Port1_Ch1
                0x000000004804bd74                pRTIEmcEncoder_Unit_1_DioCl_1_Port_1_Ch4
                0x000000004804bd78                pRTIEmcBcPwmOut_Port_1_Ch_7
                0x000000004804bd7c                pRTIDioC1PwmOut_Port_1_Ch_13
                0x000000004804bd80                pRTIDioC1DigOut_Port_1_Ch_15
                0x000000004804bd84                taskMode
                0x000000004804bd88                pRTIAdcC1AnalogIn_Ch_1
                0x000000004804bd8c                pRTIAdcC1AnalogIn_Ch_5
                0x000000004804bd90                pRTIAdcC1AnalogIn_Ch_7
                0x000000004804bd94                pRTIAdcC1AnalogIn_Ch_3
                0x000000004804bd98                pRTIAdcC1AnalogIn_Ch_2
                0x000000004804bd9c                pRTIAdcC1AnalogIn_Ch_4
                0x000000004804bda0                pRTIAdcC1AnalogIn_Ch_6
                0x000000004804bda4                pRTIAdcC1AnalogIn_Ch_8
                0x000000004804bda8                pRTI_Sensor_Supply
                0x000000004804bdac                pRTIEmcAcu_Unit_1
                0x000000004804bdb0                pRti_TIMERA_STime
                0x000000004804bdb4                pRti_TIMERA_TTime
                0x000000004804bdb8                pRti_TIMERA_TState
                0x000000004804bdbc                pRti_TIMERA_OType
                0x000000004804bdc0                pRti_TIMERA_OMax
                0x000000004804bdc4                pRti_TIMERA_ORpt
                0x000000004804bdc8                pRti_TIMERA_OCnt
                0x000000004804bdcc                pRti_TIMERA_TCnt
                0x000000004804bdd0                pRti_TIMERA_Prio
                0x000000004804bdd8                pRti_120XDIOCL1BCPWM_MID_OF_PERIODP1Ch7_TTime
                0x000000004804bddc                pRti_120XDIOCL1BCPWM_MID_OF_PERIODP1Ch7_TState
                0x000000004804bde0                pRti_120XDIOCL1BCPWM_MID_OF_PERIODP1Ch7_OType
                0x000000004804bde4                pRti_120XDIOCL1BCPWM_MID_OF_PERIODP1Ch7_OMax
                0x000000004804bde8                pRti_120XDIOCL1BCPWM_MID_OF_PERIODP1Ch7_ORpt
                0x000000004804bdec                pRti_120XDIOCL1BCPWM_MID_OF_PERIODP1Ch7_OCnt
                0x000000004804bdf0                pRti_120XDIOCL1BCPWM_MID_OF_PERIODP1Ch7_TCnt
                0x000000004804bdf4                pRti_120XDIOCL1BCPWM_MID_OF_PERIODP1Ch7_Prio
                0x000000004804bdf8                rtiAssertionMode
 .bss           0x000000004804bdfc        0x4 rti_init_c.o07
 .bss           0x000000004804be00        0x0 rt_sim.o07
 .bss           0x000000004804be00        0x0 rti_assert.o07
 .bss           0x000000004804be00        0x0 C:\Program Files\dSPACE RCPHIL 2021-A\DS1202\Lib/librtversion.a(RtVersion.o)
 .bss           0x000000004804be00       0x14 C:\Program Files\dSPACE RCPHIL 2021-A\DS1202\Lib/librtglobals.a(DsEESPort.o)
                0x000000004804be00                xilapi_eesport_trigger_uint32_T
                0x000000004804be04                xilapi_eesport_flags_uint32_T
                0x000000004804be08                xilapi_eesport_errorswitching_uint32_T
                0x000000004804be0c                xilapi_eesport_erroractivated_uint32_T
                0x000000004804be10                xilapi_eesport_activeerrorset_uint32_T
 .bss           0x000000004804be14        0x0 C:\Program Files\dSPACE RCPHIL 2021-A\DS1202\Lib/libm_fastpow.a(w_pow.o)
 .bss           0x000000004804be14        0x0 C:\Program Files\dSPACE RCPHIL 2021-A\DS1202\Lib/libm_fastpow.a(e_pow.o)
 .bss           0x000000004804be14        0x0 C:\Program Files\dSPACE RCPHIL 2021-A\DS1202\Lib/libm_fastpow.a(s_scalbn.o)
 .bss           0x000000004804be14        0x0 c:/programdata/dspace/7290f786-b6f7-4ba3-9178-c21b0382f310/compiler/qnx650_520/host/win32/x86/usr/bin/../lib/gcc/powerpc-unknown-nto-qnx6.5.0/5.2.0/crtend.o
 .bss           0x000000004804be14        0x0 C:\ProgramData\dSPACE\7290F786-B6F7-4BA3-9178-C21B0382F310\Compiler\QNX650_520\target\qnx6/ppcbe/lib/crtn.o
 *(COMMON)
                0x000000004804be14                . = ALIGN ((. != 0x0)?0x4:0x1)

.iplt           0x000000004804be20        0x0
 .iplt          0x000000004804be20        0x0 C:\ProgramData\dSPACE\7290F786-B6F7-4BA3-9178-C21B0382F310\Compiler\QNX650_520\target\qnx6/ppcbe/lib/crt1.o
                0x000000004804be20                . = ALIGN (0x4)
                0x000000004804be20                . = ALIGN (0x4)
                0x000000004804be20                __end = .
                0x000000004804be20                _end = .
                [!provide]                        PROVIDE (end, .)
                0x000000004804be20                . = DATA_SEGMENT_END (.)

.stab
 *(.stab)

.stabstr
 *(.stabstr)

.stab.excl
 *(.stab.excl)

.stab.exclstr
 *(.stab.exclstr)

.stab.index
 *(.stab.index)

.stab.indexstr
 *(.stab.indexstr)

.comment        0x0000000000000000       0x47
 *(.comment)
 .comment       0x0000000000000000       0x11 c:/programdata/dspace/7290f786-b6f7-4ba3-9178-c21b0382f310/compiler/qnx650_520/host/win32/x86/usr/bin/../lib/gcc/powerpc-unknown-nto-qnx6.5.0/5.2.0/crtbegin.o
                                         0x12 (size before relaxing)
 .comment       0x0000000000000011       0x12 BLDC_Demo.o07
 .comment       0x0000000000000011       0x12 BLDC_Demo_data.o07
 .comment       0x0000000000000011       0x12 BLDC_Demo_trc_ptr.o07
 .comment       0x0000000000000011       0x12 rtGetInf.o07
 .comment       0x0000000000000011       0x12 rtGetNaN.o07
 .comment       0x0000000000000011       0x12 rt_nonfinite.o07
 .comment       0x0000000000000011       0x12 rt_zcfcn.o07
 .comment       0x0000000000000011       0x12 rti_sim_engine.o07
 .comment       0x0000000000000011       0x12 rti_init_c.o07
 .comment       0x0000000000000011       0x12 rt_sim.o07
 .comment       0x0000000000000011       0x12 rti_assert.o07
 .comment       0x0000000000000011       0x12 C:\Program Files\dSPACE RCPHIL 2021-A\DS1202\Lib/librtversion.a(RtVersion.o)
 .comment       0x0000000000000011       0x12 C:\Program Files\dSPACE RCPHIL 2021-A\DS1202\Lib/librtglobals.a(DsEESPort.o)
 .comment       0x0000000000000011       0x12 C:\Program Files\dSPACE RCPHIL 2021-A\DS1202\Lib/libm_fastpow.a(w_pow.o)
 .comment       0x0000000000000023       0x12 C:\Program Files\dSPACE RCPHIL 2021-A\DS1202\Lib/libm_fastpow.a(e_pow.o)
 .comment       0x0000000000000035       0x12 C:\Program Files\dSPACE RCPHIL 2021-A\DS1202\Lib/libm_fastpow.a(s_scalbn.o)
 .comment       0x0000000000000047       0x12 c:/programdata/dspace/7290f786-b6f7-4ba3-9178-c21b0382f310/compiler/qnx650_520/host/win32/x86/usr/bin/../lib/gcc/powerpc-unknown-nto-qnx6.5.0/5.2.0/crtend.o

.PPC.EMB.apuinfo
                0x0000000000000000       0x18
 .PPC.EMB.apuinfo
                0x0000000000000000       0x18 BLDC_Demo.o07
 .PPC.EMB.apuinfo
                0x0000000000000018       0x18 rt_nonfinite.o07
 .PPC.EMB.apuinfo
                0x0000000000000030       0x18 rt_zcfcn.o07
 .PPC.EMB.apuinfo
                0x0000000000000048       0x18 rti_sim_engine.o07

.debug
 *(.debug)

.line
 *(.line)

.debug_srcinfo
 *(.debug_srcinfo)

.debug_sfnames
 *(.debug_sfnames)

.debug_aranges
 *(.debug_aranges)

.debug_pubnames
 *(.debug_pubnames)

.debug_info
 *(.debug_info .gnu.linkonce.wi.*)

.debug_abbrev
 *(.debug_abbrev)

.debug_line
 *(.debug_line)

.debug_frame
 *(.debug_frame)

.debug_str
 *(.debug_str)

.debug_loc
 *(.debug_loc)

.debug_macinfo
 *(.debug_macinfo)

.debug_weaknames
 *(.debug_weaknames)

.debug_funcnames
 *(.debug_funcnames)

.debug_typenames
 *(.debug_typenames)

.debug_varnames
 *(.debug_varnames)

.debug_pubtypes
 *(.debug_pubtypes)

.debug_ranges
 *(.debug_ranges)

.gnu.attributes
                0x0000000000000000       0x14
 *(.gnu.attributes)
 .gnu.attributes
                0x0000000000000000       0x10 BLDC_Demo.o07
 .gnu.attributes
                0x0000000000000010       0x10 rtGetInf.o07
 .gnu.attributes
                0x0000000000000020       0x10 rtGetNaN.o07
 .gnu.attributes
                0x0000000000000030       0x10 rt_nonfinite.o07
 .gnu.attributes
                0x0000000000000040       0x10 rt_zcfcn.o07
 .gnu.attributes
                0x0000000000000050       0x10 rti_sim_engine.o07
 .gnu.attributes
                0x0000000000000060       0x10 rt_sim.o07
 .gnu.attributes
                0x0000000000000070       0x10 rti_assert.o07
 .gnu.attributes
                0x0000000000000080       0x14 C:\Program Files\dSPACE RCPHIL 2021-A\DS1202\Lib/libm_fastpow.a(w_pow.o)
 .gnu.attributes
                0x0000000000000094       0x14 C:\Program Files\dSPACE RCPHIL 2021-A\DS1202\Lib/libm_fastpow.a(e_pow.o)
 .gnu.attributes
                0x00000000000000a8       0x14 C:\Program Files\dSPACE RCPHIL 2021-A\DS1202\Lib/libm_fastpow.a(s_scalbn.o)

/DISCARD/
 *(.note.GNU-stack)
 *(.gnu_debuglink)
OUTPUT(BLDC_Demo.ppc elf32-powerpc)
