Archive member included to satisfy reference by file (symbol)

E:\dSPACE\dSPACE RCPHIL 2020-B\DS1202\Lib/librtversion.a(RtVersion.o)
                              (--whole-archive)
E:\dSPACE\dSPACE RCPHIL 2020-B\DS1202\Lib/librtglobals.a(DsEESPort.o)
                              (--whole-archive)
E:\dSPACE\dSPACE RCPHIL 2020-B\DS1202\Lib/libm_fastpow.a(w_pow.o)
                              E:\dSPACE\dSPACE RCPHIL 2020-B\DS1202\Lib/librt1202.so (pow)
E:\dSPACE\dSPACE RCPHIL 2020-B\DS1202\Lib/libm_fastpow.a(e_pow.o)
                              E:\dSPACE\dSPACE RCPHIL 2020-B\DS1202\Lib/libm_fastpow.a(w_pow.o) (__ieee754_pow)
E:\dSPACE\dSPACE RCPHIL 2020-B\DS1202\Lib/libm_fastpow.a(s_scalbn.o)
                              E:\dSPACE\dSPACE RCPHIL 2020-B\DS1202\Lib/libm_fastpow.a(e_pow.o) (scalbn)

As-needed library included to satisfy reference by file (symbol)

libDsRealTimeTestingRP.so.1   rti_sim_engine.o07 (dsrtt_script_service_pre_computation)

Memory Configuration

Name             Origin             Length             Attributes
*default*        0x0000000000000000 0xffffffffffffffff

Linker script and memory map

LOAD C:\ProgramData\dSPACE\A8EFD7E5-F405-47E4-9A8A-DE544031D1F0\Compiler\QNX650_520\target\qnx6/ppcbe/lib/crt1.o
LOAD C:\ProgramData\dSPACE\A8EFD7E5-F405-47E4-9A8A-DE544031D1F0\Compiler\QNX650_520\target\qnx6/ppcbe/lib/crti.o
LOAD c:/programdata/dspace/a8efd7e5-f405-47e4-9a8a-de544031d1f0/compiler/qnx650_520/host/win32/x86/usr/bin/../lib/gcc/powerpc-unknown-nto-qnx6.5.0/5.2.0/crtbegin.o
                0x0000000000000000                _DSPACE_START = 0x0
                0x0000000000000000                _DSPACE_START_ = 0x0
                0x00000000000004b2                DS_TARGET_PLATFORM = 0x4b2
START GROUP
LOAD Module_Test_5V.o07
LOAD Module_Test_5V_data.o07
LOAD Module_Test_5V_trc_ptr.o07
LOAD rti_sim_engine.o07
LOAD rti_init_c.o07
LOAD rt_sim.o07
LOAD rti_assert.o07
LOAD E:\dSPACE\dSPACE RCPHIL 2020-B\DS1202\Lib/librtcan.so
LOAD E:\dSPACE\dSPACE RCPHIL 2020-B\DS1202\Lib/librtj1939.so
LOAD E:\dSPACE\dSPACE RCPHIL 2020-B\DS1202\Lib/librtser.so
LOAD E:\dSPACE\dSPACE RCPHIL 2020-B\DS1202\Lib/librt13xxio.so
LOAD E:\dSPACE\dSPACE RCPHIL 2020-B\DS1202\Lib/librt1202.so
LOAD E:\dSPACE\dSPACE RCPHIL 2020-B\DS1202\Lib/librtwrap.so
LOAD E:\dSPACE\dSPACE RCPHIL 2020-B\DS1202\Lib/librtversion.a
LOAD E:\dSPACE\dSPACE RCPHIL 2020-B\DS1202\Lib/librtglobals.a
LOAD E:\dSPACE\dSPACE RCPHIL 2020-B\DS1202\Lib/libm_fastpow.a
END GROUP
LOAD E:\dSPACE\dSPACE RCPHIL 2020-B\DS1202\Lib/libstdc++.so
LOAD C:\ProgramData\dSPACE\A8EFD7E5-F405-47E4-9A8A-DE544031D1F0\Compiler\QNX650_520\target\qnx6/ppcbe/lib/libm.so
LOAD c:/programdata/dspace/a8efd7e5-f405-47e4-9a8a-de544031d1f0/compiler/qnx650_520/host/win32/x86/usr/bin/../lib/gcc/powerpc-unknown-nto-qnx6.5.0/5.2.0\libgcc.a
LOAD C:\ProgramData\dSPACE\A8EFD7E5-F405-47E4-9A8A-DE544031D1F0\Compiler\QNX650_520\target\qnx6/ppcbe/lib/libc.so
LOAD C:\ProgramData\dSPACE\A8EFD7E5-F405-47E4-9A8A-DE544031D1F0\Compiler\QNX650_520\target\qnx6/ppcbe/lib\libc.a
LOAD c:/programdata/dspace/a8efd7e5-f405-47e4-9a8a-de544031d1f0/compiler/qnx650_520/host/win32/x86/usr/bin/../lib/gcc/powerpc-unknown-nto-qnx6.5.0/5.2.0\libgcc.a
LOAD c:/programdata/dspace/a8efd7e5-f405-47e4-9a8a-de544031d1f0/compiler/qnx650_520/host/win32/x86/usr/bin/../lib/gcc/powerpc-unknown-nto-qnx6.5.0/5.2.0/crtend.o
LOAD C:\ProgramData\dSPACE\A8EFD7E5-F405-47E4-9A8A-DE544031D1F0\Compiler\QNX650_520\target\qnx6/ppcbe/lib/crtn.o
                [!provide]                        PROVIDE (__stack, 0x0)
                [!provide]                        PROVIDE (___stack, 0x0)
                [!provide]                        PROVIDE (__executable_start, 0x48040000)
                0x0000000048040134                . = (0x48040000 + SIZEOF_HEADERS)

.interp         0x0000000048040134       0x14
 *(.interp)
 .interp        0x0000000048040134       0x14 C:\ProgramData\dSPACE\A8EFD7E5-F405-47E4-9A8A-DE544031D1F0\Compiler\QNX650_520\target\qnx6/ppcbe/lib/crt1.o

.note           0x0000000048040150       0x18
 .note          0x0000000048040150       0x18 C:\ProgramData\dSPACE\A8EFD7E5-F405-47E4-9A8A-DE544031D1F0\Compiler\QNX650_520\target\qnx6/ppcbe/lib/crtn.o

.note.gnu.build-id
                0x0000000048040168       0x20
 *(.note.gnu.build-id)
 .note.gnu.build-id
                0x0000000048040168       0x20 C:\ProgramData\dSPACE\A8EFD7E5-F405-47E4-9A8A-DE544031D1F0\Compiler\QNX650_520\target\qnx6/ppcbe/lib/crt1.o

.hash           0x0000000048040188      0x334
 *(.hash)
 .hash          0x0000000048040188      0x334 C:\ProgramData\dSPACE\A8EFD7E5-F405-47E4-9A8A-DE544031D1F0\Compiler\QNX650_520\target\qnx6/ppcbe/lib/crt1.o

.gnu.hash
 *(.gnu.hash)

.dynsym         0x00000000480404bc      0x6a0
 *(.dynsym)
 .dynsym        0x00000000480404bc      0x6a0 C:\ProgramData\dSPACE\A8EFD7E5-F405-47E4-9A8A-DE544031D1F0\Compiler\QNX650_520\target\qnx6/ppcbe/lib/crt1.o

.dynstr         0x0000000048040b5c      0x882
 *(.dynstr)
 .dynstr        0x0000000048040b5c      0x882 C:\ProgramData\dSPACE\A8EFD7E5-F405-47E4-9A8A-DE544031D1F0\Compiler\QNX650_520\target\qnx6/ppcbe/lib/crt1.o

.gnu.version    0x00000000480413de        0x0
 *(.gnu.version)
 .gnu.version   0x00000000480413de        0x0 C:\ProgramData\dSPACE\A8EFD7E5-F405-47E4-9A8A-DE544031D1F0\Compiler\QNX650_520\target\qnx6/ppcbe/lib/crt1.o

.gnu.version_d  0x00000000480413e0        0x0
 *(.gnu.version_d)
 .gnu.version_d
                0x00000000480413e0        0x0 C:\ProgramData\dSPACE\A8EFD7E5-F405-47E4-9A8A-DE544031D1F0\Compiler\QNX650_520\target\qnx6/ppcbe/lib/crt1.o

.gnu.version_r  0x00000000480413e0        0x0
 *(.gnu.version_r)
 .gnu.version_r
                0x00000000480413e0        0x0 C:\ProgramData\dSPACE\A8EFD7E5-F405-47E4-9A8A-DE544031D1F0\Compiler\QNX650_520\target\qnx6/ppcbe/lib/crt1.o

.rel.dyn
 *(.rel.init)
 *(.rel.text .rel.text.* .rel.gnu.linkonce.t.*)
 *(.rel.fini)
 *(.rel.rodata .rel.rodata.* .rel.gnu.linkonce.r.*)
 *(.rel.data.rel.ro* .rel.gnu.linkonce.d.rel.ro.*)
 *(.rel.data .rel.data.* .rel.gnu.linkonce.d.*)
 *(.rel.tdata .rel.tdata.* .rel.gnu.linkonce.td.*)
 *(.rel.tbss .rel.tbss.* .rel.gnu.linkonce.tb.*)
 *(.rel.ctors)
 *(.rel.dtors)
 *(.rel.got)
 *(.rel.sdata .rel.sdata.* .rel.gnu.linkonce.s.*)
 *(.rel.sbss .rel.sbss.* .rel.gnu.linkonce.sb.*)
 *(.rel.sdata2 .rel.sdata2.* .rel.gnu.linkonce.s2.*)
 *(.rel.sbss2 .rel.sbss2.* .rel.gnu.linkonce.sb2.*)
 *(.rel.bss .rel.bss.* .rel.gnu.linkonce.b.*)

.rela.dyn       0x00000000480413e0       0x6c
 *(.rela.init)
 *(.rela.text .rela.text.* .rela.gnu.linkonce.t.*)
 .rela.text     0x00000000480413e0        0x0 C:\ProgramData\dSPACE\A8EFD7E5-F405-47E4-9A8A-DE544031D1F0\Compiler\QNX650_520\target\qnx6/ppcbe/lib/crt1.o
 *(.rela.fini)
 *(.rela.rodata .rela.rodata.* .rela.gnu.linkonce.r.*)
 .rela.rodata   0x00000000480413e0        0x0 C:\ProgramData\dSPACE\A8EFD7E5-F405-47E4-9A8A-DE544031D1F0\Compiler\QNX650_520\target\qnx6/ppcbe/lib/crt1.o
 *(.rela.data .rela.data.* .rela.gnu.linkonce.d.*)
 *(.rela.tdata .rela.tdata.* .rela.gnu.linkonce.td.*)
 *(.rela.tbss .rela.tbss.* .rela.gnu.linkonce.tb.*)
 *(.rela.ctors)
 *(.rela.dtors)
 *(.rela.got)
 .rela.got      0x00000000480413e0       0x48 C:\ProgramData\dSPACE\A8EFD7E5-F405-47E4-9A8A-DE544031D1F0\Compiler\QNX650_520\target\qnx6/ppcbe/lib/crt1.o
 *(.rela.got1)
 *(.rela.got2)
 *(.rela.sdata .rela.sdata.* .rela.gnu.linkonce.s.*)
 *(.rela.sbss .rela.sbss.* .rela.gnu.linkonce.sb.*)
 .rela.sbss     0x0000000048041428        0x0 C:\ProgramData\dSPACE\A8EFD7E5-F405-47E4-9A8A-DE544031D1F0\Compiler\QNX650_520\target\qnx6/ppcbe/lib/crt1.o
 *(.rela.sdata2 .rela.sdata2.* .rela.gnu.linkonce.s2.*)
 *(.rela.sbss2 .rela.sbss2.* .rela.gnu.linkonce.sb2.*)
 *(.rela.bss .rela.bss.* .rela.gnu.linkonce.b.*)
 .rela.bss      0x0000000048041428       0x24 C:\ProgramData\dSPACE\A8EFD7E5-F405-47E4-9A8A-DE544031D1F0\Compiler\QNX650_520\target\qnx6/ppcbe/lib/crt1.o
 .rela.iplt     0x000000004804144c        0x0 C:\ProgramData\dSPACE\A8EFD7E5-F405-47E4-9A8A-DE544031D1F0\Compiler\QNX650_520\target\qnx6/ppcbe/lib/crt1.o

.rel.plt
 *(.rel.plt)

.rela.plt       0x000000004804144c      0x414
 *(.rela.plt)
 .rela.plt      0x000000004804144c      0x414 C:\ProgramData\dSPACE\A8EFD7E5-F405-47E4-9A8A-DE544031D1F0\Compiler\QNX650_520\target\qnx6/ppcbe/lib/crt1.o

.init           0x0000000048041860       0x24
 *(.init)
 .init          0x0000000048041860        0xc C:\ProgramData\dSPACE\A8EFD7E5-F405-47E4-9A8A-DE544031D1F0\Compiler\QNX650_520\target\qnx6/ppcbe/lib/crti.o
                0x0000000048041860                _init
 .init          0x000000004804186c        0x4 c:/programdata/dspace/a8efd7e5-f405-47e4-9a8a-de544031d1f0/compiler/qnx650_520/host/win32/x86/usr/bin/../lib/gcc/powerpc-unknown-nto-qnx6.5.0/5.2.0/crtbegin.o
 .init          0x0000000048041870        0x4 c:/programdata/dspace/a8efd7e5-f405-47e4-9a8a-de544031d1f0/compiler/qnx650_520/host/win32/x86/usr/bin/../lib/gcc/powerpc-unknown-nto-qnx6.5.0/5.2.0/crtend.o
 .init          0x0000000048041874       0x10 C:\ProgramData\dSPACE\A8EFD7E5-F405-47E4-9A8A-DE544031D1F0\Compiler\QNX650_520\target\qnx6/ppcbe/lib/crtn.o

.text           0x0000000048041890     0x2c3c
                0x0000000048041890                _btext = .
 *(.text .stub .text.* .gnu.linkonce.t.*)
 .text          0x0000000048041890      0x118 C:\ProgramData\dSPACE\A8EFD7E5-F405-47E4-9A8A-DE544031D1F0\Compiler\QNX650_520\target\qnx6/ppcbe/lib/crt1.o
                0x0000000048041890                _start
 .text          0x00000000480419a8        0x0 C:\ProgramData\dSPACE\A8EFD7E5-F405-47E4-9A8A-DE544031D1F0\Compiler\QNX650_520\target\qnx6/ppcbe/lib/crti.o
 .text          0x00000000480419a8      0x2b0 c:/programdata/dspace/a8efd7e5-f405-47e4-9a8a-de544031d1f0/compiler/qnx650_520/host/win32/x86/usr/bin/../lib/gcc/powerpc-unknown-nto-qnx6.5.0/5.2.0/crtbegin.o
 *fill*         0x0000000048041c58        0x8 00000000
 .text          0x0000000048041c60      0x800 Module_Test_5V.o07
                0x0000000048041c60                Module_Test_5V_output
                0x00000000480422b0                Module_Test_5V_update
                0x0000000048042350                Module_Test_5V_initialize
                0x00000000480423f0                Module_Test_5V_terminate
 .text          0x0000000048042460        0x0 Module_Test_5V_data.o07
 .text          0x0000000048042460       0x84 Module_Test_5V_trc_ptr.o07
                0x00000000480424b0                Module_Test_5V_rti_init_trc_pointers
 *fill*         0x00000000480424e4        0xc 00000000
 .text          0x00000000480424f0      0x8c4 rti_sim_engine.o07
                0x0000000048042d40                rtk_idle_function
                0x0000000048042d50                rti_th_timertask1_trigger_source
                0x0000000048042da0                initConditions
                0x0000000048042db0                initVariables
 *fill*         0x0000000048042db4        0xc 00000000
 .text.startup  0x0000000048042dc0      0xb00 rti_sim_engine.o07
                0x0000000048042dc0                main
 .text          0x00000000480438c0       0x40 rti_init_c.o07
                0x00000000480438c0                rti_init
 .text          0x0000000048043900       0x44 rt_sim.o07
                0x0000000048043900                rt_SimInitTimingEngine
                0x0000000048043930                rt_SimGetNextSampleHit
                0x0000000048043940                rt_SimUpdateDiscreteTaskSampleHits
 *fill*         0x0000000048043944        0xc 00000000
 .text          0x0000000048043950       0xd4 rti_assert.o07
                0x0000000048043950                rti_assertion_handler
                0x00000000480439e0                rti_assertion_mode_msg
 .text          0x0000000048043a24        0x0 E:\dSPACE\dSPACE RCPHIL 2020-B\DS1202\Lib/librtversion.a(RtVersion.o)
 *fill*         0x0000000048043a24        0xc 00000000
 .text          0x0000000048043a30        0x4 E:\dSPACE\dSPACE RCPHIL 2020-B\DS1202\Lib/librtglobals.a(DsEESPort.o)
                0x0000000048043a30                DsEesPort_init()
 .text          0x0000000048043a34       0x20 E:\dSPACE\dSPACE RCPHIL 2020-B\DS1202\Lib/libm_fastpow.a(w_pow.o)
                0x0000000048043a34                pow
 .text          0x0000000048043a54      0x85c E:\dSPACE\dSPACE RCPHIL 2020-B\DS1202\Lib/libm_fastpow.a(e_pow.o)
                0x0000000048043a54                __ieee754_pow
 .text          0x00000000480442b0      0x188 E:\dSPACE\dSPACE RCPHIL 2020-B\DS1202\Lib/libm_fastpow.a(s_scalbn.o)
                0x00000000480442b0                scalbn
 .text          0x0000000048044438       0x94 c:/programdata/dspace/a8efd7e5-f405-47e4-9a8a-de544031d1f0/compiler/qnx650_520/host/win32/x86/usr/bin/../lib/gcc/powerpc-unknown-nto-qnx6.5.0/5.2.0/crtend.o
 .text          0x00000000480444cc        0x0 C:\ProgramData\dSPACE\A8EFD7E5-F405-47E4-9A8A-DE544031D1F0\Compiler\QNX650_520\target\qnx6/ppcbe/lib/crtn.o
 *(.gnu.warning)
 *(.glink)
 .glink         0x00000000480444cc        0x0 C:\ProgramData\dSPACE\A8EFD7E5-F405-47E4-9A8A-DE544031D1F0\Compiler\QNX650_520\target\qnx6/ppcbe/lib/crt1.o

.fini           0x00000000480444cc       0x20
 *(.fini)
 .fini          0x00000000480444cc        0xc C:\ProgramData\dSPACE\A8EFD7E5-F405-47E4-9A8A-DE544031D1F0\Compiler\QNX650_520\target\qnx6/ppcbe/lib/crti.o
                0x00000000480444cc                _fini
 .fini          0x00000000480444d8        0x4 c:/programdata/dspace/a8efd7e5-f405-47e4-9a8a-de544031d1f0/compiler/qnx650_520/host/win32/x86/usr/bin/../lib/gcc/powerpc-unknown-nto-qnx6.5.0/5.2.0/crtbegin.o
 .fini          0x00000000480444dc       0x10 C:\ProgramData\dSPACE\A8EFD7E5-F405-47E4-9A8A-DE544031D1F0\Compiler\QNX650_520\target\qnx6/ppcbe/lib/crtn.o
                [!provide]                        PROVIDE (__etext, .)
                0x00000000480444ec                PROVIDE (_etext, .)
                [!provide]                        PROVIDE (etext, .)

.rodata         0x00000000480444f0      0x4f8
 *(.rodata .rodata.* .gnu.linkonce.r.*)
 .rodata        0x00000000480444f0        0x4 Module_Test_5V.o07
                0x00000000480444f0                Module_Test_5V_M
 .rodata.cst4   0x00000000480444f4        0xc Module_Test_5V.o07
 .rodata.cst8   0x0000000048044500        0x8 Module_Test_5V.o07
 .rodata.str1.4
                0x0000000048044508       0x12 Module_Test_5V.o07
 *fill*         0x000000004804451a        0x2 
 .rodata        0x000000004804451c        0xc rti_sim_engine.o07
                0x000000004804451c                rtiDataSetStorageEnabled
                0x0000000048044520                p_dsts_sum_of_reset_time
                0x0000000048044524                p_msg_last_error_no
 .rodata.cst4   0x0000000048044528        0x4 rti_sim_engine.o07
                                          0x8 (size before relaxing)
 .rodata.cst8   0x000000004804452c        0x8 rti_sim_engine.o07
 .rodata.str1.4
                0x000000004804452c      0x284 rti_sim_engine.o07
 .rodata.cst4   0x00000000480447b0        0x4 rt_sim.o07
                                          0x8 (size before relaxing)
 .rodata.str1.4
                0x00000000480447b4       0x71 rt_sim.o07
 *fill*         0x0000000048044825        0x3 
 .rodata.str1.4
                0x0000000048044828       0x70 rti_assert.o07
                                         0x6d (size before relaxing)
 .rodata        0x0000000048044898       0x30 E:\dSPACE\dSPACE RCPHIL 2020-B\DS1202\Lib/libm_fastpow.a(e_pow.o)
 .rodata.cst4   0x00000000480448c8        0x8 E:\dSPACE\dSPACE RCPHIL 2020-B\DS1202\Lib/libm_fastpow.a(e_pow.o)
 .rodata.cst8   0x00000000480448d0       0xe8 E:\dSPACE\dSPACE RCPHIL 2020-B\DS1202\Lib/libm_fastpow.a(e_pow.o)
 .rodata.cst8   0x00000000480449b8       0x30 E:\dSPACE\dSPACE RCPHIL 2020-B\DS1202\Lib/libm_fastpow.a(s_scalbn.o)

.rodata1
 *(.rodata1)

.sdata2         0x00000000480449e8        0x0
                0x0000000000008000                PROVIDE (_SDA2_BASE_, 0x8000)
 *(.sdata2 .sdata2.* .gnu.linkonce.s2.*)
 .sdata2        0x00000000480449e8        0x0 C:\ProgramData\dSPACE\A8EFD7E5-F405-47E4-9A8A-DE544031D1F0\Compiler\QNX650_520\target\qnx6/ppcbe/lib/crt1.o

.sbss2
 *(.sbss2 .sbss2.* .gnu.linkonce.sb2.*)

.eh_frame_hdr   0x00000000480449e8       0x14
 *(.eh_frame_hdr)
 .eh_frame_hdr  0x00000000480449e8       0x14 E:\dSPACE\dSPACE RCPHIL 2020-B\DS1202\Lib/librtglobals.a(DsEESPort.o)

.eh_frame       0x00000000480449fc       0x2c
 *(.eh_frame)
 .eh_frame      0x00000000480449fc        0x0 C:\ProgramData\dSPACE\A8EFD7E5-F405-47E4-9A8A-DE544031D1F0\Compiler\QNX650_520\target\qnx6/ppcbe/lib/crt1.o
 .eh_frame      0x00000000480449fc        0x0 c:/programdata/dspace/a8efd7e5-f405-47e4-9a8a-de544031d1f0/compiler/qnx650_520/host/win32/x86/usr/bin/../lib/gcc/powerpc-unknown-nto-qnx6.5.0/5.2.0/crtbegin.o
 .eh_frame      0x00000000480449fc       0x28 E:\dSPACE\dSPACE RCPHIL 2020-B\DS1202\Lib/librtglobals.a(DsEESPort.o)
 .eh_frame      0x0000000048044a24        0x4 c:/programdata/dspace/a8efd7e5-f405-47e4-9a8a-de544031d1f0/compiler/qnx650_520/host/win32/x86/usr/bin/../lib/gcc/powerpc-unknown-nto-qnx6.5.0/5.2.0/crtend.o

.gcc_except_table
 *(.gcc_except_table .gcc_except_table.*)
                0x0000000048044a28                . = (ALIGN (0x1000) - ((0x1000 - .) & 0xfff))
                0x0000000048045000                . = DATA_SEGMENT_ALIGN (0x1000, 0x1000)

.eh_frame
 *(.eh_frame)

.gcc_except_table
 *(.gcc_except_table .gcc_except_table.*)

.tdata
 *(.tdata .tdata.* .gnu.linkonce.td.*)

.tbss
 *(.tbss .tbss.* .gnu.linkonce.tb.*)
 *(.tcommon)

.preinit_array  0x0000000048045000        0x0
                0x0000000048045000                PROVIDE (__preinit_array_start, .)
 *(.preinit_array)
                0x0000000048045000                PROVIDE (__preinit_array_end, .)

.init_array     0x0000000048045000        0x0
                0x0000000048045000                PROVIDE (__init_array_start, .)
 *(SORT(.init_array.*))
 *(.init_array)
                0x0000000048045000                PROVIDE (__init_array_end, .)

.fini_array     0x0000000048045000        0x0
                0x0000000048045000                PROVIDE (__fini_array_start, .)
 *(.fini_array)
 *(SORT(.fini_array.*))
                0x0000000048045000                PROVIDE (__fini_array_end, .)

.ctors          0x0000000048045000        0x8
 *crtbegin.o(.ctors)
 .ctors         0x0000000048045000        0x4 c:/programdata/dspace/a8efd7e5-f405-47e4-9a8a-de544031d1f0/compiler/qnx650_520/host/win32/x86/usr/bin/../lib/gcc/powerpc-unknown-nto-qnx6.5.0/5.2.0/crtbegin.o
 *crtbegin?.o(.ctors)
 *(EXCLUDE_FILE(*crtend?.o *crtend.o) .ctors)
 *(SORT(.ctors.*))
 *(.ctors)
 .ctors         0x0000000048045004        0x4 c:/programdata/dspace/a8efd7e5-f405-47e4-9a8a-de544031d1f0/compiler/qnx650_520/host/win32/x86/usr/bin/../lib/gcc/powerpc-unknown-nto-qnx6.5.0/5.2.0/crtend.o

.dtors          0x0000000048045008        0x8
 *crtbegin.o(.dtors)
 .dtors         0x0000000048045008        0x4 c:/programdata/dspace/a8efd7e5-f405-47e4-9a8a-de544031d1f0/compiler/qnx650_520/host/win32/x86/usr/bin/../lib/gcc/powerpc-unknown-nto-qnx6.5.0/5.2.0/crtbegin.o
 *crtbegin?.o(.dtors)
 *(EXCLUDE_FILE(*crtend?.o *crtend.o) .dtors)
 *(SORT(.dtors.*))
 *(.dtors)
 .dtors         0x000000004804500c        0x4 c:/programdata/dspace/a8efd7e5-f405-47e4-9a8a-de544031d1f0/compiler/qnx650_520/host/win32/x86/usr/bin/../lib/gcc/powerpc-unknown-nto-qnx6.5.0/5.2.0/crtend.o
                0x000000004804500c                __DTOR_END__

.jcr            0x0000000048045010        0x4
 *(.jcr)
 .jcr           0x0000000048045010        0x0 c:/programdata/dspace/a8efd7e5-f405-47e4-9a8a-de544031d1f0/compiler/qnx650_520/host/win32/x86/usr/bin/../lib/gcc/powerpc-unknown-nto-qnx6.5.0/5.2.0/crtbegin.o
 .jcr           0x0000000048045010        0x4 c:/programdata/dspace/a8efd7e5-f405-47e4-9a8a-de544031d1f0/compiler/qnx650_520/host/win32/x86/usr/bin/../lib/gcc/powerpc-unknown-nto-qnx6.5.0/5.2.0/crtend.o

.data.rel.ro
 *(.data.rel.ro.local* .gnu.linkonce.d.rel.ro.local.*)
 *(.data.rel.ro* .gnu.linkonce.d.rel.ro.*)

.fixup
 *(.fixup)

.got1
 *(.got1)

.got2
 *(.got2)

.dynamic        0x0000000048045014      0x100
 *(.dynamic)
 .dynamic       0x0000000048045014      0x100 C:\ProgramData\dSPACE\A8EFD7E5-F405-47E4-9A8A-DE544031D1F0\Compiler\QNX650_520\target\qnx6/ppcbe/lib/crt1.o
                0x0000000048045014                _DYNAMIC

.got
 *(.got)
                0x0000000048045114                . = DATA_SEGMENT_RELRO_END (., 0x0)

.plt
 *(.plt)

.data           0x0000000048045118      0x2b0
 *(.data .data.* .gnu.linkonce.d.*)
 .data          0x0000000048045118        0x0 C:\ProgramData\dSPACE\A8EFD7E5-F405-47E4-9A8A-DE544031D1F0\Compiler\QNX650_520\target\qnx6/ppcbe/lib/crt1.o
 .data          0x0000000048045118        0x0 C:\ProgramData\dSPACE\A8EFD7E5-F405-47E4-9A8A-DE544031D1F0\Compiler\QNX650_520\target\qnx6/ppcbe/lib/crti.o
 .data          0x0000000048045118        0x0 c:/programdata/dspace/a8efd7e5-f405-47e4-9a8a-de544031d1f0/compiler/qnx650_520/host/win32/x86/usr/bin/../lib/gcc/powerpc-unknown-nto-qnx6.5.0/5.2.0/crtbegin.o
 .data.rel.local
                0x0000000048045118        0x4 c:/programdata/dspace/a8efd7e5-f405-47e4-9a8a-de544031d1f0/compiler/qnx650_520/host/win32/x86/usr/bin/../lib/gcc/powerpc-unknown-nto-qnx6.5.0/5.2.0/crtbegin.o
                0x0000000048045118                __dso_handle
 .data          0x000000004804511c        0x0 Module_Test_5V.o07
 *fill*         0x000000004804511c        0x4 
 .data          0x0000000048045120      0x288 Module_Test_5V_data.o07
                0x0000000048045120                Module_Test_5V_P
 .data          0x00000000480453a8        0x0 Module_Test_5V_trc_ptr.o07
 .data          0x00000000480453a8       0x14 rti_sim_engine.o07
                0x00000000480453a8                simState
                0x00000000480453b8                lastSimState
 .data          0x00000000480453bc        0x0 rti_init_c.o07
 .data          0x00000000480453bc        0x0 rt_sim.o07
 .data          0x00000000480453bc        0x0 rti_assert.o07
 .data          0x00000000480453bc        0x0 E:\dSPACE\dSPACE RCPHIL 2020-B\DS1202\Lib/librtversion.a(RtVersion.o)
 .data          0x00000000480453bc        0x0 E:\dSPACE\dSPACE RCPHIL 2020-B\DS1202\Lib/librtglobals.a(DsEESPort.o)
 .data.rel      0x00000000480453bc        0xc E:\dSPACE\dSPACE RCPHIL 2020-B\DS1202\Lib/librtglobals.a(DsEESPort.o)
                0x00000000480453bc                p_xilapi_eesport_errorswitching_uint32_T
                0x00000000480453c0                p_xilapi_eesport_erroractivated_uint32_T
                0x00000000480453c4                p_xilapi_eesport_activeerrorset_uint32_T
 .data          0x00000000480453c8        0x0 E:\dSPACE\dSPACE RCPHIL 2020-B\DS1202\Lib/libm_fastpow.a(w_pow.o)
 .data          0x00000000480453c8        0x0 E:\dSPACE\dSPACE RCPHIL 2020-B\DS1202\Lib/libm_fastpow.a(e_pow.o)
 .data          0x00000000480453c8        0x0 E:\dSPACE\dSPACE RCPHIL 2020-B\DS1202\Lib/libm_fastpow.a(s_scalbn.o)
 .data          0x00000000480453c8        0x0 c:/programdata/dspace/a8efd7e5-f405-47e4-9a8a-de544031d1f0/compiler/qnx650_520/host/win32/x86/usr/bin/../lib/gcc/powerpc-unknown-nto-qnx6.5.0/5.2.0/crtend.o
 .data          0x00000000480453c8        0x0 C:\ProgramData\dSPACE\A8EFD7E5-F405-47E4-9A8A-DE544031D1F0\Compiler\QNX650_520\target\qnx6/ppcbe/lib/crtn.o

.tm_clone_table
                0x00000000480453c8        0x0
 .tm_clone_table
                0x00000000480453c8        0x0 c:/programdata/dspace/a8efd7e5-f405-47e4-9a8a-de544031d1f0/compiler/qnx650_520/host/win32/x86/usr/bin/../lib/gcc/powerpc-unknown-nto-qnx6.5.0/5.2.0/crtbegin.o
 .tm_clone_table
                0x00000000480453c8        0x0 c:/programdata/dspace/a8efd7e5-f405-47e4-9a8a-de544031d1f0/compiler/qnx650_520/host/win32/x86/usr/bin/../lib/gcc/powerpc-unknown-nto-qnx6.5.0/5.2.0/crtend.o

.data1
 *(.data1)

.got            0x00000000480453c8       0x54
 *(.got)
 .got           0x00000000480453c8       0x54 C:\ProgramData\dSPACE\A8EFD7E5-F405-47E4-9A8A-DE544031D1F0\Compiler\QNX650_520\target\qnx6/ppcbe/lib/crt1.o
                0x0000000048045410                _GLOBAL_OFFSET_TABLE_

.sdata          0x000000004804541c        0x0
                0x0000000000008000                PROVIDE (_SDA_BASE_, 0x8000)
 *(.sdata .sdata.* .gnu.linkonce.s.*)
 .sdata         0x000000004804541c        0x0 C:\ProgramData\dSPACE\A8EFD7E5-F405-47E4-9A8A-DE544031D1F0\Compiler\QNX650_520\target\qnx6/ppcbe/lib/crt1.o
                0x000000004804541c                _edata = .
                [!provide]                        PROVIDE (edata, .)
                0x000000004804541c                __bss_start = .

.sbss           0x000000004804541c        0x0
                [!provide]                        PROVIDE (__sbss_start, .)
                [!provide]                        PROVIDE (___sbss_start, .)
 *(.dynsbss)
 .dynsbss       0x000000004804541c        0x0 C:\ProgramData\dSPACE\A8EFD7E5-F405-47E4-9A8A-DE544031D1F0\Compiler\QNX650_520\target\qnx6/ppcbe/lib/crt1.o
 *(.sbss .sbss.* .gnu.linkonce.sb.*)
 *(.scommon)
                [!provide]                        PROVIDE (__sbss_end, .)
                [!provide]                        PROVIDE (___sbss_end, .)

.plt            0x000000004804541c      0x45c
 *(.plt)
 .plt           0x000000004804541c      0x45c C:\ProgramData\dSPACE\A8EFD7E5-F405-47E4-9A8A-DE544031D1F0\Compiler\QNX650_520\target\qnx6/ppcbe/lib/crt1.o
                0x0000000048045464                ts_reset
                0x000000004804546c                __register_frame_info
                0x0000000048045474                msg_error_clear
                0x000000004804547c                dsrtt_set_current_time
                0x0000000048045484                sqrt
                0x000000004804548c                rtk_current_task_absolute_time_ptr_get
                0x0000000048045494                DioCl1DigIn_start
                0x000000004804549c                DsTimeSync_simstateRun
                0x00000000480454a4                DacCl1AnalogOut_create
                0x00000000480454ac                DioCl1DigIn_create
                0x00000000480454b4                rtk_setup_temp_overrun_handling
                0x00000000480454bc                DioCl1DigOut_setChMaskOutData
                0x00000000480454c4                SrtkIntBase_requestTaskMode
                0x00000000480454cc                rtk_reset_tasks
                0x00000000480454d4                __cxa_finalize
                0x00000000480454dc                AdcCl2AnalogIn_read
                0x00000000480454e4                _init_array
                0x00000000480454ec                rtk_set_task_type
                0x00000000480454f4                DsTimeSync_baserate
                0x00000000480454fc                rtk_task_name_set
                0x0000000048045504                DacCl1AnalogOut_apply
                0x000000004804550c                DioCl1DigIn_getChMaskInData
                0x0000000048045514                DioCl1DigOut_setChMaskOutHighZ
                0x000000004804551c                dsrtt_script_service_post_computation
                0x0000000048045524                rtk_create_task
                0x000000004804552c                msg_warning_printf
                0x0000000048045534                msg_last_error_number
                0x000000004804553c                dsparam_copy_data_set
                0x0000000048045544                SrtkPreload_preloadRegion
                0x000000004804554c                msg_error_set
                0x0000000048045554                rtk_enable_services
                0x000000004804555c                SrtkDaq_Init
                0x0000000048045564                DioCl1DigOut_setSignalVoltage
                0x000000004804556c                rtk_task_task_calls_get
                0x0000000048045574                DioCl1DigIn_apply
                0x000000004804557c                AdcCl2AnalogIn_start
                0x0000000048045584                DsTimeSync_setCurrentTimePtr
                0x000000004804558c                SrtkIntBase_enableIntGlobal
                0x0000000048045594                AdcCl2AnalogIn_apply
                0x000000004804559c                DacCl1AnalogOut_write
                0x00000000480455a4                rtk_overrun_flag_clear
                0x00000000480455ac                rtk_bind_interrupt
                0x00000000480455b4                DacCl1AnalogOut_stop
                0x00000000480455bc                _init_libc
                0x00000000480455c4                dsrtt_init
                0x00000000480455cc                DioCl1DigOut_write
                0x00000000480455d4                SrtkApp_terminate
                0x00000000480455dc                DioCl1DigOut_start
                0x00000000480455e4                msg_info_set
                0x00000000480455ec                SensorSupply_create
                0x00000000480455f4                dsrtt_script_service_pre_computation
                0x00000000480455fc                DacCl1AnalogOut_start
                0x0000000048045604                msg_error_printf
                0x000000004804560c                AdcCl2AnalogIn_create
                0x0000000048045614                memset
                0x000000004804561c                DioCl1DigOut_create
                0x0000000048045624                rtk_leave_idle_mode
                0x000000004804562c                __wrap_exit
                0x0000000048045634                DioCl1DigOut_apply
                0x000000004804563c                __wrap_atexit
                0x0000000048045644                DacCl1AnalogOut_setOutputValue
                0x000000004804564c                _fini_array
                0x0000000048045654                SensorSupply_setVoltage
                0x000000004804565c                SrtkDaq_Background
                0x0000000048045664                _preinit_array
                0x000000004804566c                SrtkApp_init
                0x0000000048045674                SrtkDaq_Service
                0x000000004804567c                rtk_task_task_name_get
                0x0000000048045684                DioCl1DigIn_read
                0x000000004804568c                SrtkSim_notifyStateTransition
                0x0000000048045694                msg_set
                0x000000004804569c                SensorSupply_apply
                0x00000000480456a4                rtk_get_subentry
                0x00000000480456ac                dsrtt_set_step_size
                0x00000000480456b4                rtk_enter_idle_mode
                0x00000000480456bc                rtk_initialize
                0x00000000480456c4                DacCl1AnalogOut_setOutputHighZ
                0x00000000480456cc                SensorSupply_setSensorState
                0x00000000480456d4                AdcCl2AnalogIn_getInputValue
                0x00000000480456dc                SensorSupply_start
                0x00000000480456e4                SrtkApp_background
                0x00000000480456ec                rtk_default_overrun_fcn
                0x00000000480456f4                vcm_module_register
                0x00000000480456fc                DsTimeSync_simstateStop
                0x0000000048045704                SrtkIntBase_disableIntGlobal
                0x000000004804570c                SrtkSim_registerState
                0x0000000048045714                __deregister_frame_info

.bss            0x0000000048045878      0x4d0
 *(.dynbss)
 .dynbss        0x0000000048045878       0x14 C:\ProgramData\dSPACE\A8EFD7E5-F405-47E4-9A8A-DE544031D1F0\Compiler\QNX650_520\target\qnx6/ppcbe/lib/crt1.o
                0x0000000048045878                errno
                0x0000000048045880                dsts_sum_of_reseted_time
                0x0000000048045888                msg_last_error_no
 *(.bss .bss.* .gnu.linkonce.b.*)
 .bss           0x000000004804588c        0x0 C:\ProgramData\dSPACE\A8EFD7E5-F405-47E4-9A8A-DE544031D1F0\Compiler\QNX650_520\target\qnx6/ppcbe/lib/crt1.o
 .bss           0x000000004804588c        0x0 C:\ProgramData\dSPACE\A8EFD7E5-F405-47E4-9A8A-DE544031D1F0\Compiler\QNX650_520\target\qnx6/ppcbe/lib/crti.o
 .bss           0x000000004804588c       0x20 c:/programdata/dspace/a8efd7e5-f405-47e4-9a8a-de544031d1f0/compiler/qnx650_520/host/win32/x86/usr/bin/../lib/gcc/powerpc-unknown-nto-qnx6.5.0/5.2.0/crtbegin.o
 *fill*         0x00000000480458ac        0x4 
 .bss           0x00000000480458b0      0x400 Module_Test_5V.o07
                0x00000000480458b0                Module_Test_5V_B
                0x0000000048045b78                Module_Test_5V_M_
 .bss           0x0000000048045cb0        0x0 Module_Test_5V_data.o07
 .bss           0x0000000048045cb0        0xc Module_Test_5V_trc_ptr.o07
                0x0000000048045cb0                p_0_Module_Test_5V_real_T_0
                0x0000000048045cb4                p_0_Module_Test_5V_boolean_T_1
                0x0000000048045cb8                p_1_Module_Test_5V_real_T_0
 *fill*         0x0000000048045cbc        0x4 
 .bss           0x0000000048045cc0       0x70 rti_sim_engine.o07
                0x0000000048045cc0                currentTime
                0x0000000048045cc4                finalTime
                0x0000000048045cc8                modelStepSize
                0x0000000048045cd0                pRTIDacC1AnalogOut_Ch_1
                0x0000000048045cd4                pRTIDioC1DigOut_Port_1_Ch_1
                0x0000000048045cd8                pRTIDioC1DigOut_Port_2_Ch_1
                0x0000000048045cdc                pRTIAdcC2AnalogIn_Ch_1
                0x0000000048045ce0                pRTIAdcC2AnalogIn_Ch_2
                0x0000000048045ce4                pRTIAdcC2AnalogIn_Ch_3
                0x0000000048045ce8                pRTIAdcC2AnalogIn_Ch_4
                0x0000000048045cec                pRTIAdcC2AnalogIn_Ch_5
                0x0000000048045cf0                pRTIAdcC2AnalogIn_Ch_6
                0x0000000048045cf4                pRTIAdcC2AnalogIn_Ch_7
                0x0000000048045cf8                pRTIAdcC2AnalogIn_Ch_8
                0x0000000048045cfc                pRTIDioC1DigIn_Port_2_Ch_9
                0x0000000048045d00                taskMode
                0x0000000048045d04                pRTI_Sensor_Supply
                0x0000000048045d08                pRti_TIMERA_STime
                0x0000000048045d0c                pRti_TIMERA_TTime
                0x0000000048045d10                pRti_TIMERA_TState
                0x0000000048045d14                pRti_TIMERA_OType
                0x0000000048045d18                pRti_TIMERA_OMax
                0x0000000048045d1c                pRti_TIMERA_ORpt
                0x0000000048045d20                pRti_TIMERA_OCnt
                0x0000000048045d24                pRti_TIMERA_TCnt
                0x0000000048045d28                pRti_TIMERA_Prio
                0x0000000048045d2c                rtiAssertionMode
 .bss           0x0000000048045d30        0x4 rti_init_c.o07
 .bss           0x0000000048045d34        0x0 rt_sim.o07
 .bss           0x0000000048045d34        0x0 rti_assert.o07
 .bss           0x0000000048045d34        0x0 E:\dSPACE\dSPACE RCPHIL 2020-B\DS1202\Lib/librtversion.a(RtVersion.o)
 .bss           0x0000000048045d34       0x14 E:\dSPACE\dSPACE RCPHIL 2020-B\DS1202\Lib/librtglobals.a(DsEESPort.o)
                0x0000000048045d34                xilapi_eesport_trigger_uint32_T
                0x0000000048045d38                xilapi_eesport_flags_uint32_T
                0x0000000048045d3c                xilapi_eesport_errorswitching_uint32_T
                0x0000000048045d40                xilapi_eesport_erroractivated_uint32_T
                0x0000000048045d44                xilapi_eesport_activeerrorset_uint32_T
 .bss           0x0000000048045d48        0x0 E:\dSPACE\dSPACE RCPHIL 2020-B\DS1202\Lib/libm_fastpow.a(w_pow.o)
 .bss           0x0000000048045d48        0x0 E:\dSPACE\dSPACE RCPHIL 2020-B\DS1202\Lib/libm_fastpow.a(e_pow.o)
 .bss           0x0000000048045d48        0x0 E:\dSPACE\dSPACE RCPHIL 2020-B\DS1202\Lib/libm_fastpow.a(s_scalbn.o)
 .bss           0x0000000048045d48        0x0 c:/programdata/dspace/a8efd7e5-f405-47e4-9a8a-de544031d1f0/compiler/qnx650_520/host/win32/x86/usr/bin/../lib/gcc/powerpc-unknown-nto-qnx6.5.0/5.2.0/crtend.o
 .bss           0x0000000048045d48        0x0 C:\ProgramData\dSPACE\A8EFD7E5-F405-47E4-9A8A-DE544031D1F0\Compiler\QNX650_520\target\qnx6/ppcbe/lib/crtn.o
 *(COMMON)
                0x0000000048045d48                . = ALIGN ((. != 0x0)?0x4:0x1)

.iplt           0x0000000048045d50        0x0
 .iplt          0x0000000048045d50        0x0 C:\ProgramData\dSPACE\A8EFD7E5-F405-47E4-9A8A-DE544031D1F0\Compiler\QNX650_520\target\qnx6/ppcbe/lib/crt1.o
                0x0000000048045d50                . = ALIGN (0x4)
                0x0000000048045d50                . = ALIGN (0x4)
                0x0000000048045d50                __end = .
                0x0000000048045d50                _end = .
                [!provide]                        PROVIDE (end, .)
                0x0000000048045d50                . = DATA_SEGMENT_END (.)

.stab
 *(.stab)

.stabstr
 *(.stabstr)

.stab.excl
 *(.stab.excl)

.stab.exclstr
 *(.stab.exclstr)

.stab.index
 *(.stab.index)

.stab.indexstr
 *(.stab.indexstr)

.comment        0x0000000000000000       0x47
 *(.comment)
 .comment       0x0000000000000000       0x11 c:/programdata/dspace/a8efd7e5-f405-47e4-9a8a-de544031d1f0/compiler/qnx650_520/host/win32/x86/usr/bin/../lib/gcc/powerpc-unknown-nto-qnx6.5.0/5.2.0/crtbegin.o
                                         0x12 (size before relaxing)
 .comment       0x0000000000000011       0x12 Module_Test_5V.o07
 .comment       0x0000000000000011       0x12 Module_Test_5V_data.o07
 .comment       0x0000000000000011       0x12 Module_Test_5V_trc_ptr.o07
 .comment       0x0000000000000011       0x12 rti_sim_engine.o07
 .comment       0x0000000000000011       0x12 rti_init_c.o07
 .comment       0x0000000000000011       0x12 rt_sim.o07
 .comment       0x0000000000000011       0x12 rti_assert.o07
 .comment       0x0000000000000011       0x12 E:\dSPACE\dSPACE RCPHIL 2020-B\DS1202\Lib/librtversion.a(RtVersion.o)
 .comment       0x0000000000000011       0x12 E:\dSPACE\dSPACE RCPHIL 2020-B\DS1202\Lib/librtglobals.a(DsEESPort.o)
 .comment       0x0000000000000011       0x12 E:\dSPACE\dSPACE RCPHIL 2020-B\DS1202\Lib/libm_fastpow.a(w_pow.o)
 .comment       0x0000000000000023       0x12 E:\dSPACE\dSPACE RCPHIL 2020-B\DS1202\Lib/libm_fastpow.a(e_pow.o)
 .comment       0x0000000000000035       0x12 E:\dSPACE\dSPACE RCPHIL 2020-B\DS1202\Lib/libm_fastpow.a(s_scalbn.o)
 .comment       0x0000000000000047       0x12 c:/programdata/dspace/a8efd7e5-f405-47e4-9a8a-de544031d1f0/compiler/qnx650_520/host/win32/x86/usr/bin/../lib/gcc/powerpc-unknown-nto-qnx6.5.0/5.2.0/crtend.o

.PPC.EMB.apuinfo
                0x0000000000000000       0x18
 .PPC.EMB.apuinfo
                0x0000000000000000       0x18 rti_sim_engine.o07

.debug
 *(.debug)

.line
 *(.line)

.debug_srcinfo
 *(.debug_srcinfo)

.debug_sfnames
 *(.debug_sfnames)

.debug_aranges
 *(.debug_aranges)

.debug_pubnames
 *(.debug_pubnames)

.debug_info
 *(.debug_info .gnu.linkonce.wi.*)

.debug_abbrev
 *(.debug_abbrev)

.debug_line
 *(.debug_line)

.debug_frame
 *(.debug_frame)

.debug_str
 *(.debug_str)

.debug_loc
 *(.debug_loc)

.debug_macinfo
 *(.debug_macinfo)

.debug_weaknames
 *(.debug_weaknames)

.debug_funcnames
 *(.debug_funcnames)

.debug_typenames
 *(.debug_typenames)

.debug_varnames
 *(.debug_varnames)

.debug_pubtypes
 *(.debug_pubtypes)

.debug_ranges
 *(.debug_ranges)

.gnu.attributes
                0x0000000000000000       0x14
 *(.gnu.attributes)
 .gnu.attributes
                0x0000000000000000       0x10 Module_Test_5V.o07
 .gnu.attributes
                0x0000000000000010       0x10 rti_sim_engine.o07
 .gnu.attributes
                0x0000000000000020       0x10 rt_sim.o07
 .gnu.attributes
                0x0000000000000030       0x10 rti_assert.o07
 .gnu.attributes
                0x0000000000000040       0x14 E:\dSPACE\dSPACE RCPHIL 2020-B\DS1202\Lib/libm_fastpow.a(w_pow.o)
 .gnu.attributes
                0x0000000000000054       0x14 E:\dSPACE\dSPACE RCPHIL 2020-B\DS1202\Lib/libm_fastpow.a(e_pow.o)
 .gnu.attributes
                0x0000000000000068       0x14 E:\dSPACE\dSPACE RCPHIL 2020-B\DS1202\Lib/libm_fastpow.a(s_scalbn.o)

/DISCARD/
 *(.note.GNU-stack)
 *(.gnu_debuglink)
OUTPUT(Module_Test_5V.ppc elf32-powerpc)
