<*GNU-Linker-generated-mapfile*> 
Archive member included to satisfy reference by file (symbol)

C:\Program Files\dSPACE RCPHIL 2021-A\DS1202\Lib/librtversion.a(RtVersion.o)
                              (--whole-archive)
C:\Program Files\dSPACE RCPHIL 2021-A\DS1202\Lib/librtglobals.a(DsEESPort.o)
                              (--whole-archive)
C:\Program Files\dSPACE RCPHIL 2021-A\DS1202\Lib/libm_fastpow.a(w_pow.o)
                              C:\Program Files\dSPACE RCPHIL 2021-A\DS1202\Lib/librt1202.so (pow)
C:\Program Files\dSPACE RCPHIL 2021-A\DS1202\Lib/libm_fastpow.a(e_pow.o)
                              C:\Program Files\dSPACE RCPHIL 2021-A\DS1202\Lib/libm_fastpow.a(w_pow.o) (__ieee754_pow)
C:\Program Files\dSPACE RCPHIL 2021-A\DS1202\Lib/libm_fastpow.a(s_scalbn.o)
                              C:\Program Files\dSPACE RCPHIL 2021-A\DS1202\Lib/libm_fastpow.a(e_pow.o) (scalbn)

As-needed library included to satisfy reference by file (symbol)

libDsRealTimeTestingRP.so.1   rti_sim_engine.o07 (dsrtt_script_service_pre_computation)

Memory Configuration

Name             Origin             Length             Attributes
*default*        0x0000000000000000 0xffffffffffffffff

Linker script and memory map

LOAD C:\ProgramData\dSPACE\7290F786-B6F7-4BA3-9178-C21B0382F310\Compiler\QNX650_520\target\qnx6/ppcbe/lib/crt1.o
LOAD C:\ProgramData\dSPACE\7290F786-B6F7-4BA3-9178-C21B0382F310\Compiler\QNX650_520\target\qnx6/ppcbe/lib/crti.o
LOAD c:/programdata/dspace/7290f786-b6f7-4ba3-9178-c21b0382f310/compiler/qnx650_520/host/win32/x86/usr/bin/../lib/gcc/powerpc-unknown-nto-qnx6.5.0/5.2.0/crtbegin.o
                0x0000000000000000                _DSPACE_START = 0x0
                0x0000000000000000                _DSPACE_START_ = 0x0
                0x00000000000004b2                DS_TARGET_PLATFORM = 0x4b2
START GROUP
LOAD PMSM_Demo.o07
LOAD PMSM_Demo_data.o07
LOAD PMSM_Demo_trc_ptr.o07
LOAD rtGetInf.o07
LOAD rtGetNaN.o07
LOAD rt_nonfinite.o07
LOAD rt_zcfcn.o07
LOAD rti_sim_engine.o07
LOAD rti_init_c.o07
LOAD rt_sim.o07
LOAD rti_assert.o07
LOAD C:\Program Files\dSPACE RCPHIL 2021-A\DS1202\Lib/librtcan.so
LOAD C:\Program Files\dSPACE RCPHIL 2021-A\DS1202\Lib/librtj1939.so
LOAD C:\Program Files\dSPACE RCPHIL 2021-A\DS1202\Lib/librtser.so
LOAD C:\Program Files\dSPACE RCPHIL 2021-A\DS1202\Lib/librt13xxio.so
LOAD C:\Program Files\dSPACE RCPHIL 2021-A\DS1202\Lib/librt1202.so
LOAD C:\Program Files\dSPACE RCPHIL 2021-A\DS1202\Lib/librtwrap.so
LOAD C:\Program Files\dSPACE RCPHIL 2021-A\DS1202\Lib/librtversion.a
LOAD C:\Program Files\dSPACE RCPHIL 2021-A\DS1202\Lib/librtglobals.a
LOAD C:\Program Files\dSPACE RCPHIL 2021-A\DS1202\Lib/libm_fastpow.a
END GROUP
LOAD C:\Program Files\dSPACE RCPHIL 2021-A\DS1202\Lib/libstdc++.so
LOAD C:\ProgramData\dSPACE\7290F786-B6F7-4BA3-9178-C21B0382F310\Compiler\QNX650_520\target\qnx6/ppcbe/lib/libm.so
LOAD c:/programdata/dspace/7290f786-b6f7-4ba3-9178-c21b0382f310/compiler/qnx650_520/host/win32/x86/usr/bin/../lib/gcc/powerpc-unknown-nto-qnx6.5.0/5.2.0\libgcc.a
LOAD C:\ProgramData\dSPACE\7290F786-B6F7-4BA3-9178-C21B0382F310\Compiler\QNX650_520\target\qnx6/ppcbe/lib/libc.so
LOAD C:\ProgramData\dSPACE\7290F786-B6F7-4BA3-9178-C21B0382F310\Compiler\QNX650_520\target\qnx6/ppcbe/lib\libc.a
LOAD c:/programdata/dspace/7290f786-b6f7-4ba3-9178-c21b0382f310/compiler/qnx650_520/host/win32/x86/usr/bin/../lib/gcc/powerpc-unknown-nto-qnx6.5.0/5.2.0\libgcc.a
LOAD c:/programdata/dspace/7290f786-b6f7-4ba3-9178-c21b0382f310/compiler/qnx650_520/host/win32/x86/usr/bin/../lib/gcc/powerpc-unknown-nto-qnx6.5.0/5.2.0/crtend.o
LOAD C:\ProgramData\dSPACE\7290F786-B6F7-4BA3-9178-C21B0382F310\Compiler\QNX650_520\target\qnx6/ppcbe/lib/crtn.o
                [!provide]                        PROVIDE (__stack, 0x0)
                [!provide]                        PROVIDE (___stack, 0x0)
                [!provide]                        PROVIDE (__executable_start, 0x48040000)
                0x0000000048040134                . = (0x48040000 + SIZEOF_HEADERS)

.interp         0x0000000048040134       0x14
 *(.interp)
 .interp        0x0000000048040134       0x14 C:\ProgramData\dSPACE\7290F786-B6F7-4BA3-9178-C21B0382F310\Compiler\QNX650_520\target\qnx6/ppcbe/lib/crt1.o

.note           0x0000000048040150       0x18
 .note          0x0000000048040150       0x18 C:\ProgramData\dSPACE\7290F786-B6F7-4BA3-9178-C21B0382F310\Compiler\QNX650_520\target\qnx6/ppcbe/lib/crtn.o

.note.gnu.build-id
                0x0000000048040168       0x20
 *(.note.gnu.build-id)
 .note.gnu.build-id
                0x0000000048040168       0x20 C:\ProgramData\dSPACE\7290F786-B6F7-4BA3-9178-C21B0382F310\Compiler\QNX650_520\target\qnx6/ppcbe/lib/crt1.o

.hash           0x0000000048040188      0x4a8
 *(.hash)
 .hash          0x0000000048040188      0x4a8 C:\ProgramData\dSPACE\7290F786-B6F7-4BA3-9178-C21B0382F310\Compiler\QNX650_520\target\qnx6/ppcbe/lib/crt1.o

.gnu.hash
 *(.gnu.hash)

.dynsym         0x0000000048040630      0xa50
 *(.dynsym)
 .dynsym        0x0000000048040630      0xa50 C:\ProgramData\dSPACE\7290F786-B6F7-4BA3-9178-C21B0382F310\Compiler\QNX650_520\target\qnx6/ppcbe/lib/crt1.o

.dynstr         0x0000000048041080      0xe95
 *(.dynstr)
 .dynstr        0x0000000048041080      0xe95 C:\ProgramData\dSPACE\7290F786-B6F7-4BA3-9178-C21B0382F310\Compiler\QNX650_520\target\qnx6/ppcbe/lib/crt1.o

.gnu.version    0x0000000048041f16        0x0
 *(.gnu.version)
 .gnu.version   0x0000000048041f16        0x0 C:\ProgramData\dSPACE\7290F786-B6F7-4BA3-9178-C21B0382F310\Compiler\QNX650_520\target\qnx6/ppcbe/lib/crt1.o

.gnu.version_d  0x0000000048041f18        0x0
 *(.gnu.version_d)
 .gnu.version_d
                0x0000000048041f18        0x0 C:\ProgramData\dSPACE\7290F786-B6F7-4BA3-9178-C21B0382F310\Compiler\QNX650_520\target\qnx6/ppcbe/lib/crt1.o

.gnu.version_r  0x0000000048041f18        0x0
 *(.gnu.version_r)
 .gnu.version_r
                0x0000000048041f18        0x0 C:\ProgramData\dSPACE\7290F786-B6F7-4BA3-9178-C21B0382F310\Compiler\QNX650_520\target\qnx6/ppcbe/lib/crt1.o

.rel.dyn
 *(.rel.init)
 *(.rel.text .rel.text.* .rel.gnu.linkonce.t.*)
 *(.rel.fini)
 *(.rel.rodata .rel.rodata.* .rel.gnu.linkonce.r.*)
 *(.rel.data.rel.ro* .rel.gnu.linkonce.d.rel.ro.*)
 *(.rel.data .rel.data.* .rel.gnu.linkonce.d.*)
 *(.rel.tdata .rel.tdata.* .rel.gnu.linkonce.td.*)
 *(.rel.tbss .rel.tbss.* .rel.gnu.linkonce.tb.*)
 *(.rel.ctors)
 *(.rel.dtors)
 *(.rel.got)
 *(.rel.sdata .rel.sdata.* .rel.gnu.linkonce.s.*)
 *(.rel.sbss .rel.sbss.* .rel.gnu.linkonce.sb.*)
 *(.rel.sdata2 .rel.sdata2.* .rel.gnu.linkonce.s2.*)
 *(.rel.sbss2 .rel.sbss2.* .rel.gnu.linkonce.sb2.*)
 *(.rel.bss .rel.bss.* .rel.gnu.linkonce.b.*)

.rela.dyn       0x0000000048041f18       0x6c
 *(.rela.init)
 *(.rela.text .rela.text.* .rela.gnu.linkonce.t.*)
 .rela.text     0x0000000048041f18        0x0 C:\ProgramData\dSPACE\7290F786-B6F7-4BA3-9178-C21B0382F310\Compiler\QNX650_520\target\qnx6/ppcbe/lib/crt1.o
 *(.rela.fini)
 *(.rela.rodata .rela.rodata.* .rela.gnu.linkonce.r.*)
 .rela.rodata   0x0000000048041f18        0x0 C:\ProgramData\dSPACE\7290F786-B6F7-4BA3-9178-C21B0382F310\Compiler\QNX650_520\target\qnx6/ppcbe/lib/crt1.o
 *(.rela.data .rela.data.* .rela.gnu.linkonce.d.*)
 *(.rela.tdata .rela.tdata.* .rela.gnu.linkonce.td.*)
 *(.rela.tbss .rela.tbss.* .rela.gnu.linkonce.tb.*)
 *(.rela.ctors)
 *(.rela.dtors)
 *(.rela.got)
 .rela.got      0x0000000048041f18       0x48 C:\ProgramData\dSPACE\7290F786-B6F7-4BA3-9178-C21B0382F310\Compiler\QNX650_520\target\qnx6/ppcbe/lib/crt1.o
 *(.rela.got1)
 *(.rela.got2)
 *(.rela.sdata .rela.sdata.* .rela.gnu.linkonce.s.*)
 *(.rela.sbss .rela.sbss.* .rela.gnu.linkonce.sb.*)
 .rela.sbss     0x0000000048041f60        0x0 C:\ProgramData\dSPACE\7290F786-B6F7-4BA3-9178-C21B0382F310\Compiler\QNX650_520\target\qnx6/ppcbe/lib/crt1.o
 *(.rela.sdata2 .rela.sdata2.* .rela.gnu.linkonce.s2.*)
 *(.rela.sbss2 .rela.sbss2.* .rela.gnu.linkonce.sb2.*)
 *(.rela.bss .rela.bss.* .rela.gnu.linkonce.b.*)
 .rela.bss      0x0000000048041f60       0x24 C:\ProgramData\dSPACE\7290F786-B6F7-4BA3-9178-C21B0382F310\Compiler\QNX650_520\target\qnx6/ppcbe/lib/crt1.o
 .rela.iplt     0x0000000048041f84        0x0 C:\ProgramData\dSPACE\7290F786-B6F7-4BA3-9178-C21B0382F310\Compiler\QNX650_520\target\qnx6/ppcbe/lib/crt1.o

.rel.plt
 *(.rel.plt)

.rela.plt       0x0000000048041f84      0x6d8
 *(.rela.plt)
 .rela.plt      0x0000000048041f84      0x6d8 C:\ProgramData\dSPACE\7290F786-B6F7-4BA3-9178-C21B0382F310\Compiler\QNX650_520\target\qnx6/ppcbe/lib/crt1.o

.init           0x000000004804265c       0x24
 *(.init)
 .init          0x000000004804265c        0xc C:\ProgramData\dSPACE\7290F786-B6F7-4BA3-9178-C21B0382F310\Compiler\QNX650_520\target\qnx6/ppcbe/lib/crti.o
                0x000000004804265c                _init
 .init          0x0000000048042668        0x4 c:/programdata/dspace/7290f786-b6f7-4ba3-9178-c21b0382f310/compiler/qnx650_520/host/win32/x86/usr/bin/../lib/gcc/powerpc-unknown-nto-qnx6.5.0/5.2.0/crtbegin.o
 .init          0x000000004804266c        0x4 c:/programdata/dspace/7290f786-b6f7-4ba3-9178-c21b0382f310/compiler/qnx650_520/host/win32/x86/usr/bin/../lib/gcc/powerpc-unknown-nto-qnx6.5.0/5.2.0/crtend.o
 .init          0x0000000048042670       0x10 C:\ProgramData\dSPACE\7290F786-B6F7-4BA3-9178-C21B0382F310\Compiler\QNX650_520\target\qnx6/ppcbe/lib/crtn.o

.text           0x0000000048042680     0x640c
                0x0000000048042680                _btext = .
 *(.text .stub .text.* .gnu.linkonce.t.*)
 .text          0x0000000048042680      0x118 C:\ProgramData\dSPACE\7290F786-B6F7-4BA3-9178-C21B0382F310\Compiler\QNX650_520\target\qnx6/ppcbe/lib/crt1.o
                0x0000000048042680                _start
 .text          0x0000000048042798        0x0 C:\ProgramData\dSPACE\7290F786-B6F7-4BA3-9178-C21B0382F310\Compiler\QNX650_520\target\qnx6/ppcbe/lib/crti.o
 .text          0x0000000048042798      0x2b0 c:/programdata/dspace/7290f786-b6f7-4ba3-9178-c21b0382f310/compiler/qnx650_520/host/win32/x86/usr/bin/../lib/gcc/powerpc-unknown-nto-qnx6.5.0/5.2.0/crtbegin.o
 *fill*         0x0000000048042a48        0x8 00000000
 .text          0x0000000048042a50     0x32ac PMSM_Demo.o07
                0x0000000048042a50                look1_binlxpw
                0x0000000048042b60                mul_wide_su32
                0x0000000048042c10                look1_iu8lu32n31Ds16_binlcf
                0x0000000048042d60                mul_ssu32_loSR
                0x0000000048042db0                div_nzp_repeat_u32
                0x0000000048042e00                rt_modd_snf
                0x0000000048042fc0                PMSM_Demo_Control_Reset
                0x00000000480430f0                PMSM_Demo_Control_Init
                0x0000000048043100                PMSM_Demo_Control
                0x00000000480451c0                PMSM_Demo_Control_Term
                0x0000000048045230                PMSM_Demo_output
                0x0000000048045a70                PMSM_Demo_update
                0x0000000048045b20                PMSM_Demo_initialize
                0x0000000048045cc0                PMSM_Demo_terminate
 .text          0x0000000048045cfc        0x0 PMSM_Demo_data.o07
 .text          0x0000000048045cfc      0x214 PMSM_Demo_trc_ptr.o07
                0x0000000048045edc                PMSM_Demo_rti_init_trc_pointers
 .text          0x0000000048045f10       0x5c rtGetInf.o07
                0x0000000048045f10                rtGetInf
                0x0000000048045f30                rtGetInfF
                0x0000000048045f40                rtGetMinusInf
                0x0000000048045f60                rtGetMinusInfF
 *fill*         0x0000000048045f6c        0x4 00000000
 .text          0x0000000048045f70       0x3c rtGetNaN.o07
                0x0000000048045f70                rtGetNaN
                0x0000000048045fa0                rtGetNaNF
 *fill*         0x0000000048045fac        0x4 00000000
 .text          0x0000000048045fb0      0x158 rt_nonfinite.o07
                0x0000000048045fb0                rt_InitInfAndNaN
                0x0000000048046010                rtIsInf
                0x0000000048046040                rtIsInfF
                0x0000000048046070                rtIsNaN
                0x00000000480460c0                rtIsNaNF
 *fill*         0x0000000048046108        0x8 00000000
 .text          0x0000000048046110       0xf8 rt_zcfcn.o07
                0x0000000048046110                rt_ZCFcn
 *fill*         0x0000000048046208        0x8 00000000
 .text          0x0000000048046210      0x904 rti_sim_engine.o07
                0x0000000048046aa0                rtk_idle_function
                0x0000000048046ab0                rti_th_timertask1_trigger_source
                0x0000000048046b00                initConditions
                0x0000000048046b10                initVariables
 .text.unlikely
                0x0000000048046b14       0x78 rti_sim_engine.o07
 *fill*         0x0000000048046b8c        0x4 00000000
 .text.startup  0x0000000048046b90     0x12e8 rti_sim_engine.o07
                0x0000000048046b90                main
 *fill*         0x0000000048047e78        0x8 00000000
 .text          0x0000000048047e80       0x40 rti_init_c.o07
                0x0000000048047e80                rti_init
 .text          0x0000000048047ec0       0x44 rt_sim.o07
                0x0000000048047ec0                rt_SimInitTimingEngine
                0x0000000048047ef0                rt_SimGetNextSampleHit
                0x0000000048047f00                rt_SimUpdateDiscreteTaskSampleHits
 *fill*         0x0000000048047f04        0xc 00000000
 .text          0x0000000048047f10       0xd4 rti_assert.o07
                0x0000000048047f10                rti_assertion_handler
                0x0000000048047fa0                rti_assertion_mode_msg
 .text          0x0000000048047fe4        0x0 C:\Program Files\dSPACE RCPHIL 2021-A\DS1202\Lib/librtversion.a(RtVersion.o)
 *fill*         0x0000000048047fe4        0xc 00000000
 .text          0x0000000048047ff0        0x4 C:\Program Files\dSPACE RCPHIL 2021-A\DS1202\Lib/librtglobals.a(DsEESPort.o)
                0x0000000048047ff0                DsEesPort_init()
 .text          0x0000000048047ff4       0x20 C:\Program Files\dSPACE RCPHIL 2021-A\DS1202\Lib/libm_fastpow.a(w_pow.o)
                0x0000000048047ff4                pow
 .text          0x0000000048048014      0x85c C:\Program Files\dSPACE RCPHIL 2021-A\DS1202\Lib/libm_fastpow.a(e_pow.o)
                0x0000000048048014                __ieee754_pow
 .text          0x0000000048048870      0x188 C:\Program Files\dSPACE RCPHIL 2021-A\DS1202\Lib/libm_fastpow.a(s_scalbn.o)
                0x0000000048048870                scalbn
 .text          0x00000000480489f8       0x94 c:/programdata/dspace/7290f786-b6f7-4ba3-9178-c21b0382f310/compiler/qnx650_520/host/win32/x86/usr/bin/../lib/gcc/powerpc-unknown-nto-qnx6.5.0/5.2.0/crtend.o
 .text          0x0000000048048a8c        0x0 C:\ProgramData\dSPACE\7290F786-B6F7-4BA3-9178-C21B0382F310\Compiler\QNX650_520\target\qnx6/ppcbe/lib/crtn.o
 *(.gnu.warning)
 *(.glink)
 .glink         0x0000000048048a8c        0x0 C:\ProgramData\dSPACE\7290F786-B6F7-4BA3-9178-C21B0382F310\Compiler\QNX650_520\target\qnx6/ppcbe/lib/crt1.o

.fini           0x0000000048048a8c       0x20
 *(.fini)
 .fini          0x0000000048048a8c        0xc C:\ProgramData\dSPACE\7290F786-B6F7-4BA3-9178-C21B0382F310\Compiler\QNX650_520\target\qnx6/ppcbe/lib/crti.o
                0x0000000048048a8c                _fini
 .fini          0x0000000048048a98        0x4 c:/programdata/dspace/7290f786-b6f7-4ba3-9178-c21b0382f310/compiler/qnx650_520/host/win32/x86/usr/bin/../lib/gcc/powerpc-unknown-nto-qnx6.5.0/5.2.0/crtbegin.o
 .fini          0x0000000048048a9c       0x10 C:\ProgramData\dSPACE\7290F786-B6F7-4BA3-9178-C21B0382F310\Compiler\QNX650_520\target\qnx6/ppcbe/lib/crtn.o
                [!provide]                        PROVIDE (__etext, .)
                0x0000000048048aac                PROVIDE (_etext, .)
                [!provide]                        PROVIDE (etext, .)

.rodata         0x0000000048048ab0      0x598
 *(.rodata .rodata.* .gnu.linkonce.r.*)
 .rodata        0x0000000048048ab0        0x4 PMSM_Demo.o07
                0x0000000048048ab0                PMSM_Demo_M
 .rodata.cst4   0x0000000048048ab4       0x18 PMSM_Demo.o07
 *fill*         0x0000000048048acc        0x4 
 .rodata.cst8   0x0000000048048ad0        0x8 PMSM_Demo.o07
 .rodata.str1.4
                0x0000000048048ad8       0x12 PMSM_Demo.o07
 *fill*         0x0000000048048aea        0x2 
 .rodata.cst4   0x0000000048048aec        0x8 rtGetInf.o07
 .rodata.cst4   0x0000000048048af4        0x4 rtGetNaN.o07
 .rodata        0x0000000048048af8       0x13 rt_zcfcn.o07
 .rodata.cst4   0x0000000048048b0b        0x4 rt_zcfcn.o07
 *fill*         0x0000000048048b0b        0x5 
 .rodata        0x0000000048048b10       0x3c rti_sim_engine.o07
                0x0000000048048b40                rtiDataSetStorageEnabled
                0x0000000048048b44                p_dsts_sum_of_reset_time
                0x0000000048048b48                p_msg_last_error_no
 .rodata.cst4   0x0000000048048b4c        0x8 rti_sim_engine.o07
                                          0xc (size before relaxing)
 *fill*         0x0000000048048b54        0x4 
 .rodata.cst8   0x0000000048048b58       0x18 rti_sim_engine.o07
                                         0x20 (size before relaxing)
 .rodata.str1.4
                0x0000000048048b70      0x29c rti_sim_engine.o07
 .rodata.cst4   0x0000000048048e0c        0x4 rt_sim.o07
                                          0x8 (size before relaxing)
 .rodata.str1.4
                0x0000000048048e10       0x71 rt_sim.o07
 *fill*         0x0000000048048e81        0x3 
 .rodata.str1.4
                0x0000000048048e84       0x70 rti_assert.o07
                                         0x6d (size before relaxing)
 *fill*         0x0000000048048ef4        0x4 
 .rodata        0x0000000048048ef8       0x30 C:\Program Files\dSPACE RCPHIL 2021-A\DS1202\Lib/libm_fastpow.a(e_pow.o)
 .rodata.cst4   0x0000000048048f28        0x8 C:\Program Files\dSPACE RCPHIL 2021-A\DS1202\Lib/libm_fastpow.a(e_pow.o)
 .rodata.cst8   0x0000000048048f30       0xe8 C:\Program Files\dSPACE RCPHIL 2021-A\DS1202\Lib/libm_fastpow.a(e_pow.o)
 .rodata.cst8   0x0000000048049018       0x30 C:\Program Files\dSPACE RCPHIL 2021-A\DS1202\Lib/libm_fastpow.a(s_scalbn.o)

.rodata1
 *(.rodata1)

.sdata2         0x0000000048049048        0x0
                0x0000000000008000                PROVIDE (_SDA2_BASE_, 0x8000)
 *(.sdata2 .sdata2.* .gnu.linkonce.s2.*)
 .sdata2        0x0000000048049048        0x0 C:\ProgramData\dSPACE\7290F786-B6F7-4BA3-9178-C21B0382F310\Compiler\QNX650_520\target\qnx6/ppcbe/lib/crt1.o

.sbss2
 *(.sbss2 .sbss2.* .gnu.linkonce.sb2.*)

.eh_frame_hdr   0x0000000048049048       0x14
 *(.eh_frame_hdr)
 .eh_frame_hdr  0x0000000048049048       0x14 C:\Program Files\dSPACE RCPHIL 2021-A\DS1202\Lib/librtglobals.a(DsEESPort.o)

.eh_frame       0x000000004804905c       0x2c
 *(.eh_frame)
 .eh_frame      0x000000004804905c        0x0 C:\ProgramData\dSPACE\7290F786-B6F7-4BA3-9178-C21B0382F310\Compiler\QNX650_520\target\qnx6/ppcbe/lib/crt1.o
 .eh_frame      0x000000004804905c        0x0 c:/programdata/dspace/7290f786-b6f7-4ba3-9178-c21b0382f310/compiler/qnx650_520/host/win32/x86/usr/bin/../lib/gcc/powerpc-unknown-nto-qnx6.5.0/5.2.0/crtbegin.o
 .eh_frame      0x000000004804905c       0x28 C:\Program Files\dSPACE RCPHIL 2021-A\DS1202\Lib/librtglobals.a(DsEESPort.o)
 .eh_frame      0x0000000048049084        0x4 c:/programdata/dspace/7290f786-b6f7-4ba3-9178-c21b0382f310/compiler/qnx650_520/host/win32/x86/usr/bin/../lib/gcc/powerpc-unknown-nto-qnx6.5.0/5.2.0/crtend.o

.gcc_except_table
 *(.gcc_except_table .gcc_except_table.*)
                0x0000000048049088                . = (ALIGN (0x1000) - ((0x1000 - .) & 0xfff))
                0x000000004804a088                . = DATA_SEGMENT_ALIGN (0x1000, 0x1000)

.eh_frame
 *(.eh_frame)

.gcc_except_table
 *(.gcc_except_table .gcc_except_table.*)

.tdata
 *(.tdata .tdata.* .gnu.linkonce.td.*)

.tbss
 *(.tbss .tbss.* .gnu.linkonce.tb.*)
 *(.tcommon)

.preinit_array  0x000000004804a088        0x0
                0x000000004804a088                PROVIDE (__preinit_array_start, .)
 *(.preinit_array)
                0x000000004804a088                PROVIDE (__preinit_array_end, .)

.init_array     0x000000004804a088        0x0
                0x000000004804a088                PROVIDE (__init_array_start, .)
 *(SORT(.init_array.*))
 *(.init_array)
                0x000000004804a088                PROVIDE (__init_array_end, .)

.fini_array     0x000000004804a088        0x0
                0x000000004804a088                PROVIDE (__fini_array_start, .)
 *(.fini_array)
 *(SORT(.fini_array.*))
                0x000000004804a088                PROVIDE (__fini_array_end, .)

.ctors          0x000000004804a088        0x8
 *crtbegin.o(.ctors)
 .ctors         0x000000004804a088        0x4 c:/programdata/dspace/7290f786-b6f7-4ba3-9178-c21b0382f310/compiler/qnx650_520/host/win32/x86/usr/bin/../lib/gcc/powerpc-unknown-nto-qnx6.5.0/5.2.0/crtbegin.o
 *crtbegin?.o(.ctors)
 *(EXCLUDE_FILE(*crtend?.o *crtend.o) .ctors)
 *(SORT(.ctors.*))
 *(.ctors)
 .ctors         0x000000004804a08c        0x4 c:/programdata/dspace/7290f786-b6f7-4ba3-9178-c21b0382f310/compiler/qnx650_520/host/win32/x86/usr/bin/../lib/gcc/powerpc-unknown-nto-qnx6.5.0/5.2.0/crtend.o

.dtors          0x000000004804a090        0x8
 *crtbegin.o(.dtors)
 .dtors         0x000000004804a090        0x4 c:/programdata/dspace/7290f786-b6f7-4ba3-9178-c21b0382f310/compiler/qnx650_520/host/win32/x86/usr/bin/../lib/gcc/powerpc-unknown-nto-qnx6.5.0/5.2.0/crtbegin.o
 *crtbegin?.o(.dtors)
 *(EXCLUDE_FILE(*crtend?.o *crtend.o) .dtors)
 *(SORT(.dtors.*))
 *(.dtors)
 .dtors         0x000000004804a094        0x4 c:/programdata/dspace/7290f786-b6f7-4ba3-9178-c21b0382f310/compiler/qnx650_520/host/win32/x86/usr/bin/../lib/gcc/powerpc-unknown-nto-qnx6.5.0/5.2.0/crtend.o
                0x000000004804a094                __DTOR_END__

.jcr            0x000000004804a098        0x4
 *(.jcr)
 .jcr           0x000000004804a098        0x0 c:/programdata/dspace/7290f786-b6f7-4ba3-9178-c21b0382f310/compiler/qnx650_520/host/win32/x86/usr/bin/../lib/gcc/powerpc-unknown-nto-qnx6.5.0/5.2.0/crtbegin.o
 .jcr           0x000000004804a098        0x4 c:/programdata/dspace/7290f786-b6f7-4ba3-9178-c21b0382f310/compiler/qnx650_520/host/win32/x86/usr/bin/../lib/gcc/powerpc-unknown-nto-qnx6.5.0/5.2.0/crtend.o

.data.rel.ro
 *(.data.rel.ro.local* .gnu.linkonce.d.rel.ro.local.*)
 *(.data.rel.ro* .gnu.linkonce.d.rel.ro.*)

.fixup
 *(.fixup)

.got1
 *(.got1)

.got2
 *(.got2)

.dynamic        0x000000004804a09c      0x100
 *(.dynamic)
 .dynamic       0x000000004804a09c      0x100 C:\ProgramData\dSPACE\7290F786-B6F7-4BA3-9178-C21B0382F310\Compiler\QNX650_520\target\qnx6/ppcbe/lib/crt1.o
                0x000000004804a09c                _DYNAMIC

.got
 *(.got)
                0x000000004804a19c                . = DATA_SEGMENT_RELRO_END (., 0x0)

.plt
 *(.plt)

.data           0x000000004804a1a0      0xab0
 *(.data .data.* .gnu.linkonce.d.*)
 .data          0x000000004804a1a0        0x0 C:\ProgramData\dSPACE\7290F786-B6F7-4BA3-9178-C21B0382F310\Compiler\QNX650_520\target\qnx6/ppcbe/lib/crt1.o
 .data          0x000000004804a1a0        0x0 C:\ProgramData\dSPACE\7290F786-B6F7-4BA3-9178-C21B0382F310\Compiler\QNX650_520\target\qnx6/ppcbe/lib/crti.o
 .data          0x000000004804a1a0        0x0 c:/programdata/dspace/7290f786-b6f7-4ba3-9178-c21b0382f310/compiler/qnx650_520/host/win32/x86/usr/bin/../lib/gcc/powerpc-unknown-nto-qnx6.5.0/5.2.0/crtbegin.o
 .data.rel.local
                0x000000004804a1a0        0x4 c:/programdata/dspace/7290f786-b6f7-4ba3-9178-c21b0382f310/compiler/qnx650_520/host/win32/x86/usr/bin/../lib/gcc/powerpc-unknown-nto-qnx6.5.0/5.2.0/crtbegin.o
                0x000000004804a1a0                __dso_handle
 .data          0x000000004804a1a4        0x0 PMSM_Demo.o07
 *fill*         0x000000004804a1a4        0x4 
 .data          0x000000004804a1a8      0xa88 PMSM_Demo_data.o07
                0x000000004804a1a8                PMSM_Demo_P
 .data          0x000000004804ac30        0x0 PMSM_Demo_trc_ptr.o07
 .data          0x000000004804ac30        0x0 rtGetInf.o07
 .data          0x000000004804ac30        0x0 rtGetNaN.o07
 .data          0x000000004804ac30        0x0 rt_nonfinite.o07
 .data          0x000000004804ac30        0x0 rt_zcfcn.o07
 .data          0x000000004804ac30       0x14 rti_sim_engine.o07
                0x000000004804ac30                simState
                0x000000004804ac40                lastSimState
 .data          0x000000004804ac44        0x0 rti_init_c.o07
 .data          0x000000004804ac44        0x0 rt_sim.o07
 .data          0x000000004804ac44        0x0 rti_assert.o07
 .data          0x000000004804ac44        0x0 C:\Program Files\dSPACE RCPHIL 2021-A\DS1202\Lib/librtversion.a(RtVersion.o)
 .data          0x000000004804ac44        0x0 C:\Program Files\dSPACE RCPHIL 2021-A\DS1202\Lib/librtglobals.a(DsEESPort.o)
 .data.rel      0x000000004804ac44        0xc C:\Program Files\dSPACE RCPHIL 2021-A\DS1202\Lib/librtglobals.a(DsEESPort.o)
                0x000000004804ac44                p_xilapi_eesport_errorswitching_uint32_T
                0x000000004804ac48                p_xilapi_eesport_erroractivated_uint32_T
                0x000000004804ac4c                p_xilapi_eesport_activeerrorset_uint32_T
 .data          0x000000004804ac50        0x0 C:\Program Files\dSPACE RCPHIL 2021-A\DS1202\Lib/libm_fastpow.a(w_pow.o)
 .data          0x000000004804ac50        0x0 C:\Program Files\dSPACE RCPHIL 2021-A\DS1202\Lib/libm_fastpow.a(e_pow.o)
 .data          0x000000004804ac50        0x0 C:\Program Files\dSPACE RCPHIL 2021-A\DS1202\Lib/libm_fastpow.a(s_scalbn.o)
 .data          0x000000004804ac50        0x0 c:/programdata/dspace/7290f786-b6f7-4ba3-9178-c21b0382f310/compiler/qnx650_520/host/win32/x86/usr/bin/../lib/gcc/powerpc-unknown-nto-qnx6.5.0/5.2.0/crtend.o
 .data          0x000000004804ac50        0x0 C:\ProgramData\dSPACE\7290F786-B6F7-4BA3-9178-C21B0382F310\Compiler\QNX650_520\target\qnx6/ppcbe/lib/crtn.o

.tm_clone_table
                0x000000004804ac50        0x0
 .tm_clone_table
                0x000000004804ac50        0x0 c:/programdata/dspace/7290f786-b6f7-4ba3-9178-c21b0382f310/compiler/qnx650_520/host/win32/x86/usr/bin/../lib/gcc/powerpc-unknown-nto-qnx6.5.0/5.2.0/crtbegin.o
 .tm_clone_table
                0x000000004804ac50        0x0 c:/programdata/dspace/7290f786-b6f7-4ba3-9178-c21b0382f310/compiler/qnx650_520/host/win32/x86/usr/bin/../lib/gcc/powerpc-unknown-nto-qnx6.5.0/5.2.0/crtend.o

.data1
 *(.data1)

.got            0x000000004804ac50       0x54
 *(.got)
 .got           0x000000004804ac50       0x54 C:\ProgramData\dSPACE\7290F786-B6F7-4BA3-9178-C21B0382F310\Compiler\QNX650_520\target\qnx6/ppcbe/lib/crt1.o
                0x000000004804ac98                _GLOBAL_OFFSET_TABLE_

.sdata          0x000000004804aca4        0x0
                0x0000000000008000                PROVIDE (_SDA_BASE_, 0x8000)
 *(.sdata .sdata.* .gnu.linkonce.s.*)
 .sdata         0x000000004804aca4        0x0 C:\ProgramData\dSPACE\7290F786-B6F7-4BA3-9178-C21B0382F310\Compiler\QNX650_520\target\qnx6/ppcbe/lib/crt1.o
                0x000000004804aca4                _edata = .
                [!provide]                        PROVIDE (edata, .)
                0x000000004804aca4                __bss_start = .

.sbss           0x000000004804aca4        0x0
                [!provide]                        PROVIDE (__sbss_start, .)
                [!provide]                        PROVIDE (___sbss_start, .)
 *(.dynsbss)
 .dynsbss       0x000000004804aca4        0x0 C:\ProgramData\dSPACE\7290F786-B6F7-4BA3-9178-C21B0382F310\Compiler\QNX650_520\target\qnx6/ppcbe/lib/crt1.o
 *(.sbss .sbss.* .gnu.linkonce.sb.*)
 *(.scommon)
                [!provide]                        PROVIDE (__sbss_end, .)
                [!provide]                        PROVIDE (___sbss_end, .)

.plt            0x000000004804aca4      0x720
 *(.plt)
 .plt           0x000000004804aca4      0x720 C:\ProgramData\dSPACE\7290F786-B6F7-4BA3-9178-C21B0382F310\Compiler\QNX650_520\target\qnx6/ppcbe/lib/crt1.o
                0x000000004804acec                DioCl1HallIn_setSigEdgePositions
                0x000000004804acf4                DioCl1EncoderIn_getIsIndexRaised
                0x000000004804acfc                ts_reset
                0x000000004804ad04                __register_frame_info
                0x000000004804ad0c                msg_error_clear
                0x000000004804ad14                DioCl1MultiPwmOut_write
                0x000000004804ad1c                AdcCl1AnalogIn_read
                0x000000004804ad24                DioCl1EncoderIn_setGatedMode
                0x000000004804ad2c                dsrtt_set_current_time
                0x000000004804ad34                sqrt
                0x000000004804ad3c                DioCl1MultiPwmOut_setTriggerMode
                0x000000004804ad44                rtk_current_task_absolute_time_ptr_get
                0x000000004804ad4c                DsTimeSync_simstateRun
                0x000000004804ad54                DioCl1PwmOut_setPeriod
                0x000000004804ad5c                floor
                0x000000004804ad64                DioCl1MultiPwmOut_apply
                0x000000004804ad6c                DioCl1HallIn_write
                0x000000004804ad74                DioCl1MultiPwmOut_setEventDownsample
                0x000000004804ad7c                DioCl1HallIn_start
                0x000000004804ad84                DioCl1PwmOut_setOutputHighZ
                0x000000004804ad8c                rtk_setup_temp_overrun_handling
                0x000000004804ad94                DioCl1DigOut_setChMaskOutData
                0x000000004804ad9c                SrtkIntBase_requestTaskMode
                0x000000004804ada4                rtk_reset_tasks
                0x000000004804adac                DioCl1EncoderIn_setIndexMode
                0x000000004804adb4                Acu_setInputSensor
                0x000000004804adbc                __cxa_finalize
                0x000000004804adc4                DioCl1HallIn_setReverseDirection
                0x000000004804adcc                DioCl1MultiPwmOut_setDutyCycle
                0x000000004804add4                Acu_getMotorSpeed
                0x000000004804addc                DioCl1MultiPwmOut_setSignalVoltage
                0x000000004804ade4                _init_array
                0x000000004804adec                rtk_set_task_type
                0x000000004804adf4                DsTimeSync_baserate
                0x000000004804adfc                rtk_task_name_set
                0x000000004804ae04                DioCl1MultiPwmOut_setUpdateMode
                0x000000004804ae0c                Acu_setMotorPolePairCount
                0x000000004804ae14                DioCl1DigOut_setChMaskOutHighZ
                0x000000004804ae1c                dsrtt_script_service_post_computation
                0x000000004804ae24                rtk_create_task
                0x000000004804ae2c                msg_warning_printf
                0x000000004804ae34                DioCl1EncoderIn_setMaxPosition
                0x000000004804ae3c                DioCl1EncoderIn_setMinPosition
                0x000000004804ae44                DioCl1HallIn_getSensorSignals
                0x000000004804ae4c                DioCl1PwmOut_start
                0x000000004804ae54                msg_last_error_number
                0x000000004804ae5c                AdcCl1AnalogIn_setConversTrigger
                0x000000004804ae64                dsparam_copy_data_set
                0x000000004804ae6c                SrtkPreload_preloadRegion
                0x000000004804ae74                Acu_read
                0x000000004804ae7c                msg_error_set
                0x000000004804ae84                DioCl1MultiPwmOut_setTriggerLineOut
                0x000000004804ae8c                rtk_enable_services
                0x000000004804ae94                SrtkDaq_Init
                0x000000004804ae9c                Acu_getElecPosition
                0x000000004804aea4                DioCl1DigOut_setSignalVoltage
                0x000000004804aeac                rtk_task_task_calls_get
                0x000000004804aeb4                DsTimeSync_setCurrentTimePtr
                0x000000004804aebc                SrtkIntBase_enableIntGlobal
                0x000000004804aec4                Acu_getIsElecPosValid
                0x000000004804aecc                AdcCl1AnalogIn_setConversionMode
                0x000000004804aed4                rtk_overrun_flag_clear
                0x000000004804aedc                DioCl1MultiPwmOut_setAlignmentMode
                0x000000004804aee4                DioCl1EncoderIn_getMechPosition
                0x000000004804aeec                rtk_bind_interrupt
                0x000000004804aef4                DioCl1PwmOut_apply
                0x000000004804aefc                AdcCl1AnalogIn_apply
                0x000000004804af04                _init_libc
                0x000000004804af0c                DioCl1MultiPwmOut_setOutputHighZ
                0x000000004804af14                dsrtt_init
                0x000000004804af1c                DioCl1HallIn_getIsPositionValid
                0x000000004804af24                DioCl1EncoderIn_setMeasurementInterval
                0x000000004804af2c                DioCl1EncoderIn_read
                0x000000004804af34                DioCl1DigOut_write
                0x000000004804af3c                SrtkApp_terminate
                0x000000004804af44                DioCl1DigOut_start
                0x000000004804af4c                DioCl1PwmOut_setDutyCycle
                0x000000004804af54                DioCl1MultiPwmOut_setEventDelay
                0x000000004804af5c                msg_info_set
                0x000000004804af64                DioCl1MultiPwmOut_setRisingEdgeDelay
                0x000000004804af6c                DioCl1EncoderIn_getMechVelocity
                0x000000004804af74                SensorSupply_create
                0x000000004804af7c                DioCl1PwmOut_create
                0x000000004804af84                dsrtt_script_service_pre_computation
                0x000000004804af8c                msg_error_printf
                0x000000004804af94                AdcCl1AnalogIn_setTriggerLineIn
                0x000000004804af9c                DioCl1EncoderIn_setEncPosition
                0x000000004804afa4                DioCl1EncoderIn_setIndexPosition
                0x000000004804afac                memset
                0x000000004804afb4                DioCl1DigOut_create
                0x000000004804afbc                _Sin
                0x000000004804afc4                DioCl1MultiPwmOut_setPeriod
                0x000000004804afcc                Acu_getCurrentInputSensorNo
                0x000000004804afd4                rtk_leave_idle_mode
                0x000000004804afdc                DioCl1EncoderIn_create
                0x000000004804afe4                DioCl1HallIn_apply
                0x000000004804afec                fmod
                0x000000004804aff4                Acu_apply
                0x000000004804affc                __wrap_exit
                0x000000004804b004                DioCl1DigOut_apply
                0x000000004804b00c                __wrap_atexit
                0x000000004804b014                AdcCl1AnalogIn_start
                0x000000004804b01c                _fini_array
                0x000000004804b024                SensorSupply_setVoltage
                0x000000004804b02c                SrtkDaq_Background
                0x000000004804b034                _preinit_array
                0x000000004804b03c                SrtkApp_init
                0x000000004804b044                DioCl1PwmOut_setInvertingMode
                0x000000004804b04c                DioCl1MultiPwmOut_start
                0x000000004804b054                DioCl1EncoderIn_start
                0x000000004804b05c                DioCl1MultiPwmOut_create
                0x000000004804b064                SrtkDaq_Service
                0x000000004804b06c                Acu_start
                0x000000004804b074                rtk_task_task_name_get
                0x000000004804b07c                SrtkSim_notifyStateTransition
                0x000000004804b084                AdcCl1AnalogIn_getSingleValue
                0x000000004804b08c                DioCl1EncoderIn_apply
                0x000000004804b094                DioCl1EncoderIn_stop
                0x000000004804b09c                Acu_create
                0x000000004804b0a4                DioCl1HallIn_read
                0x000000004804b0ac                msg_set
                0x000000004804b0b4                SensorSupply_apply
                0x000000004804b0bc                DioCl1EncoderIn_setEncoderLines
                0x000000004804b0c4                DioCl1PwmOut_setSignalVoltage
                0x000000004804b0cc                rtk_get_subentry
                0x000000004804b0d4                Acu_setSensorPolePairCount
                0x000000004804b0dc                DioCl1PwmOut_write
                0x000000004804b0e4                dsrtt_set_step_size
                0x000000004804b0ec                rtk_enter_idle_mode
                0x000000004804b0f4                DioCl1PwmOut_setUpdateMode
                0x000000004804b0fc                rtk_initialize
                0x000000004804b104                DioCl1MultiPwmOut_setInterruptMode
                0x000000004804b10c                DioCl1MultiPwmOut_setInvertingMode
                0x000000004804b114                SensorSupply_setSensorState
                0x000000004804b11c                SensorSupply_start
                0x000000004804b124                SrtkApp_background
                0x000000004804b12c                rtk_default_overrun_fcn
                0x000000004804b134                DioCl1HallIn_getPosition
                0x000000004804b13c                AdcCl1AnalogIn_create
                0x000000004804b144                vcm_module_register
                0x000000004804b14c                DioCl1HallIn_create
                0x000000004804b154                DsTimeSync_simstateStop
                0x000000004804b15c                SrtkIntBase_disableIntGlobal
                0x000000004804b164                DioCl1HallIn_setPositionOffset
                0x000000004804b16c                SrtkSim_registerState
                0x000000004804b174                __deregister_frame_info

.bss            0x000000004804b3c8     0x10dc
 *(.dynbss)
 .dynbss        0x000000004804b3c8       0x14 C:\ProgramData\dSPACE\7290F786-B6F7-4BA3-9178-C21B0382F310\Compiler\QNX650_520\target\qnx6/ppcbe/lib/crt1.o
                0x000000004804b3c8                errno
                0x000000004804b3d0                dsts_sum_of_reseted_time
                0x000000004804b3d8                msg_last_error_no
 *(.bss .bss.* .gnu.linkonce.b.*)
 .bss           0x000000004804b3dc        0x0 C:\ProgramData\dSPACE\7290F786-B6F7-4BA3-9178-C21B0382F310\Compiler\QNX650_520\target\qnx6/ppcbe/lib/crt1.o
 .bss           0x000000004804b3dc        0x0 C:\ProgramData\dSPACE\7290F786-B6F7-4BA3-9178-C21B0382F310\Compiler\QNX650_520\target\qnx6/ppcbe/lib/crti.o
 .bss           0x000000004804b3dc       0x20 c:/programdata/dspace/7290f786-b6f7-4ba3-9178-c21b0382f310/compiler/qnx650_520/host/win32/x86/usr/bin/../lib/gcc/powerpc-unknown-nto-qnx6.5.0/5.2.0/crtbegin.o
 *fill*         0x000000004804b3fc        0x4 
 .bss           0x000000004804b400      0xf50 PMSM_Demo.o07
                0x000000004804b400                PMSM_Demo_DW
                0x000000004804b5b8                PMSM_Demo_B
                0x000000004804c208                PMSM_Demo_PrevZCX
                0x000000004804c210                PMSM_Demo_M_
 .bss           0x000000004804c350        0x0 PMSM_Demo_data.o07
 .bss           0x000000004804c350       0x70 PMSM_Demo_trc_ptr.o07
                0x000000004804c350                p_0_PMSM_Demo_real_T_0
                0x000000004804c354                p_0_PMSM_Demo_uint32_T_1
                0x000000004804c358                p_0_PMSM_Demo_int32_T_2
                0x000000004804c35c                p_0_PMSM_Demo_int16_T_3
                0x000000004804c360                p_0_PMSM_Demo_uint8_T_4
                0x000000004804c364                p_0_PMSM_Demo_boolean_T_5
                0x000000004804c368                p_1_PMSM_Demo_real_T_0
                0x000000004804c36c                p_1_PMSM_Demo_struct_SPJi1DXfNcjd7Ee0UF7vjC_1
                0x000000004804c370                p_1_PMSM_Demo_struct_SPJi1DXfNcjd7Ee0UF7vjC_2
                0x000000004804c374                p_1_PMSM_Demo_struct_SPJi1DXfNcjd7Ee0UF7vjC_3
                0x000000004804c378                p_1_PMSM_Demo_struct_SPJi1DXfNcjd7Ee0UF7vjC_4
                0x000000004804c37c                p_1_PMSM_Demo_struct_SPJi1DXfNcjd7Ee0UF7vjC_5
                0x000000004804c380                p_1_PMSM_Demo_struct_SPJi1DXfNcjd7Ee0UF7vjC_6
                0x000000004804c384                p_1_PMSM_Demo_struct_SPJi1DXfNcjd7Ee0UF7vjC_7
                0x000000004804c388                p_1_PMSM_Demo_struct_SPJi1DXfNcjd7Ee0UF7vjC_8
                0x000000004804c38c                p_1_PMSM_Demo_struct_SPJi1DXfNcjd7Ee0UF7vjC_9
                0x000000004804c390                p_1_PMSM_Demo_struct_SPJi1DXfNcjd7Ee0UF7vjC_10
                0x000000004804c394                p_1_PMSM_Demo_struct_SPJi1DXfNcjd7Ee0UF7vjC_11
                0x000000004804c398                p_1_PMSM_Demo_struct_SPJi1DXfNcjd7Ee0UF7vjC_12
                0x000000004804c39c                p_1_PMSM_Demo_uint8_T_13
                0x000000004804c3a0                p_1_PMSM_Demo_real_T_14
                0x000000004804c3a4                p_1_PMSM_Demo_uint32_T_15
                0x000000004804c3a8                p_1_PMSM_Demo_int16_T_16
                0x000000004804c3ac                p_1_PMSM_Demo_uint8_T_17
                0x000000004804c3b0                p_2_PMSM_Demo_real_T_0
                0x000000004804c3b4                p_2_PMSM_Demo_int_T_2
                0x000000004804c3b8                p_2_PMSM_Demo_uint8_T_3
                0x000000004804c3bc                p_2_PMSM_Demo_int8_T_4
 .bss           0x000000004804c3c0        0x0 rtGetInf.o07
 .bss           0x000000004804c3c0        0x0 rtGetNaN.o07
 .bss           0x000000004804c3c0       0x2c rt_nonfinite.o07
                0x000000004804c3c0                rtNaN
                0x000000004804c3c8                rtNaNF
                0x000000004804c3d0                rtInf
                0x000000004804c3d8                rtInfF
                0x000000004804c3e0                rtMinusInf
                0x000000004804c3e8                rtMinusInfF
 .bss           0x000000004804c3ec        0x0 rt_zcfcn.o07
 *fill*         0x000000004804c3ec        0x4 
 .bss           0x000000004804c3f0       0x9c rti_sim_engine.o07
                0x000000004804c3f0                currentTime
                0x000000004804c3f4                finalTime
                0x000000004804c3f8                modelStepSize
                0x000000004804c400                pRTIEmcEncoder_Unit_1_DioCl_1_Port_1_Ch4
                0x000000004804c404                pEmcHall_Unit1_DioCl1_Port1_Ch1
                0x000000004804c408                pRTIEmcMultiPwmOut_Port_1_Ch_7
                0x000000004804c40c                pRTIDioC1PwmOut_Port_1_Ch_13
                0x000000004804c410                pRTIDioC1DigOut_Port_1_Ch_15
                0x000000004804c414                taskMode
                0x000000004804c418                pRTIAdcC1AnalogIn_Ch_1
                0x000000004804c41c                pRTIAdcC1AnalogIn_Ch_5
                0x000000004804c420                pRTIAdcC1AnalogIn_Ch_7
                0x000000004804c424                pRTIAdcC1AnalogIn_Ch_3
                0x000000004804c428                pRTIAdcC1AnalogIn_Ch_2
                0x000000004804c42c                pRTIAdcC1AnalogIn_Ch_4
                0x000000004804c430                pRTIAdcC1AnalogIn_Ch_6
                0x000000004804c434                pRTIAdcC1AnalogIn_Ch_8
                0x000000004804c438                pRTI_Sensor_Supply
                0x000000004804c43c                pRTIEmcAcu_Unit_1
                0x000000004804c440                pRti_TIMERA_STime
                0x000000004804c444                pRti_TIMERA_TTime
                0x000000004804c448                pRti_TIMERA_TState
                0x000000004804c44c                pRti_TIMERA_OType
                0x000000004804c450                pRti_TIMERA_OMax
                0x000000004804c454                pRti_TIMERA_ORpt
                0x000000004804c458                pRti_TIMERA_OCnt
                0x000000004804c45c                pRti_TIMERA_TCnt
                0x000000004804c460                pRti_TIMERA_Prio
                0x000000004804c468                pRti_120XDIOCL1MCPWM_MID_OF_PERIODP1Ch7_TTime
                0x000000004804c46c                pRti_120XDIOCL1MCPWM_MID_OF_PERIODP1Ch7_TState
                0x000000004804c470                pRti_120XDIOCL1MCPWM_MID_OF_PERIODP1Ch7_OType
                0x000000004804c474                pRti_120XDIOCL1MCPWM_MID_OF_PERIODP1Ch7_OMax
                0x000000004804c478                pRti_120XDIOCL1MCPWM_MID_OF_PERIODP1Ch7_ORpt
                0x000000004804c47c                pRti_120XDIOCL1MCPWM_MID_OF_PERIODP1Ch7_OCnt
                0x000000004804c480                pRti_120XDIOCL1MCPWM_MID_OF_PERIODP1Ch7_TCnt
                0x000000004804c484                pRti_120XDIOCL1MCPWM_MID_OF_PERIODP1Ch7_Prio
                0x000000004804c488                rtiAssertionMode
 .bss           0x000000004804c48c        0x4 rti_init_c.o07
 .bss           0x000000004804c490        0x0 rt_sim.o07
 .bss           0x000000004804c490        0x0 rti_assert.o07
 .bss           0x000000004804c490        0x0 C:\Program Files\dSPACE RCPHIL 2021-A\DS1202\Lib/librtversion.a(RtVersion.o)
 .bss           0x000000004804c490       0x14 C:\Program Files\dSPACE RCPHIL 2021-A\DS1202\Lib/librtglobals.a(DsEESPort.o)
                0x000000004804c490                xilapi_eesport_trigger_uint32_T
                0x000000004804c494                xilapi_eesport_flags_uint32_T
                0x000000004804c498                xilapi_eesport_errorswitching_uint32_T
                0x000000004804c49c                xilapi_eesport_erroractivated_uint32_T
                0x000000004804c4a0                xilapi_eesport_activeerrorset_uint32_T
 .bss           0x000000004804c4a4        0x0 C:\Program Files\dSPACE RCPHIL 2021-A\DS1202\Lib/libm_fastpow.a(w_pow.o)
 .bss           0x000000004804c4a4        0x0 C:\Program Files\dSPACE RCPHIL 2021-A\DS1202\Lib/libm_fastpow.a(e_pow.o)
 .bss           0x000000004804c4a4        0x0 C:\Program Files\dSPACE RCPHIL 2021-A\DS1202\Lib/libm_fastpow.a(s_scalbn.o)
 .bss           0x000000004804c4a4        0x0 c:/programdata/dspace/7290f786-b6f7-4ba3-9178-c21b0382f310/compiler/qnx650_520/host/win32/x86/usr/bin/../lib/gcc/powerpc-unknown-nto-qnx6.5.0/5.2.0/crtend.o
 .bss           0x000000004804c4a4        0x0 C:\ProgramData\dSPACE\7290F786-B6F7-4BA3-9178-C21B0382F310\Compiler\QNX650_520\target\qnx6/ppcbe/lib/crtn.o
 *(COMMON)
                0x000000004804c4a4                . = ALIGN ((. != 0x0)?0x4:0x1)

.iplt           0x000000004804c4b0        0x0
 .iplt          0x000000004804c4b0        0x0 C:\ProgramData\dSPACE\7290F786-B6F7-4BA3-9178-C21B0382F310\Compiler\QNX650_520\target\qnx6/ppcbe/lib/crt1.o
                0x000000004804c4b0                . = ALIGN (0x4)
                0x000000004804c4b0                . = ALIGN (0x4)
                0x000000004804c4b0                __end = .
                0x000000004804c4b0                _end = .
                [!provide]                        PROVIDE (end, .)
                0x000000004804c4b0                . = DATA_SEGMENT_END (.)

.stab
 *(.stab)

.stabstr
 *(.stabstr)

.stab.excl
 *(.stab.excl)

.stab.exclstr
 *(.stab.exclstr)

.stab.index
 *(.stab.index)

.stab.indexstr
 *(.stab.indexstr)

.comment        0x0000000000000000       0x47
 *(.comment)
 .comment       0x0000000000000000       0x11 c:/programdata/dspace/7290f786-b6f7-4ba3-9178-c21b0382f310/compiler/qnx650_520/host/win32/x86/usr/bin/../lib/gcc/powerpc-unknown-nto-qnx6.5.0/5.2.0/crtbegin.o
                                         0x12 (size before relaxing)
 .comment       0x0000000000000011       0x12 PMSM_Demo.o07
 .comment       0x0000000000000011       0x12 PMSM_Demo_data.o07
 .comment       0x0000000000000011       0x12 PMSM_Demo_trc_ptr.o07
 .comment       0x0000000000000011       0x12 rtGetInf.o07
 .comment       0x0000000000000011       0x12 rtGetNaN.o07
 .comment       0x0000000000000011       0x12 rt_nonfinite.o07
 .comment       0x0000000000000011       0x12 rt_zcfcn.o07
 .comment       0x0000000000000011       0x12 rti_sim_engine.o07
 .comment       0x0000000000000011       0x12 rti_init_c.o07
 .comment       0x0000000000000011       0x12 rt_sim.o07
 .comment       0x0000000000000011       0x12 rti_assert.o07
 .comment       0x0000000000000011       0x12 C:\Program Files\dSPACE RCPHIL 2021-A\DS1202\Lib/librtversion.a(RtVersion.o)
 .comment       0x0000000000000011       0x12 C:\Program Files\dSPACE RCPHIL 2021-A\DS1202\Lib/librtglobals.a(DsEESPort.o)
 .comment       0x0000000000000011       0x12 C:\Program Files\dSPACE RCPHIL 2021-A\DS1202\Lib/libm_fastpow.a(w_pow.o)
 .comment       0x0000000000000023       0x12 C:\Program Files\dSPACE RCPHIL 2021-A\DS1202\Lib/libm_fastpow.a(e_pow.o)
 .comment       0x0000000000000035       0x12 C:\Program Files\dSPACE RCPHIL 2021-A\DS1202\Lib/libm_fastpow.a(s_scalbn.o)
 .comment       0x0000000000000047       0x12 c:/programdata/dspace/7290f786-b6f7-4ba3-9178-c21b0382f310/compiler/qnx650_520/host/win32/x86/usr/bin/../lib/gcc/powerpc-unknown-nto-qnx6.5.0/5.2.0/crtend.o

.PPC.EMB.apuinfo
                0x0000000000000000       0x18
 .PPC.EMB.apuinfo
                0x0000000000000000       0x18 PMSM_Demo.o07
 .PPC.EMB.apuinfo
                0x0000000000000018       0x18 rt_nonfinite.o07
 .PPC.EMB.apuinfo
                0x0000000000000030       0x18 rt_zcfcn.o07
 .PPC.EMB.apuinfo
                0x0000000000000048       0x18 rti_sim_engine.o07

.debug
 *(.debug)

.line
 *(.line)

.debug_srcinfo
 *(.debug_srcinfo)

.debug_sfnames
 *(.debug_sfnames)

.debug_aranges
 *(.debug_aranges)

.debug_pubnames
 *(.debug_pubnames)

.debug_info
 *(.debug_info .gnu.linkonce.wi.*)

.debug_abbrev
 *(.debug_abbrev)

.debug_line
 *(.debug_line)

.debug_frame
 *(.debug_frame)

.debug_str
 *(.debug_str)

.debug_loc
 *(.debug_loc)

.debug_macinfo
 *(.debug_macinfo)

.debug_weaknames
 *(.debug_weaknames)

.debug_funcnames
 *(.debug_funcnames)

.debug_typenames
 *(.debug_typenames)

.debug_varnames
 *(.debug_varnames)

.debug_pubtypes
 *(.debug_pubtypes)

.debug_ranges
 *(.debug_ranges)

.gnu.attributes
                0x0000000000000000       0x14
 *(.gnu.attributes)
 .gnu.attributes
                0x0000000000000000       0x10 PMSM_Demo.o07
 .gnu.attributes
                0x0000000000000010       0x10 rtGetInf.o07
 .gnu.attributes
                0x0000000000000020       0x10 rtGetNaN.o07
 .gnu.attributes
                0x0000000000000030       0x10 rt_nonfinite.o07
 .gnu.attributes
                0x0000000000000040       0x10 rt_zcfcn.o07
 .gnu.attributes
                0x0000000000000050       0x10 rti_sim_engine.o07
 .gnu.attributes
                0x0000000000000060       0x10 rt_sim.o07
 .gnu.attributes
                0x0000000000000070       0x10 rti_assert.o07
 .gnu.attributes
                0x0000000000000080       0x14 C:\Program Files\dSPACE RCPHIL 2021-A\DS1202\Lib/libm_fastpow.a(w_pow.o)
 .gnu.attributes
                0x0000000000000094       0x14 C:\Program Files\dSPACE RCPHIL 2021-A\DS1202\Lib/libm_fastpow.a(e_pow.o)
 .gnu.attributes
                0x00000000000000a8       0x14 C:\Program Files\dSPACE RCPHIL 2021-A\DS1202\Lib/libm_fastpow.a(s_scalbn.o)

/DISCARD/
 *(.note.GNU-stack)
 *(.gnu_debuglink)
OUTPUT(PMSM_Demo.ppc elf32-powerpc)
