<*GNU-Linker-generated-mapfile*> 
Archive member included to satisfy reference by file (symbol)

C:\Program Files\DSPACE 2020B\dSPACE RCPHIL 2020-B\DS1202\Lib/librtversion.a(RtVersion.o)
                              (--whole-archive)
C:\Program Files\DSPACE 2020B\dSPACE RCPHIL 2020-B\DS1202\Lib/librtglobals.a(DsEESPort.o)
                              (--whole-archive)
C:\Program Files\DSPACE 2020B\dSPACE RCPHIL 2020-B\DS1202\Lib/libm_fastpow.a(w_pow.o)
                              C:\Program Files\DSPACE 2020B\dSPACE RCPHIL 2020-B\DS1202\Lib/librt1202.so (pow)
C:\Program Files\DSPACE 2020B\dSPACE RCPHIL 2020-B\DS1202\Lib/libm_fastpow.a(e_pow.o)
                              C:\Program Files\DSPACE 2020B\dSPACE RCPHIL 2020-B\DS1202\Lib/libm_fastpow.a(w_pow.o) (__ieee754_pow)
C:\Program Files\DSPACE 2020B\dSPACE RCPHIL 2020-B\DS1202\Lib/libm_fastpow.a(s_scalbn.o)
                              C:\Program Files\DSPACE 2020B\dSPACE RCPHIL 2020-B\DS1202\Lib/libm_fastpow.a(e_pow.o) (scalbn)

As-needed library included to satisfy reference by file (symbol)

libDsRealTimeTestingRP.so.1   rti_sim_engine.o07 (dsrtt_script_service_pre_computation)

Memory Configuration

Name             Origin             Length             Attributes
*default*        0x0000000000000000 0xffffffffffffffff

Linker script and memory map

LOAD C:\ProgramData\dSPACE\A8EFD7E5-F405-47E4-9A8A-DE544031D1F0\Compiler\QNX650_520\target\qnx6/ppcbe/lib/crt1.o
LOAD C:\ProgramData\dSPACE\A8EFD7E5-F405-47E4-9A8A-DE544031D1F0\Compiler\QNX650_520\target\qnx6/ppcbe/lib/crti.o
LOAD c:/programdata/dspace/a8efd7e5-f405-47e4-9a8a-de544031d1f0/compiler/qnx650_520/host/win32/x86/usr/bin/../lib/gcc/powerpc-unknown-nto-qnx6.5.0/5.2.0/crtbegin.o
                0x0000000000000000                _DSPACE_START = 0x0
                0x0000000000000000                _DSPACE_START_ = 0x0
                0x00000000000004b2                DS_TARGET_PLATFORM = 0x4b2
START GROUP
LOAD PMSM_DemoBackup.o07
LOAD PMSM_DemoBackup_data.o07
LOAD PMSM_DemoBackup_trc_ptr.o07
LOAD rtGetInf.o07
LOAD rtGetNaN.o07
LOAD rt_nonfinite.o07
LOAD rt_zcfcn.o07
LOAD rti_sim_engine.o07
LOAD rti_init_c.o07
LOAD rt_sim.o07
LOAD rti_assert.o07
LOAD C:\Program Files\DSPACE 2020B\dSPACE RCPHIL 2020-B\DS1202\Lib/librtcan.so
LOAD C:\Program Files\DSPACE 2020B\dSPACE RCPHIL 2020-B\DS1202\Lib/librtj1939.so
LOAD C:\Program Files\DSPACE 2020B\dSPACE RCPHIL 2020-B\DS1202\Lib/librtser.so
LOAD C:\Program Files\DSPACE 2020B\dSPACE RCPHIL 2020-B\DS1202\Lib/librt13xxio.so
LOAD C:\Program Files\DSPACE 2020B\dSPACE RCPHIL 2020-B\DS1202\Lib/librt1202.so
LOAD C:\Program Files\DSPACE 2020B\dSPACE RCPHIL 2020-B\DS1202\Lib/librtwrap.so
LOAD C:\Program Files\DSPACE 2020B\dSPACE RCPHIL 2020-B\DS1202\Lib/librtversion.a
LOAD C:\Program Files\DSPACE 2020B\dSPACE RCPHIL 2020-B\DS1202\Lib/librtglobals.a
LOAD C:\Program Files\DSPACE 2020B\dSPACE RCPHIL 2020-B\DS1202\Lib/libm_fastpow.a
END GROUP
LOAD C:\Program Files\DSPACE 2020B\dSPACE RCPHIL 2020-B\DS1202\Lib/libstdc++.so
LOAD C:\ProgramData\dSPACE\A8EFD7E5-F405-47E4-9A8A-DE544031D1F0\Compiler\QNX650_520\target\qnx6/ppcbe/lib/libm.so
LOAD c:/programdata/dspace/a8efd7e5-f405-47e4-9a8a-de544031d1f0/compiler/qnx650_520/host/win32/x86/usr/bin/../lib/gcc/powerpc-unknown-nto-qnx6.5.0/5.2.0\libgcc.a
LOAD C:\ProgramData\dSPACE\A8EFD7E5-F405-47E4-9A8A-DE544031D1F0\Compiler\QNX650_520\target\qnx6/ppcbe/lib/libc.so
LOAD C:\ProgramData\dSPACE\A8EFD7E5-F405-47E4-9A8A-DE544031D1F0\Compiler\QNX650_520\target\qnx6/ppcbe/lib\libc.a
LOAD c:/programdata/dspace/a8efd7e5-f405-47e4-9a8a-de544031d1f0/compiler/qnx650_520/host/win32/x86/usr/bin/../lib/gcc/powerpc-unknown-nto-qnx6.5.0/5.2.0\libgcc.a
LOAD c:/programdata/dspace/a8efd7e5-f405-47e4-9a8a-de544031d1f0/compiler/qnx650_520/host/win32/x86/usr/bin/../lib/gcc/powerpc-unknown-nto-qnx6.5.0/5.2.0/crtend.o
LOAD C:\ProgramData\dSPACE\A8EFD7E5-F405-47E4-9A8A-DE544031D1F0\Compiler\QNX650_520\target\qnx6/ppcbe/lib/crtn.o
                [!provide]                        PROVIDE (__stack, 0x0)
                [!provide]                        PROVIDE (___stack, 0x0)
                [!provide]                        PROVIDE (__executable_start, 0x48040000)
                0x0000000048040134                . = (0x48040000 + SIZEOF_HEADERS)

.interp         0x0000000048040134       0x14
 *(.interp)
 .interp        0x0000000048040134       0x14 C:\ProgramData\dSPACE\A8EFD7E5-F405-47E4-9A8A-DE544031D1F0\Compiler\QNX650_520\target\qnx6/ppcbe/lib/crt1.o

.note           0x0000000048040150       0x18
 .note          0x0000000048040150       0x18 C:\ProgramData\dSPACE\A8EFD7E5-F405-47E4-9A8A-DE544031D1F0\Compiler\QNX650_520\target\qnx6/ppcbe/lib/crtn.o

.note.gnu.build-id
                0x0000000048040168       0x20
 *(.note.gnu.build-id)
 .note.gnu.build-id
                0x0000000048040168       0x20 C:\ProgramData\dSPACE\A8EFD7E5-F405-47E4-9A8A-DE544031D1F0\Compiler\QNX650_520\target\qnx6/ppcbe/lib/crt1.o

.hash           0x0000000048040188      0x4a8
 *(.hash)
 .hash          0x0000000048040188      0x4a8 C:\ProgramData\dSPACE\A8EFD7E5-F405-47E4-9A8A-DE544031D1F0\Compiler\QNX650_520\target\qnx6/ppcbe/lib/crt1.o

.gnu.hash
 *(.gnu.hash)

.dynsym         0x0000000048040630      0xa50
 *(.dynsym)
 .dynsym        0x0000000048040630      0xa50 C:\ProgramData\dSPACE\A8EFD7E5-F405-47E4-9A8A-DE544031D1F0\Compiler\QNX650_520\target\qnx6/ppcbe/lib/crt1.o

.dynstr         0x0000000048041080      0xe9b
 *(.dynstr)
 .dynstr        0x0000000048041080      0xe9b C:\ProgramData\dSPACE\A8EFD7E5-F405-47E4-9A8A-DE544031D1F0\Compiler\QNX650_520\target\qnx6/ppcbe/lib/crt1.o

.gnu.version    0x0000000048041f1c        0x0
 *(.gnu.version)
 .gnu.version   0x0000000048041f1c        0x0 C:\ProgramData\dSPACE\A8EFD7E5-F405-47E4-9A8A-DE544031D1F0\Compiler\QNX650_520\target\qnx6/ppcbe/lib/crt1.o

.gnu.version_d  0x0000000048041f1c        0x0
 *(.gnu.version_d)
 .gnu.version_d
                0x0000000048041f1c        0x0 C:\ProgramData\dSPACE\A8EFD7E5-F405-47E4-9A8A-DE544031D1F0\Compiler\QNX650_520\target\qnx6/ppcbe/lib/crt1.o

.gnu.version_r  0x0000000048041f1c        0x0
 *(.gnu.version_r)
 .gnu.version_r
                0x0000000048041f1c        0x0 C:\ProgramData\dSPACE\A8EFD7E5-F405-47E4-9A8A-DE544031D1F0\Compiler\QNX650_520\target\qnx6/ppcbe/lib/crt1.o

.rel.dyn
 *(.rel.init)
 *(.rel.text .rel.text.* .rel.gnu.linkonce.t.*)
 *(.rel.fini)
 *(.rel.rodata .rel.rodata.* .rel.gnu.linkonce.r.*)
 *(.rel.data.rel.ro* .rel.gnu.linkonce.d.rel.ro.*)
 *(.rel.data .rel.data.* .rel.gnu.linkonce.d.*)
 *(.rel.tdata .rel.tdata.* .rel.gnu.linkonce.td.*)
 *(.rel.tbss .rel.tbss.* .rel.gnu.linkonce.tb.*)
 *(.rel.ctors)
 *(.rel.dtors)
 *(.rel.got)
 *(.rel.sdata .rel.sdata.* .rel.gnu.linkonce.s.*)
 *(.rel.sbss .rel.sbss.* .rel.gnu.linkonce.sb.*)
 *(.rel.sdata2 .rel.sdata2.* .rel.gnu.linkonce.s2.*)
 *(.rel.sbss2 .rel.sbss2.* .rel.gnu.linkonce.sb2.*)
 *(.rel.bss .rel.bss.* .rel.gnu.linkonce.b.*)

.rela.dyn       0x0000000048041f1c       0x6c
 *(.rela.init)
 *(.rela.text .rela.text.* .rela.gnu.linkonce.t.*)
 .rela.text     0x0000000048041f1c        0x0 C:\ProgramData\dSPACE\A8EFD7E5-F405-47E4-9A8A-DE544031D1F0\Compiler\QNX650_520\target\qnx6/ppcbe/lib/crt1.o
 *(.rela.fini)
 *(.rela.rodata .rela.rodata.* .rela.gnu.linkonce.r.*)
 .rela.rodata   0x0000000048041f1c        0x0 C:\ProgramData\dSPACE\A8EFD7E5-F405-47E4-9A8A-DE544031D1F0\Compiler\QNX650_520\target\qnx6/ppcbe/lib/crt1.o
 *(.rela.data .rela.data.* .rela.gnu.linkonce.d.*)
 *(.rela.tdata .rela.tdata.* .rela.gnu.linkonce.td.*)
 *(.rela.tbss .rela.tbss.* .rela.gnu.linkonce.tb.*)
 *(.rela.ctors)
 *(.rela.dtors)
 *(.rela.got)
 .rela.got      0x0000000048041f1c       0x48 C:\ProgramData\dSPACE\A8EFD7E5-F405-47E4-9A8A-DE544031D1F0\Compiler\QNX650_520\target\qnx6/ppcbe/lib/crt1.o
 *(.rela.got1)
 *(.rela.got2)
 *(.rela.sdata .rela.sdata.* .rela.gnu.linkonce.s.*)
 *(.rela.sbss .rela.sbss.* .rela.gnu.linkonce.sb.*)
 .rela.sbss     0x0000000048041f64        0x0 C:\ProgramData\dSPACE\A8EFD7E5-F405-47E4-9A8A-DE544031D1F0\Compiler\QNX650_520\target\qnx6/ppcbe/lib/crt1.o
 *(.rela.sdata2 .rela.sdata2.* .rela.gnu.linkonce.s2.*)
 *(.rela.sbss2 .rela.sbss2.* .rela.gnu.linkonce.sb2.*)
 *(.rela.bss .rela.bss.* .rela.gnu.linkonce.b.*)
 .rela.bss      0x0000000048041f64       0x24 C:\ProgramData\dSPACE\A8EFD7E5-F405-47E4-9A8A-DE544031D1F0\Compiler\QNX650_520\target\qnx6/ppcbe/lib/crt1.o
 .rela.iplt     0x0000000048041f88        0x0 C:\ProgramData\dSPACE\A8EFD7E5-F405-47E4-9A8A-DE544031D1F0\Compiler\QNX650_520\target\qnx6/ppcbe/lib/crt1.o

.rel.plt
 *(.rel.plt)

.rela.plt       0x0000000048041f88      0x6d8
 *(.rela.plt)
 .rela.plt      0x0000000048041f88      0x6d8 C:\ProgramData\dSPACE\A8EFD7E5-F405-47E4-9A8A-DE544031D1F0\Compiler\QNX650_520\target\qnx6/ppcbe/lib/crt1.o

.init           0x0000000048042660       0x24
 *(.init)
 .init          0x0000000048042660        0xc C:\ProgramData\dSPACE\A8EFD7E5-F405-47E4-9A8A-DE544031D1F0\Compiler\QNX650_520\target\qnx6/ppcbe/lib/crti.o
                0x0000000048042660                _init
 .init          0x000000004804266c        0x4 c:/programdata/dspace/a8efd7e5-f405-47e4-9a8a-de544031d1f0/compiler/qnx650_520/host/win32/x86/usr/bin/../lib/gcc/powerpc-unknown-nto-qnx6.5.0/5.2.0/crtbegin.o
 .init          0x0000000048042670        0x4 c:/programdata/dspace/a8efd7e5-f405-47e4-9a8a-de544031d1f0/compiler/qnx650_520/host/win32/x86/usr/bin/../lib/gcc/powerpc-unknown-nto-qnx6.5.0/5.2.0/crtend.o
 .init          0x0000000048042674       0x10 C:\ProgramData\dSPACE\A8EFD7E5-F405-47E4-9A8A-DE544031D1F0\Compiler\QNX650_520\target\qnx6/ppcbe/lib/crtn.o

.text           0x0000000048042690     0x644c
                0x0000000048042690                _btext = .
 *(.text .stub .text.* .gnu.linkonce.t.*)
 .text          0x0000000048042690      0x118 C:\ProgramData\dSPACE\A8EFD7E5-F405-47E4-9A8A-DE544031D1F0\Compiler\QNX650_520\target\qnx6/ppcbe/lib/crt1.o
                0x0000000048042690                _start
 .text          0x00000000480427a8        0x0 C:\ProgramData\dSPACE\A8EFD7E5-F405-47E4-9A8A-DE544031D1F0\Compiler\QNX650_520\target\qnx6/ppcbe/lib/crti.o
 .text          0x00000000480427a8      0x2b0 c:/programdata/dspace/a8efd7e5-f405-47e4-9a8a-de544031d1f0/compiler/qnx650_520/host/win32/x86/usr/bin/../lib/gcc/powerpc-unknown-nto-qnx6.5.0/5.2.0/crtbegin.o
 *fill*         0x0000000048042a58        0x8 00000000
 .text          0x0000000048042a60     0x32ec PMSM_DemoBackup.o07
                0x0000000048042a60                look1_binlxpw
                0x0000000048042b70                mul_wide_su32
                0x0000000048042c20                look1_iu8lu32n31Ds16_binlcf
                0x0000000048042d70                mul_ssu32_loSR
                0x0000000048042dc0                div_nzp_repeat_u32
                0x0000000048042e10                rt_modd_snf
                0x0000000048042fd0                PMSM_DemoBackup_Control_Reset
                0x0000000048043100                PMSM_DemoBackup_Control_Init
                0x0000000048043110                PMSM_DemoBackup_Control
                0x00000000480451d0                PMSM_DemoBackup_Control_Term
                0x0000000048045240                PMSM_DemoBackup_output
                0x0000000048045ac0                PMSM_DemoBackup_update
                0x0000000048045b70                PMSM_DemoBackup_initialize
                0x0000000048045d10                PMSM_DemoBackup_terminate
 .text          0x0000000048045d4c        0x0 PMSM_DemoBackup_data.o07
 .text          0x0000000048045d4c      0x214 PMSM_DemoBackup_trc_ptr.o07
                0x0000000048045f2c                PMSM_DemoBackup_rti_init_trc_pointers
 .text          0x0000000048045f60       0x5c rtGetInf.o07
                0x0000000048045f60                rtGetInf
                0x0000000048045f80                rtGetInfF
                0x0000000048045f90                rtGetMinusInf
                0x0000000048045fb0                rtGetMinusInfF
 *fill*         0x0000000048045fbc        0x4 00000000
 .text          0x0000000048045fc0       0x3c rtGetNaN.o07
                0x0000000048045fc0                rtGetNaN
                0x0000000048045ff0                rtGetNaNF
 *fill*         0x0000000048045ffc        0x4 00000000
 .text          0x0000000048046000      0x158 rt_nonfinite.o07
                0x0000000048046000                rt_InitInfAndNaN
                0x0000000048046060                rtIsInf
                0x0000000048046090                rtIsInfF
                0x00000000480460c0                rtIsNaN
                0x0000000048046110                rtIsNaNF
 *fill*         0x0000000048046158        0x8 00000000
 .text          0x0000000048046160       0xf8 rt_zcfcn.o07
                0x0000000048046160                rt_ZCFcn
 *fill*         0x0000000048046258        0x8 00000000
 .text          0x0000000048046260      0x904 rti_sim_engine.o07
                0x0000000048046af0                rtk_idle_function
                0x0000000048046b00                rti_th_timertask1_trigger_source
                0x0000000048046b50                initConditions
                0x0000000048046b60                initVariables
 .text.unlikely
                0x0000000048046b64       0x78 rti_sim_engine.o07
 *fill*         0x0000000048046bdc        0x4 00000000
 .text.startup  0x0000000048046be0     0x12e8 rti_sim_engine.o07
                0x0000000048046be0                main
 *fill*         0x0000000048047ec8        0x8 00000000
 .text          0x0000000048047ed0       0x40 rti_init_c.o07
                0x0000000048047ed0                rti_init
 .text          0x0000000048047f10       0x44 rt_sim.o07
                0x0000000048047f10                rt_SimInitTimingEngine
                0x0000000048047f40                rt_SimGetNextSampleHit
                0x0000000048047f50                rt_SimUpdateDiscreteTaskSampleHits
 *fill*         0x0000000048047f54        0xc 00000000
 .text          0x0000000048047f60       0xd4 rti_assert.o07
                0x0000000048047f60                rti_assertion_handler
                0x0000000048047ff0                rti_assertion_mode_msg
 .text          0x0000000048048034        0x0 C:\Program Files\DSPACE 2020B\dSPACE RCPHIL 2020-B\DS1202\Lib/librtversion.a(RtVersion.o)
 *fill*         0x0000000048048034        0xc 00000000
 .text          0x0000000048048040        0x4 C:\Program Files\DSPACE 2020B\dSPACE RCPHIL 2020-B\DS1202\Lib/librtglobals.a(DsEESPort.o)
                0x0000000048048040                DsEesPort_init()
 .text          0x0000000048048044       0x20 C:\Program Files\DSPACE 2020B\dSPACE RCPHIL 2020-B\DS1202\Lib/libm_fastpow.a(w_pow.o)
                0x0000000048048044                pow
 .text          0x0000000048048064      0x85c C:\Program Files\DSPACE 2020B\dSPACE RCPHIL 2020-B\DS1202\Lib/libm_fastpow.a(e_pow.o)
                0x0000000048048064                __ieee754_pow
 .text          0x00000000480488c0      0x188 C:\Program Files\DSPACE 2020B\dSPACE RCPHIL 2020-B\DS1202\Lib/libm_fastpow.a(s_scalbn.o)
                0x00000000480488c0                scalbn
 .text          0x0000000048048a48       0x94 c:/programdata/dspace/a8efd7e5-f405-47e4-9a8a-de544031d1f0/compiler/qnx650_520/host/win32/x86/usr/bin/../lib/gcc/powerpc-unknown-nto-qnx6.5.0/5.2.0/crtend.o
 .text          0x0000000048048adc        0x0 C:\ProgramData\dSPACE\A8EFD7E5-F405-47E4-9A8A-DE544031D1F0\Compiler\QNX650_520\target\qnx6/ppcbe/lib/crtn.o
 *(.gnu.warning)
 *(.glink)
 .glink         0x0000000048048adc        0x0 C:\ProgramData\dSPACE\A8EFD7E5-F405-47E4-9A8A-DE544031D1F0\Compiler\QNX650_520\target\qnx6/ppcbe/lib/crt1.o

.fini           0x0000000048048adc       0x20
 *(.fini)
 .fini          0x0000000048048adc        0xc C:\ProgramData\dSPACE\A8EFD7E5-F405-47E4-9A8A-DE544031D1F0\Compiler\QNX650_520\target\qnx6/ppcbe/lib/crti.o
                0x0000000048048adc                _fini
 .fini          0x0000000048048ae8        0x4 c:/programdata/dspace/a8efd7e5-f405-47e4-9a8a-de544031d1f0/compiler/qnx650_520/host/win32/x86/usr/bin/../lib/gcc/powerpc-unknown-nto-qnx6.5.0/5.2.0/crtbegin.o
 .fini          0x0000000048048aec       0x10 C:\ProgramData\dSPACE\A8EFD7E5-F405-47E4-9A8A-DE544031D1F0\Compiler\QNX650_520\target\qnx6/ppcbe/lib/crtn.o
                [!provide]                        PROVIDE (__etext, .)
                0x0000000048048afc                PROVIDE (_etext, .)
                [!provide]                        PROVIDE (etext, .)

.rodata         0x0000000048048b00      0x598
 *(.rodata .rodata.* .gnu.linkonce.r.*)
 .rodata        0x0000000048048b00        0x4 PMSM_DemoBackup.o07
                0x0000000048048b00                PMSM_DemoBackup_M
 .rodata.cst4   0x0000000048048b04       0x18 PMSM_DemoBackup.o07
 *fill*         0x0000000048048b1c        0x4 
 .rodata.cst8   0x0000000048048b20        0x8 PMSM_DemoBackup.o07
 .rodata.str1.4
                0x0000000048048b28       0x12 PMSM_DemoBackup.o07
 *fill*         0x0000000048048b3a        0x2 
 .rodata.cst4   0x0000000048048b3c        0x8 rtGetInf.o07
 .rodata.cst4   0x0000000048048b44        0x4 rtGetNaN.o07
 .rodata        0x0000000048048b48       0x13 rt_zcfcn.o07
 .rodata.cst4   0x0000000048048b5b        0x4 rt_zcfcn.o07
 *fill*         0x0000000048048b5b        0x5 
 .rodata        0x0000000048048b60       0x3c rti_sim_engine.o07
                0x0000000048048b90                rtiDataSetStorageEnabled
                0x0000000048048b94                p_dsts_sum_of_reset_time
                0x0000000048048b98                p_msg_last_error_no
 .rodata.cst4   0x0000000048048b9c        0x8 rti_sim_engine.o07
                                          0xc (size before relaxing)
 *fill*         0x0000000048048ba4        0x4 
 .rodata.cst8   0x0000000048048ba8       0x18 rti_sim_engine.o07
                                         0x20 (size before relaxing)
 .rodata.str1.4
                0x0000000048048bc0      0x29c rti_sim_engine.o07
 .rodata.cst4   0x0000000048048e5c        0x4 rt_sim.o07
                                          0x8 (size before relaxing)
 .rodata.str1.4
                0x0000000048048e60       0x71 rt_sim.o07
 *fill*         0x0000000048048ed1        0x3 
 .rodata.str1.4
                0x0000000048048ed4       0x70 rti_assert.o07
                                         0x6d (size before relaxing)
 *fill*         0x0000000048048f44        0x4 
 .rodata        0x0000000048048f48       0x30 C:\Program Files\DSPACE 2020B\dSPACE RCPHIL 2020-B\DS1202\Lib/libm_fastpow.a(e_pow.o)
 .rodata.cst4   0x0000000048048f78        0x8 C:\Program Files\DSPACE 2020B\dSPACE RCPHIL 2020-B\DS1202\Lib/libm_fastpow.a(e_pow.o)
 .rodata.cst8   0x0000000048048f80       0xe8 C:\Program Files\DSPACE 2020B\dSPACE RCPHIL 2020-B\DS1202\Lib/libm_fastpow.a(e_pow.o)
 .rodata.cst8   0x0000000048049068       0x30 C:\Program Files\DSPACE 2020B\dSPACE RCPHIL 2020-B\DS1202\Lib/libm_fastpow.a(s_scalbn.o)

.rodata1
 *(.rodata1)

.sdata2         0x0000000048049098        0x0
                0x0000000000008000                PROVIDE (_SDA2_BASE_, 0x8000)
 *(.sdata2 .sdata2.* .gnu.linkonce.s2.*)
 .sdata2        0x0000000048049098        0x0 C:\ProgramData\dSPACE\A8EFD7E5-F405-47E4-9A8A-DE544031D1F0\Compiler\QNX650_520\target\qnx6/ppcbe/lib/crt1.o

.sbss2
 *(.sbss2 .sbss2.* .gnu.linkonce.sb2.*)

.eh_frame_hdr   0x0000000048049098       0x14
 *(.eh_frame_hdr)
 .eh_frame_hdr  0x0000000048049098       0x14 C:\Program Files\DSPACE 2020B\dSPACE RCPHIL 2020-B\DS1202\Lib/librtglobals.a(DsEESPort.o)

.eh_frame       0x00000000480490ac       0x2c
 *(.eh_frame)
 .eh_frame      0x00000000480490ac        0x0 C:\ProgramData\dSPACE\A8EFD7E5-F405-47E4-9A8A-DE544031D1F0\Compiler\QNX650_520\target\qnx6/ppcbe/lib/crt1.o
 .eh_frame      0x00000000480490ac        0x0 c:/programdata/dspace/a8efd7e5-f405-47e4-9a8a-de544031d1f0/compiler/qnx650_520/host/win32/x86/usr/bin/../lib/gcc/powerpc-unknown-nto-qnx6.5.0/5.2.0/crtbegin.o
 .eh_frame      0x00000000480490ac       0x28 C:\Program Files\DSPACE 2020B\dSPACE RCPHIL 2020-B\DS1202\Lib/librtglobals.a(DsEESPort.o)
 .eh_frame      0x00000000480490d4        0x4 c:/programdata/dspace/a8efd7e5-f405-47e4-9a8a-de544031d1f0/compiler/qnx650_520/host/win32/x86/usr/bin/../lib/gcc/powerpc-unknown-nto-qnx6.5.0/5.2.0/crtend.o

.gcc_except_table
 *(.gcc_except_table .gcc_except_table.*)
                0x00000000480490d8                . = (ALIGN (0x1000) - ((0x1000 - .) & 0xfff))
                0x000000004804a0d8                . = DATA_SEGMENT_ALIGN (0x1000, 0x1000)

.eh_frame
 *(.eh_frame)

.gcc_except_table
 *(.gcc_except_table .gcc_except_table.*)

.tdata
 *(.tdata .tdata.* .gnu.linkonce.td.*)

.tbss
 *(.tbss .tbss.* .gnu.linkonce.tb.*)
 *(.tcommon)

.preinit_array  0x000000004804a0d8        0x0
                0x000000004804a0d8                PROVIDE (__preinit_array_start, .)
 *(.preinit_array)
                0x000000004804a0d8                PROVIDE (__preinit_array_end, .)

.init_array     0x000000004804a0d8        0x0
                0x000000004804a0d8                PROVIDE (__init_array_start, .)
 *(SORT(.init_array.*))
 *(.init_array)
                0x000000004804a0d8                PROVIDE (__init_array_end, .)

.fini_array     0x000000004804a0d8        0x0
                0x000000004804a0d8                PROVIDE (__fini_array_start, .)
 *(.fini_array)
 *(SORT(.fini_array.*))
                0x000000004804a0d8                PROVIDE (__fini_array_end, .)

.ctors          0x000000004804a0d8        0x8
 *crtbegin.o(.ctors)
 .ctors         0x000000004804a0d8        0x4 c:/programdata/dspace/a8efd7e5-f405-47e4-9a8a-de544031d1f0/compiler/qnx650_520/host/win32/x86/usr/bin/../lib/gcc/powerpc-unknown-nto-qnx6.5.0/5.2.0/crtbegin.o
 *crtbegin?.o(.ctors)
 *(EXCLUDE_FILE(*crtend?.o *crtend.o) .ctors)
 *(SORT(.ctors.*))
 *(.ctors)
 .ctors         0x000000004804a0dc        0x4 c:/programdata/dspace/a8efd7e5-f405-47e4-9a8a-de544031d1f0/compiler/qnx650_520/host/win32/x86/usr/bin/../lib/gcc/powerpc-unknown-nto-qnx6.5.0/5.2.0/crtend.o

.dtors          0x000000004804a0e0        0x8
 *crtbegin.o(.dtors)
 .dtors         0x000000004804a0e0        0x4 c:/programdata/dspace/a8efd7e5-f405-47e4-9a8a-de544031d1f0/compiler/qnx650_520/host/win32/x86/usr/bin/../lib/gcc/powerpc-unknown-nto-qnx6.5.0/5.2.0/crtbegin.o
 *crtbegin?.o(.dtors)
 *(EXCLUDE_FILE(*crtend?.o *crtend.o) .dtors)
 *(SORT(.dtors.*))
 *(.dtors)
 .dtors         0x000000004804a0e4        0x4 c:/programdata/dspace/a8efd7e5-f405-47e4-9a8a-de544031d1f0/compiler/qnx650_520/host/win32/x86/usr/bin/../lib/gcc/powerpc-unknown-nto-qnx6.5.0/5.2.0/crtend.o
                0x000000004804a0e4                __DTOR_END__

.jcr            0x000000004804a0e8        0x4
 *(.jcr)
 .jcr           0x000000004804a0e8        0x0 c:/programdata/dspace/a8efd7e5-f405-47e4-9a8a-de544031d1f0/compiler/qnx650_520/host/win32/x86/usr/bin/../lib/gcc/powerpc-unknown-nto-qnx6.5.0/5.2.0/crtbegin.o
 .jcr           0x000000004804a0e8        0x4 c:/programdata/dspace/a8efd7e5-f405-47e4-9a8a-de544031d1f0/compiler/qnx650_520/host/win32/x86/usr/bin/../lib/gcc/powerpc-unknown-nto-qnx6.5.0/5.2.0/crtend.o

.data.rel.ro
 *(.data.rel.ro.local* .gnu.linkonce.d.rel.ro.local.*)
 *(.data.rel.ro* .gnu.linkonce.d.rel.ro.*)

.fixup
 *(.fixup)

.got1
 *(.got1)

.got2
 *(.got2)

.dynamic        0x000000004804a0ec      0x100
 *(.dynamic)
 .dynamic       0x000000004804a0ec      0x100 C:\ProgramData\dSPACE\A8EFD7E5-F405-47E4-9A8A-DE544031D1F0\Compiler\QNX650_520\target\qnx6/ppcbe/lib/crt1.o
                0x000000004804a0ec                _DYNAMIC

.got
 *(.got)
                0x000000004804a1ec                . = DATA_SEGMENT_RELRO_END (., 0x0)

.plt
 *(.plt)

.data           0x000000004804a1f0      0xab0
 *(.data .data.* .gnu.linkonce.d.*)
 .data          0x000000004804a1f0        0x0 C:\ProgramData\dSPACE\A8EFD7E5-F405-47E4-9A8A-DE544031D1F0\Compiler\QNX650_520\target\qnx6/ppcbe/lib/crt1.o
 .data          0x000000004804a1f0        0x0 C:\ProgramData\dSPACE\A8EFD7E5-F405-47E4-9A8A-DE544031D1F0\Compiler\QNX650_520\target\qnx6/ppcbe/lib/crti.o
 .data          0x000000004804a1f0        0x0 c:/programdata/dspace/a8efd7e5-f405-47e4-9a8a-de544031d1f0/compiler/qnx650_520/host/win32/x86/usr/bin/../lib/gcc/powerpc-unknown-nto-qnx6.5.0/5.2.0/crtbegin.o
 .data.rel.local
                0x000000004804a1f0        0x4 c:/programdata/dspace/a8efd7e5-f405-47e4-9a8a-de544031d1f0/compiler/qnx650_520/host/win32/x86/usr/bin/../lib/gcc/powerpc-unknown-nto-qnx6.5.0/5.2.0/crtbegin.o
                0x000000004804a1f0                __dso_handle
 .data          0x000000004804a1f4        0x0 PMSM_DemoBackup.o07
 *fill*         0x000000004804a1f4        0x4 
 .data          0x000000004804a1f8      0xa88 PMSM_DemoBackup_data.o07
                0x000000004804a1f8                PMSM_DemoBackup_P
 .data          0x000000004804ac80        0x0 PMSM_DemoBackup_trc_ptr.o07
 .data          0x000000004804ac80        0x0 rtGetInf.o07
 .data          0x000000004804ac80        0x0 rtGetNaN.o07
 .data          0x000000004804ac80        0x0 rt_nonfinite.o07
 .data          0x000000004804ac80        0x0 rt_zcfcn.o07
 .data          0x000000004804ac80       0x14 rti_sim_engine.o07
                0x000000004804ac80                simState
                0x000000004804ac90                lastSimState
 .data          0x000000004804ac94        0x0 rti_init_c.o07
 .data          0x000000004804ac94        0x0 rt_sim.o07
 .data          0x000000004804ac94        0x0 rti_assert.o07
 .data          0x000000004804ac94        0x0 C:\Program Files\DSPACE 2020B\dSPACE RCPHIL 2020-B\DS1202\Lib/librtversion.a(RtVersion.o)
 .data          0x000000004804ac94        0x0 C:\Program Files\DSPACE 2020B\dSPACE RCPHIL 2020-B\DS1202\Lib/librtglobals.a(DsEESPort.o)
 .data.rel      0x000000004804ac94        0xc C:\Program Files\DSPACE 2020B\dSPACE RCPHIL 2020-B\DS1202\Lib/librtglobals.a(DsEESPort.o)
                0x000000004804ac94                p_xilapi_eesport_errorswitching_uint32_T
                0x000000004804ac98                p_xilapi_eesport_erroractivated_uint32_T
                0x000000004804ac9c                p_xilapi_eesport_activeerrorset_uint32_T
 .data          0x000000004804aca0        0x0 C:\Program Files\DSPACE 2020B\dSPACE RCPHIL 2020-B\DS1202\Lib/libm_fastpow.a(w_pow.o)
 .data          0x000000004804aca0        0x0 C:\Program Files\DSPACE 2020B\dSPACE RCPHIL 2020-B\DS1202\Lib/libm_fastpow.a(e_pow.o)
 .data          0x000000004804aca0        0x0 C:\Program Files\DSPACE 2020B\dSPACE RCPHIL 2020-B\DS1202\Lib/libm_fastpow.a(s_scalbn.o)
 .data          0x000000004804aca0        0x0 c:/programdata/dspace/a8efd7e5-f405-47e4-9a8a-de544031d1f0/compiler/qnx650_520/host/win32/x86/usr/bin/../lib/gcc/powerpc-unknown-nto-qnx6.5.0/5.2.0/crtend.o
 .data          0x000000004804aca0        0x0 C:\ProgramData\dSPACE\A8EFD7E5-F405-47E4-9A8A-DE544031D1F0\Compiler\QNX650_520\target\qnx6/ppcbe/lib/crtn.o

.tm_clone_table
                0x000000004804aca0        0x0
 .tm_clone_table
                0x000000004804aca0        0x0 c:/programdata/dspace/a8efd7e5-f405-47e4-9a8a-de544031d1f0/compiler/qnx650_520/host/win32/x86/usr/bin/../lib/gcc/powerpc-unknown-nto-qnx6.5.0/5.2.0/crtbegin.o
 .tm_clone_table
                0x000000004804aca0        0x0 c:/programdata/dspace/a8efd7e5-f405-47e4-9a8a-de544031d1f0/compiler/qnx650_520/host/win32/x86/usr/bin/../lib/gcc/powerpc-unknown-nto-qnx6.5.0/5.2.0/crtend.o

.data1
 *(.data1)

.got            0x000000004804aca0       0x54
 *(.got)
 .got           0x000000004804aca0       0x54 C:\ProgramData\dSPACE\A8EFD7E5-F405-47E4-9A8A-DE544031D1F0\Compiler\QNX650_520\target\qnx6/ppcbe/lib/crt1.o
                0x000000004804ace8                _GLOBAL_OFFSET_TABLE_

.sdata          0x000000004804acf4        0x0
                0x0000000000008000                PROVIDE (_SDA_BASE_, 0x8000)
 *(.sdata .sdata.* .gnu.linkonce.s.*)
 .sdata         0x000000004804acf4        0x0 C:\ProgramData\dSPACE\A8EFD7E5-F405-47E4-9A8A-DE544031D1F0\Compiler\QNX650_520\target\qnx6/ppcbe/lib/crt1.o
                0x000000004804acf4                _edata = .
                [!provide]                        PROVIDE (edata, .)
                0x000000004804acf4                __bss_start = .

.sbss           0x000000004804acf4        0x0
                [!provide]                        PROVIDE (__sbss_start, .)
                [!provide]                        PROVIDE (___sbss_start, .)
 *(.dynsbss)
 .dynsbss       0x000000004804acf4        0x0 C:\ProgramData\dSPACE\A8EFD7E5-F405-47E4-9A8A-DE544031D1F0\Compiler\QNX650_520\target\qnx6/ppcbe/lib/crt1.o
 *(.sbss .sbss.* .gnu.linkonce.sb.*)
 *(.scommon)
                [!provide]                        PROVIDE (__sbss_end, .)
                [!provide]                        PROVIDE (___sbss_end, .)

.plt            0x000000004804acf4      0x720
 *(.plt)
 .plt           0x000000004804acf4      0x720 C:\ProgramData\dSPACE\A8EFD7E5-F405-47E4-9A8A-DE544031D1F0\Compiler\QNX650_520\target\qnx6/ppcbe/lib/crt1.o
                0x000000004804ad3c                DioCl1HallIn_setSigEdgePositions
                0x000000004804ad44                DioCl1EncoderIn_getIsIndexRaised
                0x000000004804ad4c                ts_reset
                0x000000004804ad54                __register_frame_info
                0x000000004804ad5c                msg_error_clear
                0x000000004804ad64                DioCl1MultiPwmOut_write
                0x000000004804ad6c                AdcCl1AnalogIn_read
                0x000000004804ad74                DioCl1EncoderIn_setGatedMode
                0x000000004804ad7c                dsrtt_set_current_time
                0x000000004804ad84                sqrt
                0x000000004804ad8c                DioCl1MultiPwmOut_setTriggerMode
                0x000000004804ad94                rtk_current_task_absolute_time_ptr_get
                0x000000004804ad9c                DsTimeSync_simstateRun
                0x000000004804ada4                DioCl1PwmOut_setPeriod
                0x000000004804adac                floor
                0x000000004804adb4                DioCl1MultiPwmOut_apply
                0x000000004804adbc                DioCl1HallIn_write
                0x000000004804adc4                DioCl1MultiPwmOut_setEventDownsample
                0x000000004804adcc                DioCl1HallIn_start
                0x000000004804add4                DioCl1PwmOut_setOutputHighZ
                0x000000004804addc                rtk_setup_temp_overrun_handling
                0x000000004804ade4                DioCl1DigOut_setChMaskOutData
                0x000000004804adec                SrtkIntBase_requestTaskMode
                0x000000004804adf4                rtk_reset_tasks
                0x000000004804adfc                DioCl1EncoderIn_setIndexMode
                0x000000004804ae04                Acu_setInputSensor
                0x000000004804ae0c                __cxa_finalize
                0x000000004804ae14                DioCl1HallIn_setReverseDirection
                0x000000004804ae1c                DioCl1MultiPwmOut_setDutyCycle
                0x000000004804ae24                Acu_getMotorSpeed
                0x000000004804ae2c                DioCl1MultiPwmOut_setSignalVoltage
                0x000000004804ae34                _init_array
                0x000000004804ae3c                rtk_set_task_type
                0x000000004804ae44                DsTimeSync_baserate
                0x000000004804ae4c                rtk_task_name_set
                0x000000004804ae54                DioCl1MultiPwmOut_setUpdateMode
                0x000000004804ae5c                Acu_setMotorPolePairCount
                0x000000004804ae64                DioCl1DigOut_setChMaskOutHighZ
                0x000000004804ae6c                dsrtt_script_service_post_computation
                0x000000004804ae74                rtk_create_task
                0x000000004804ae7c                msg_warning_printf
                0x000000004804ae84                DioCl1EncoderIn_setMaxPosition
                0x000000004804ae8c                DioCl1EncoderIn_setMinPosition
                0x000000004804ae94                DioCl1HallIn_getSensorSignals
                0x000000004804ae9c                DioCl1PwmOut_start
                0x000000004804aea4                msg_last_error_number
                0x000000004804aeac                AdcCl1AnalogIn_setConversTrigger
                0x000000004804aeb4                dsparam_copy_data_set
                0x000000004804aebc                SrtkPreload_preloadRegion
                0x000000004804aec4                Acu_read
                0x000000004804aecc                msg_error_set
                0x000000004804aed4                DioCl1MultiPwmOut_setTriggerLineOut
                0x000000004804aedc                rtk_enable_services
                0x000000004804aee4                SrtkDaq_Init
                0x000000004804aeec                Acu_getElecPosition
                0x000000004804aef4                DioCl1DigOut_setSignalVoltage
                0x000000004804aefc                rtk_task_task_calls_get
                0x000000004804af04                DsTimeSync_setCurrentTimePtr
                0x000000004804af0c                SrtkIntBase_enableIntGlobal
                0x000000004804af14                Acu_getIsElecPosValid
                0x000000004804af1c                AdcCl1AnalogIn_setConversionMode
                0x000000004804af24                rtk_overrun_flag_clear
                0x000000004804af2c                DioCl1MultiPwmOut_setAlignmentMode
                0x000000004804af34                DioCl1EncoderIn_getMechPosition
                0x000000004804af3c                rtk_bind_interrupt
                0x000000004804af44                DioCl1PwmOut_apply
                0x000000004804af4c                AdcCl1AnalogIn_apply
                0x000000004804af54                _init_libc
                0x000000004804af5c                DioCl1MultiPwmOut_setOutputHighZ
                0x000000004804af64                dsrtt_init
                0x000000004804af6c                DioCl1HallIn_getIsPositionValid
                0x000000004804af74                DioCl1EncoderIn_setMeasurementInterval
                0x000000004804af7c                DioCl1EncoderIn_read
                0x000000004804af84                DioCl1DigOut_write
                0x000000004804af8c                SrtkApp_terminate
                0x000000004804af94                DioCl1DigOut_start
                0x000000004804af9c                DioCl1PwmOut_setDutyCycle
                0x000000004804afa4                DioCl1MultiPwmOut_setEventDelay
                0x000000004804afac                msg_info_set
                0x000000004804afb4                DioCl1MultiPwmOut_setRisingEdgeDelay
                0x000000004804afbc                DioCl1EncoderIn_getMechVelocity
                0x000000004804afc4                SensorSupply_create
                0x000000004804afcc                DioCl1PwmOut_create
                0x000000004804afd4                dsrtt_script_service_pre_computation
                0x000000004804afdc                msg_error_printf
                0x000000004804afe4                AdcCl1AnalogIn_setTriggerLineIn
                0x000000004804afec                DioCl1EncoderIn_setEncPosition
                0x000000004804aff4                DioCl1EncoderIn_setIndexPosition
                0x000000004804affc                memset
                0x000000004804b004                DioCl1DigOut_create
                0x000000004804b00c                _Sin
                0x000000004804b014                DioCl1MultiPwmOut_setPeriod
                0x000000004804b01c                Acu_getCurrentInputSensorNo
                0x000000004804b024                rtk_leave_idle_mode
                0x000000004804b02c                DioCl1EncoderIn_create
                0x000000004804b034                DioCl1HallIn_apply
                0x000000004804b03c                fmod
                0x000000004804b044                Acu_apply
                0x000000004804b04c                __wrap_exit
                0x000000004804b054                DioCl1DigOut_apply
                0x000000004804b05c                __wrap_atexit
                0x000000004804b064                AdcCl1AnalogIn_start
                0x000000004804b06c                _fini_array
                0x000000004804b074                SensorSupply_setVoltage
                0x000000004804b07c                SrtkDaq_Background
                0x000000004804b084                _preinit_array
                0x000000004804b08c                SrtkApp_init
                0x000000004804b094                DioCl1PwmOut_setInvertingMode
                0x000000004804b09c                DioCl1MultiPwmOut_start
                0x000000004804b0a4                DioCl1EncoderIn_start
                0x000000004804b0ac                DioCl1MultiPwmOut_create
                0x000000004804b0b4                SrtkDaq_Service
                0x000000004804b0bc                Acu_start
                0x000000004804b0c4                rtk_task_task_name_get
                0x000000004804b0cc                SrtkSim_notifyStateTransition
                0x000000004804b0d4                AdcCl1AnalogIn_getSingleValue
                0x000000004804b0dc                DioCl1EncoderIn_apply
                0x000000004804b0e4                DioCl1EncoderIn_stop
                0x000000004804b0ec                Acu_create
                0x000000004804b0f4                DioCl1HallIn_read
                0x000000004804b0fc                msg_set
                0x000000004804b104                SensorSupply_apply
                0x000000004804b10c                DioCl1EncoderIn_setEncoderLines
                0x000000004804b114                DioCl1PwmOut_setSignalVoltage
                0x000000004804b11c                rtk_get_subentry
                0x000000004804b124                Acu_setSensorPolePairCount
                0x000000004804b12c                DioCl1PwmOut_write
                0x000000004804b134                dsrtt_set_step_size
                0x000000004804b13c                rtk_enter_idle_mode
                0x000000004804b144                DioCl1PwmOut_setUpdateMode
                0x000000004804b14c                rtk_initialize
                0x000000004804b154                DioCl1MultiPwmOut_setInterruptMode
                0x000000004804b15c                DioCl1MultiPwmOut_setInvertingMode
                0x000000004804b164                SensorSupply_setSensorState
                0x000000004804b16c                SensorSupply_start
                0x000000004804b174                SrtkApp_background
                0x000000004804b17c                rtk_default_overrun_fcn
                0x000000004804b184                DioCl1HallIn_getPosition
                0x000000004804b18c                AdcCl1AnalogIn_create
                0x000000004804b194                vcm_module_register
                0x000000004804b19c                DioCl1HallIn_create
                0x000000004804b1a4                DsTimeSync_simstateStop
                0x000000004804b1ac                SrtkIntBase_disableIntGlobal
                0x000000004804b1b4                DioCl1HallIn_setPositionOffset
                0x000000004804b1bc                SrtkSim_registerState
                0x000000004804b1c4                __deregister_frame_info

.bss            0x000000004804b418     0x10ac
 *(.dynbss)
 .dynbss        0x000000004804b418       0x14 C:\ProgramData\dSPACE\A8EFD7E5-F405-47E4-9A8A-DE544031D1F0\Compiler\QNX650_520\target\qnx6/ppcbe/lib/crt1.o
                0x000000004804b418                errno
                0x000000004804b420                dsts_sum_of_reseted_time
                0x000000004804b428                msg_last_error_no
 *(.bss .bss.* .gnu.linkonce.b.*)
 .bss           0x000000004804b42c        0x0 C:\ProgramData\dSPACE\A8EFD7E5-F405-47E4-9A8A-DE544031D1F0\Compiler\QNX650_520\target\qnx6/ppcbe/lib/crt1.o
 .bss           0x000000004804b42c        0x0 C:\ProgramData\dSPACE\A8EFD7E5-F405-47E4-9A8A-DE544031D1F0\Compiler\QNX650_520\target\qnx6/ppcbe/lib/crti.o
 .bss           0x000000004804b42c       0x20 c:/programdata/dspace/a8efd7e5-f405-47e4-9a8a-de544031d1f0/compiler/qnx650_520/host/win32/x86/usr/bin/../lib/gcc/powerpc-unknown-nto-qnx6.5.0/5.2.0/crtbegin.o
 *fill*         0x000000004804b44c        0x4 
 .bss           0x000000004804b450      0xf20 PMSM_DemoBackup.o07
                0x000000004804b450                PMSM_DemoBackup_DW
                0x000000004804b5d8                PMSM_DemoBackup_B
                0x000000004804c228                PMSM_DemoBackup_PrevZCX
                0x000000004804c230                PMSM_DemoBackup_M_
 .bss           0x000000004804c370        0x0 PMSM_DemoBackup_data.o07
 .bss           0x000000004804c370       0x70 PMSM_DemoBackup_trc_ptr.o07
                0x000000004804c370                p_0_PMSM_DemoBackup_real_T_0
                0x000000004804c374                p_0_PMSM_DemoBackup_uint32_T_1
                0x000000004804c378                p_0_PMSM_DemoBackup_int32_T_2
                0x000000004804c37c                p_0_PMSM_DemoBackup_int16_T_3
                0x000000004804c380                p_0_PMSM_DemoBackup_uint8_T_4
                0x000000004804c384                p_0_PMSM_DemoBackup_boolean_T_5
                0x000000004804c388                p_1_PMSM_DemoBackup_real_T_0
                0x000000004804c38c                p_1_PMSM_DemoBackup_struct_SPJi1DXfNcjd7Ee0UF7vjC_1
                0x000000004804c390                p_1_PMSM_DemoBackup_struct_SPJi1DXfNcjd7Ee0UF7vjC_2
                0x000000004804c394                p_1_PMSM_DemoBackup_struct_SPJi1DXfNcjd7Ee0UF7vjC_3
                0x000000004804c398                p_1_PMSM_DemoBackup_struct_SPJi1DXfNcjd7Ee0UF7vjC_4
                0x000000004804c39c                p_1_PMSM_DemoBackup_struct_SPJi1DXfNcjd7Ee0UF7vjC_5
                0x000000004804c3a0                p_1_PMSM_DemoBackup_struct_SPJi1DXfNcjd7Ee0UF7vjC_6
                0x000000004804c3a4                p_1_PMSM_DemoBackup_struct_SPJi1DXfNcjd7Ee0UF7vjC_7
                0x000000004804c3a8                p_1_PMSM_DemoBackup_struct_SPJi1DXfNcjd7Ee0UF7vjC_8
                0x000000004804c3ac                p_1_PMSM_DemoBackup_struct_SPJi1DXfNcjd7Ee0UF7vjC_9
                0x000000004804c3b0                p_1_PMSM_DemoBackup_struct_SPJi1DXfNcjd7Ee0UF7vjC_10
                0x000000004804c3b4                p_1_PMSM_DemoBackup_struct_SPJi1DXfNcjd7Ee0UF7vjC_11
                0x000000004804c3b8                p_1_PMSM_DemoBackup_struct_SPJi1DXfNcjd7Ee0UF7vjC_12
                0x000000004804c3bc                p_1_PMSM_DemoBackup_uint8_T_13
                0x000000004804c3c0                p_1_PMSM_DemoBackup_real_T_14
                0x000000004804c3c4                p_1_PMSM_DemoBackup_uint32_T_15
                0x000000004804c3c8                p_1_PMSM_DemoBackup_int16_T_16
                0x000000004804c3cc                p_1_PMSM_DemoBackup_uint8_T_17
                0x000000004804c3d0                p_2_PMSM_DemoBackup_real_T_0
                0x000000004804c3d4                p_2_PMSM_DemoBackup_int_T_1
                0x000000004804c3d8                p_2_PMSM_DemoBackup_uint8_T_2
                0x000000004804c3dc                p_2_PMSM_DemoBackup_int8_T_3
 .bss           0x000000004804c3e0        0x0 rtGetInf.o07
 .bss           0x000000004804c3e0        0x0 rtGetNaN.o07
 .bss           0x000000004804c3e0       0x2c rt_nonfinite.o07
                0x000000004804c3e0                rtNaN
                0x000000004804c3e8                rtNaNF
                0x000000004804c3f0                rtInf
                0x000000004804c3f8                rtInfF
                0x000000004804c400                rtMinusInf
                0x000000004804c408                rtMinusInfF
 .bss           0x000000004804c40c        0x0 rt_zcfcn.o07
 *fill*         0x000000004804c40c        0x4 
 .bss           0x000000004804c410       0x9c rti_sim_engine.o07
                0x000000004804c410                currentTime
                0x000000004804c414                finalTime
                0x000000004804c418                modelStepSize
                0x000000004804c420                pRTIEmcEncoder_Unit_1_DioCl_1_Port_1_Ch4
                0x000000004804c424                pEmcHall_Unit1_DioCl1_Port1_Ch1
                0x000000004804c428                pRTIEmcMultiPwmOut_Port_1_Ch_7
                0x000000004804c42c                pRTIDioC1PwmOut_Port_1_Ch_13
                0x000000004804c430                pRTIDioC1DigOut_Port_1_Ch_15
                0x000000004804c434                taskMode
                0x000000004804c438                pRTIAdcC1AnalogIn_Ch_1
                0x000000004804c43c                pRTIAdcC1AnalogIn_Ch_5
                0x000000004804c440                pRTIAdcC1AnalogIn_Ch_7
                0x000000004804c444                pRTIAdcC1AnalogIn_Ch_3
                0x000000004804c448                pRTIAdcC1AnalogIn_Ch_2
                0x000000004804c44c                pRTIAdcC1AnalogIn_Ch_4
                0x000000004804c450                pRTIAdcC1AnalogIn_Ch_6
                0x000000004804c454                pRTIAdcC1AnalogIn_Ch_8
                0x000000004804c458                pRTI_Sensor_Supply
                0x000000004804c45c                pRTIEmcAcu_Unit_1
                0x000000004804c460                pRti_TIMERA_STime
                0x000000004804c464                pRti_TIMERA_TTime
                0x000000004804c468                pRti_TIMERA_TState
                0x000000004804c46c                pRti_TIMERA_OType
                0x000000004804c470                pRti_TIMERA_OMax
                0x000000004804c474                pRti_TIMERA_ORpt
                0x000000004804c478                pRti_TIMERA_OCnt
                0x000000004804c47c                pRti_TIMERA_TCnt
                0x000000004804c480                pRti_TIMERA_Prio
                0x000000004804c488                pRti_120XDIOCL1MCPWM_MID_OF_PERIODP1Ch7_TTime
                0x000000004804c48c                pRti_120XDIOCL1MCPWM_MID_OF_PERIODP1Ch7_TState
                0x000000004804c490                pRti_120XDIOCL1MCPWM_MID_OF_PERIODP1Ch7_OType
                0x000000004804c494                pRti_120XDIOCL1MCPWM_MID_OF_PERIODP1Ch7_OMax
                0x000000004804c498                pRti_120XDIOCL1MCPWM_MID_OF_PERIODP1Ch7_ORpt
                0x000000004804c49c                pRti_120XDIOCL1MCPWM_MID_OF_PERIODP1Ch7_OCnt
                0x000000004804c4a0                pRti_120XDIOCL1MCPWM_MID_OF_PERIODP1Ch7_TCnt
                0x000000004804c4a4                pRti_120XDIOCL1MCPWM_MID_OF_PERIODP1Ch7_Prio
                0x000000004804c4a8                rtiAssertionMode
 .bss           0x000000004804c4ac        0x4 rti_init_c.o07
 .bss           0x000000004804c4b0        0x0 rt_sim.o07
 .bss           0x000000004804c4b0        0x0 rti_assert.o07
 .bss           0x000000004804c4b0        0x0 C:\Program Files\DSPACE 2020B\dSPACE RCPHIL 2020-B\DS1202\Lib/librtversion.a(RtVersion.o)
 .bss           0x000000004804c4b0       0x14 C:\Program Files\DSPACE 2020B\dSPACE RCPHIL 2020-B\DS1202\Lib/librtglobals.a(DsEESPort.o)
                0x000000004804c4b0                xilapi_eesport_trigger_uint32_T
                0x000000004804c4b4                xilapi_eesport_flags_uint32_T
                0x000000004804c4b8                xilapi_eesport_errorswitching_uint32_T
                0x000000004804c4bc                xilapi_eesport_erroractivated_uint32_T
                0x000000004804c4c0                xilapi_eesport_activeerrorset_uint32_T
 .bss           0x000000004804c4c4        0x0 C:\Program Files\DSPACE 2020B\dSPACE RCPHIL 2020-B\DS1202\Lib/libm_fastpow.a(w_pow.o)
 .bss           0x000000004804c4c4        0x0 C:\Program Files\DSPACE 2020B\dSPACE RCPHIL 2020-B\DS1202\Lib/libm_fastpow.a(e_pow.o)
 .bss           0x000000004804c4c4        0x0 C:\Program Files\DSPACE 2020B\dSPACE RCPHIL 2020-B\DS1202\Lib/libm_fastpow.a(s_scalbn.o)
 .bss           0x000000004804c4c4        0x0 c:/programdata/dspace/a8efd7e5-f405-47e4-9a8a-de544031d1f0/compiler/qnx650_520/host/win32/x86/usr/bin/../lib/gcc/powerpc-unknown-nto-qnx6.5.0/5.2.0/crtend.o
 .bss           0x000000004804c4c4        0x0 C:\ProgramData\dSPACE\A8EFD7E5-F405-47E4-9A8A-DE544031D1F0\Compiler\QNX650_520\target\qnx6/ppcbe/lib/crtn.o
 *(COMMON)
                0x000000004804c4c4                . = ALIGN ((. != 0x0)?0x4:0x1)

.iplt           0x000000004804c4d0        0x0
 .iplt          0x000000004804c4d0        0x0 C:\ProgramData\dSPACE\A8EFD7E5-F405-47E4-9A8A-DE544031D1F0\Compiler\QNX650_520\target\qnx6/ppcbe/lib/crt1.o
                0x000000004804c4d0                . = ALIGN (0x4)
                0x000000004804c4d0                . = ALIGN (0x4)
                0x000000004804c4d0                __end = .
                0x000000004804c4d0                _end = .
                [!provide]                        PROVIDE (end, .)
                0x000000004804c4d0                . = DATA_SEGMENT_END (.)

.stab
 *(.stab)

.stabstr
 *(.stabstr)

.stab.excl
 *(.stab.excl)

.stab.exclstr
 *(.stab.exclstr)

.stab.index
 *(.stab.index)

.stab.indexstr
 *(.stab.indexstr)

.comment        0x0000000000000000       0x47
 *(.comment)
 .comment       0x0000000000000000       0x11 c:/programdata/dspace/a8efd7e5-f405-47e4-9a8a-de544031d1f0/compiler/qnx650_520/host/win32/x86/usr/bin/../lib/gcc/powerpc-unknown-nto-qnx6.5.0/5.2.0/crtbegin.o
                                         0x12 (size before relaxing)
 .comment       0x0000000000000011       0x12 PMSM_DemoBackup.o07
 .comment       0x0000000000000011       0x12 PMSM_DemoBackup_data.o07
 .comment       0x0000000000000011       0x12 PMSM_DemoBackup_trc_ptr.o07
 .comment       0x0000000000000011       0x12 rtGetInf.o07
 .comment       0x0000000000000011       0x12 rtGetNaN.o07
 .comment       0x0000000000000011       0x12 rt_nonfinite.o07
 .comment       0x0000000000000011       0x12 rt_zcfcn.o07
 .comment       0x0000000000000011       0x12 rti_sim_engine.o07
 .comment       0x0000000000000011       0x12 rti_init_c.o07
 .comment       0x0000000000000011       0x12 rt_sim.o07
 .comment       0x0000000000000011       0x12 rti_assert.o07
 .comment       0x0000000000000011       0x12 C:\Program Files\DSPACE 2020B\dSPACE RCPHIL 2020-B\DS1202\Lib/librtversion.a(RtVersion.o)
 .comment       0x0000000000000011       0x12 C:\Program Files\DSPACE 2020B\dSPACE RCPHIL 2020-B\DS1202\Lib/librtglobals.a(DsEESPort.o)
 .comment       0x0000000000000011       0x12 C:\Program Files\DSPACE 2020B\dSPACE RCPHIL 2020-B\DS1202\Lib/libm_fastpow.a(w_pow.o)
 .comment       0x0000000000000023       0x12 C:\Program Files\DSPACE 2020B\dSPACE RCPHIL 2020-B\DS1202\Lib/libm_fastpow.a(e_pow.o)
 .comment       0x0000000000000035       0x12 C:\Program Files\DSPACE 2020B\dSPACE RCPHIL 2020-B\DS1202\Lib/libm_fastpow.a(s_scalbn.o)
 .comment       0x0000000000000047       0x12 c:/programdata/dspace/a8efd7e5-f405-47e4-9a8a-de544031d1f0/compiler/qnx650_520/host/win32/x86/usr/bin/../lib/gcc/powerpc-unknown-nto-qnx6.5.0/5.2.0/crtend.o

.PPC.EMB.apuinfo
                0x0000000000000000       0x18
 .PPC.EMB.apuinfo
                0x0000000000000000       0x18 PMSM_DemoBackup.o07
 .PPC.EMB.apuinfo
                0x0000000000000018       0x18 rt_nonfinite.o07
 .PPC.EMB.apuinfo
                0x0000000000000030       0x18 rt_zcfcn.o07
 .PPC.EMB.apuinfo
                0x0000000000000048       0x18 rti_sim_engine.o07

.debug
 *(.debug)

.line
 *(.line)

.debug_srcinfo
 *(.debug_srcinfo)

.debug_sfnames
 *(.debug_sfnames)

.debug_aranges
 *(.debug_aranges)

.debug_pubnames
 *(.debug_pubnames)

.debug_info
 *(.debug_info .gnu.linkonce.wi.*)

.debug_abbrev
 *(.debug_abbrev)

.debug_line
 *(.debug_line)

.debug_frame
 *(.debug_frame)

.debug_str
 *(.debug_str)

.debug_loc
 *(.debug_loc)

.debug_macinfo
 *(.debug_macinfo)

.debug_weaknames
 *(.debug_weaknames)

.debug_funcnames
 *(.debug_funcnames)

.debug_typenames
 *(.debug_typenames)

.debug_varnames
 *(.debug_varnames)

.debug_pubtypes
 *(.debug_pubtypes)

.debug_ranges
 *(.debug_ranges)

.gnu.attributes
                0x0000000000000000       0x14
 *(.gnu.attributes)
 .gnu.attributes
                0x0000000000000000       0x10 PMSM_DemoBackup.o07
 .gnu.attributes
                0x0000000000000010       0x10 rtGetInf.o07
 .gnu.attributes
                0x0000000000000020       0x10 rtGetNaN.o07
 .gnu.attributes
                0x0000000000000030       0x10 rt_nonfinite.o07
 .gnu.attributes
                0x0000000000000040       0x10 rt_zcfcn.o07
 .gnu.attributes
                0x0000000000000050       0x10 rti_sim_engine.o07
 .gnu.attributes
                0x0000000000000060       0x10 rt_sim.o07
 .gnu.attributes
                0x0000000000000070       0x10 rti_assert.o07
 .gnu.attributes
                0x0000000000000080       0x14 C:\Program Files\DSPACE 2020B\dSPACE RCPHIL 2020-B\DS1202\Lib/libm_fastpow.a(w_pow.o)
 .gnu.attributes
                0x0000000000000094       0x14 C:\Program Files\DSPACE 2020B\dSPACE RCPHIL 2020-B\DS1202\Lib/libm_fastpow.a(e_pow.o)
 .gnu.attributes
                0x00000000000000a8       0x14 C:\Program Files\DSPACE 2020B\dSPACE RCPHIL 2020-B\DS1202\Lib/libm_fastpow.a(s_scalbn.o)

/DISCARD/
 *(.note.GNU-stack)
 *(.gnu_debuglink)
OUTPUT(PMSM_DemoBackup.ppc elf32-powerpc)
